Archive member included to satisfy reference by file (symbol)

c:/gcc-arm-none-eabi-10.3-2021.10/bin/../lib/gcc/arm-none-eabi/10.3.1/../../../../arm-none-eabi/lib/thumb/v7e-m/nofp\libstdc++.a(del_ops.o)
                              Libraries/FEHIO.o (operator delete(void*, unsigned int))
c:/gcc-arm-none-eabi-10.3-2021.10/bin/../lib/gcc/arm-none-eabi/10.3.1/../../../../arm-none-eabi/lib/thumb/v7e-m/nofp\libstdc++.a(new_op.o)
                              Libraries/FEHIO.o (operator new(unsigned int))
c:/gcc-arm-none-eabi-10.3-2021.10/bin/../lib/gcc/arm-none-eabi/10.3.1/../../../../arm-none-eabi/lib/thumb/v7e-m/nofp\libstdc++.a(bad_alloc.o)
                              c:/gcc-arm-none-eabi-10.3-2021.10/bin/../lib/gcc/arm-none-eabi/10.3.1/../../../../arm-none-eabi/lib/thumb/v7e-m/nofp\libstdc++.a(new_op.o) (std::bad_alloc::~bad_alloc())
c:/gcc-arm-none-eabi-10.3-2021.10/bin/../lib/gcc/arm-none-eabi/10.3.1/../../../../arm-none-eabi/lib/thumb/v7e-m/nofp\libstdc++.a(del_op.o)
                              c:/gcc-arm-none-eabi-10.3-2021.10/bin/../lib/gcc/arm-none-eabi/10.3.1/../../../../arm-none-eabi/lib/thumb/v7e-m/nofp\libstdc++.a(del_ops.o) (operator delete(void*))
c:/gcc-arm-none-eabi-10.3-2021.10/bin/../lib/gcc/arm-none-eabi/10.3.1/../../../../arm-none-eabi/lib/thumb/v7e-m/nofp\libstdc++.a(eh_alloc.o)
                              c:/gcc-arm-none-eabi-10.3-2021.10/bin/../lib/gcc/arm-none-eabi/10.3.1/../../../../arm-none-eabi/lib/thumb/v7e-m/nofp\libstdc++.a(new_op.o) (__cxa_allocate_exception)
c:/gcc-arm-none-eabi-10.3-2021.10/bin/../lib/gcc/arm-none-eabi/10.3.1/../../../../arm-none-eabi/lib/thumb/v7e-m/nofp\libstdc++.a(eh_exception.o)
                              c:/gcc-arm-none-eabi-10.3-2021.10/bin/../lib/gcc/arm-none-eabi/10.3.1/../../../../arm-none-eabi/lib/thumb/v7e-m/nofp\libstdc++.a(bad_alloc.o) (std::exception::~exception())
c:/gcc-arm-none-eabi-10.3-2021.10/bin/../lib/gcc/arm-none-eabi/10.3.1/../../../../arm-none-eabi/lib/thumb/v7e-m/nofp\libstdc++.a(eh_terminate.o)
                              c:/gcc-arm-none-eabi-10.3-2021.10/bin/../lib/gcc/arm-none-eabi/10.3.1/../../../../arm-none-eabi/lib/thumb/v7e-m/nofp\libstdc++.a(eh_alloc.o) (std::terminate())
c:/gcc-arm-none-eabi-10.3-2021.10/bin/../lib/gcc/arm-none-eabi/10.3.1/../../../../arm-none-eabi/lib/thumb/v7e-m/nofp\libstdc++.a(eh_throw.o)
                              c:/gcc-arm-none-eabi-10.3-2021.10/bin/../lib/gcc/arm-none-eabi/10.3.1/../../../../arm-none-eabi/lib/thumb/v7e-m/nofp\libstdc++.a(new_op.o) (__cxa_throw)
c:/gcc-arm-none-eabi-10.3-2021.10/bin/../lib/gcc/arm-none-eabi/10.3.1/../../../../arm-none-eabi/lib/thumb/v7e-m/nofp\libstdc++.a(eh_unex_handler.o)
                              c:/gcc-arm-none-eabi-10.3-2021.10/bin/../lib/gcc/arm-none-eabi/10.3.1/../../../../arm-none-eabi/lib/thumb/v7e-m/nofp\libstdc++.a(eh_terminate.o) (__cxxabiv1::__unexpected_handler)
c:/gcc-arm-none-eabi-10.3-2021.10/bin/../lib/gcc/arm-none-eabi/10.3.1/../../../../arm-none-eabi/lib/thumb/v7e-m/nofp\libstdc++.a(new_handler.o)
                              c:/gcc-arm-none-eabi-10.3-2021.10/bin/../lib/gcc/arm-none-eabi/10.3.1/../../../../arm-none-eabi/lib/thumb/v7e-m/nofp\libstdc++.a(new_op.o) (std::get_new_handler())
c:/gcc-arm-none-eabi-10.3-2021.10/bin/../lib/gcc/arm-none-eabi/10.3.1/../../../../arm-none-eabi/lib/thumb/v7e-m/nofp\libstdc++.a(pure.o)
                              c:/gcc-arm-none-eabi-10.3-2021.10/bin/../lib/gcc/arm-none-eabi/10.3.1/../../../../arm-none-eabi/lib/thumb/v7e-m/nofp\libstdc++.a(eh_exception.o) (__cxa_pure_virtual)
c:/gcc-arm-none-eabi-10.3-2021.10/bin/../lib/gcc/arm-none-eabi/10.3.1/../../../../arm-none-eabi/lib/thumb/v7e-m/nofp\libstdc++.a(si_class_type_info.o)
                              c:/gcc-arm-none-eabi-10.3-2021.10/bin/../lib/gcc/arm-none-eabi/10.3.1/../../../../arm-none-eabi/lib/thumb/v7e-m/nofp\libstdc++.a(bad_alloc.o) (vtable for __cxxabiv1::__si_class_type_info)
c:/gcc-arm-none-eabi-10.3-2021.10/bin/../lib/gcc/arm-none-eabi/10.3.1/../../../../arm-none-eabi/lib/thumb/v7e-m/nofp\libstdc++.a(tinfo.o)
                              c:/gcc-arm-none-eabi-10.3-2021.10/bin/../lib/gcc/arm-none-eabi/10.3.1/../../../../arm-none-eabi/lib/thumb/v7e-m/nofp\libstdc++.a(si_class_type_info.o) (std::type_info::__is_pointer_p() const)
c:/gcc-arm-none-eabi-10.3-2021.10/bin/../lib/gcc/arm-none-eabi/10.3.1/../../../../arm-none-eabi/lib/thumb/v7e-m/nofp\libstdc++.a(vterminate.o)
                              c:/gcc-arm-none-eabi-10.3-2021.10/bin/../lib/gcc/arm-none-eabi/10.3.1/../../../../arm-none-eabi/lib/thumb/v7e-m/nofp\libstdc++.a(eh_terminate.o) (__gnu_cxx::__verbose_terminate_handler())
c:/gcc-arm-none-eabi-10.3-2021.10/bin/../lib/gcc/arm-none-eabi/10.3.1/../../../../arm-none-eabi/lib/thumb/v7e-m/nofp\libstdc++.a(class_type_info.o)
[...]
Memory Configuration

Name             Origin             Length             Attributes
PROGRAM_FLASH    0x0000c000         0x00073c00         xr
SRAM_UPPER       0x20000000         0x00010000         xrw
SRAM_LOWER       0x1fff0000         0x00010000         xrw
*default*        0x00000000         0xffffffff

Linker script and memory map

LOAD c:/gcc-arm-none-eabi-10.3-2021.10/bin/../lib/gcc/arm-none-eabi/10.3.1/thumb/v7e-m/nofp/crti.o
LOAD c:/gcc-arm-none-eabi-10.3-2021.10/bin/../lib/gcc/arm-none-eabi/10.3.1/thumb/v7e-m/nofp/crtbegin.o
LOAD c:/gcc-arm-none-eabi-10.3-2021.10/bin/../lib/gcc/arm-none-eabi/10.3.1/../../../../arm-none-eabi/lib/thumb/v7e-m/nofp/crt0.o
LOAD ../main.o
LOAD ../light_checks.o
LOAD ../line_follow.o
LOAD ../corrections.o
LOAD ../robot_movement.o
LOAD Startup/startup_mk60d10.o
LOAD Libraries/FEHMotor.o
LOAD Drivers/mcg.o
LOAD Drivers/i2c.o
LOAD Drivers/spi.o
LOAD Drivers/uart.o
LOAD Drivers/ff.o
LOAD Drivers/SDHC.o
LOAD Drivers/lptmr.o
LOAD FEHProteus.o
LOAD Drivers/FEHPropeller.o
LOAD Libraries/FEHUtility.o
LOAD Libraries/FEHIO.o
LOAD Drivers/adc16.o
LOAD Libraries/FEHBuzzer.o
LOAD Libraries/FEHServo.o
LOAD Libraries/FEHLCD.o
LOAD Libraries/FEHAccel.o
LOAD Libraries/FEHBattery.o
LOAD Drivers/FEHXBee.o
LOAD Libraries/FEHRPS.o
LOAD Libraries/FEHSD.o
LOAD Libraries/FEHRandom.o
LOAD c:/gcc-arm-none-eabi-10.3-2021.10/bin/../lib/gcc/arm-none-eabi/10.3.1/../../../../arm-none-eabi/lib/thumb/v7e-m/nofp\libstdc++.a
LOAD c:/gcc-arm-none-eabi-10.3-2021.10/bin/../lib/gcc/arm-none-eabi/10.3.1/../../../../arm-none-eabi/lib/thumb/v7e-m/nofp\libm.a
START GROUP
LOAD c:/gcc-arm-none-eabi-10.3-2021.10/bin/../lib/gcc/arm-none-eabi/10.3.1/thumb/v7e-m/nofp\libgcc.a
LOAD c:/gcc-arm-none-eabi-10.3-2021.10/bin/../lib/gcc/arm-none-eabi/10.3.1/../../../../arm-none-eabi/lib/thumb/v7e-m/nofp\libg.a
LOAD c:/gcc-arm-none-eabi-10.3-2021.10/bin/../lib/gcc/arm-none-eabi/10.3.1/../../../../arm-none-eabi/lib/thumb/v7e-m/nofp\libc.a
END GROUP
START GROUP
LOAD c:/gcc-arm-none-eabi-10.3-2021.10/bin/../lib/gcc/arm-none-eabi/10.3.1/thumb/v7e-m/nofp\libgcc.a
LOAD c:/gcc-arm-none-eabi-10.3-2021.10/bin/../lib/gcc/arm-none-eabi/10.3.1/../../../../arm-none-eabi/lib/thumb/v7e-m/nofp\libc.a
LOAD c:/gcc-arm-none-eabi-10.3-2021.10/bin/../lib/gcc/arm-none-eabi/10.3.1/../../../../arm-none-eabi/lib/thumb/v7e-m/nofp\libnosys.a
END GROUP
LOAD c:/gcc-arm-none-eabi-10.3-2021.10/bin/../lib/gcc/arm-none-eabi/10.3.1/thumb/v7e-m/nofp/crtend.o
LOAD c:/gcc-arm-none-eabi-10.3-2021.10/bin/../lib/gcc/arm-none-eabi/10.3.1/thumb/v7e-m/nofp/crtn.o
                0x0000c000                __base_PROGRAM_FLASH = 0xc000
                0x0000c000                __base_Flash = 0xc000
                0x0007fc00                __top_PROGRAM_FLASH = 0x7fc00
                0x0007fc00                __top_Flash = 0x7fc00
                0x20000000                __base_SRAM_UPPER = 0x20000000
                0x20000000                __base_RAM = 0x20000000
                0x20010000                __top_SRAM_UPPER = 0x20010000
                0x20010000                __top_RAM = 0x20010000
                0x1fff0000                __base_SRAM_LOWER = 0x1fff0000
                0x1fff0000                __base_RAM2 = 0x1fff0000
                0x20000000                __top_SRAM_LOWER = 0x20000000
                0x20000000                __top_RAM2 = 0x20000000

.text           0x0000c000      0x410
 FILL mask 0xff
                0x0000c000                __vectors_start__ = ABSOLUTE (.)
 *(.isr_vector)
 .isr_vector    0x0000c000      0x1bc Startup/startup_mk60d10.o
                0x0000c000                g_pfnVectors
                0x0000c000                __Vectors
                0x0000c1bc                . = ALIGN (0x4)
                0x0000c1bc                __section_table_start = .
                0x0000c1bc                __data_section_table = .
                0x0000c1bc        0x4 LONG 0x1bf6c LOADADDR (.data)
                0x0000c1c0        0x4 LONG 0x20000000 ADDR (.data)
                0x0000c1c4        0x4 LONG 0x16c8 SIZEOF (.data)
                0x0000c1c8        0x4 LONG 0x1bf6c LOADADDR (.data_RAM2)
                0x0000c1cc        0x4 LONG 0x1fff0000 ADDR (.data_RAM2)
                0x0000c1d0        0x4 LONG 0x0 SIZEOF (.data_RAM2)
                0x0000c1d4                __data_section_table_end = .
                0x0000c1d4                __bss_section_table = .
                0x0000c1d4        0x4 LONG 0x200016c8 ADDR (.bss)
                0x0000c1d8        0x4 LONG 0x478 SIZEOF (.bss)
                0x0000c1dc        0x4 LONG 0x1fff0000 ADDR (.bss_RAM2)
                0x0000c1e0        0x4 LONG 0x0 SIZEOF (.bss_RAM2)
                0x0000c1e4                __bss_section_table_end = .
                0x0000c1e4                __section_table_end = .
 *(.after_vectors*)
 .after_vectors.init_data
                0x0000c1e4       0x42 Startup/startup_mk60d10.o
                0x0000c1e4                data_init(unsigned int, unsigned int, unsigned int)
 .after_vectors.init_bss
                0x0000c226       0x36 Startup/startup_mk60d10.o
                0x0000c226                bss_init(unsigned int, unsigned int)
 .after_vectors.reset
                0x0000c25c       0xb4 Startup/startup_mk60d10.o
                0x0000c25c                ResetISR
 .after_vectors
                0x0000c310       0x3c Startup/startup_mk60d10.o
                0x0000c310                NMI_Handler
                0x0000c316                HardFault_Handler
                0x0000c31c                MemManage_Handler
                0x0000c322                BusFault_Handler
                0x0000c328                UsageFault_Handler
                0x0000c32e                SVC_Handler
                0x0000c334                DebugMon_Handler
                0x0000c33a                PendSV_Handler
                0x0000c340                SysTick_Handler
                0x0000c346                DMA_Error_DriverIRQHandler
                0x0000c346                LPTMR0_DriverIRQHandler
                0x0000c346                FTM1_DriverIRQHandler
                0x0000c346                FTM2_DriverIRQHandler
                0x0000c346                PIT2_DriverIRQHandler
                0x0000c346                SDHC_DriverIRQHandler
                0x0000c346                I2S0_Tx_DriverIRQHandler
                0x0000c346                TSI0_DriverIRQHandler
                0x0000c346                RTC_Seconds_DriverIRQHandler
                0x0000c346                Reserved109_DriverIRQHandler
                0x0000c346                DMA6_DriverIRQHandler
                0x0000c346                LLWU_DriverIRQHandler
                0x0000c346                MCM_DriverIRQHandler
                0x0000c346                MCG_DriverIRQHandler
                0x0000c346                ENET_1588_Timer_DriverIRQHandler
                0x0000c346                DAC1_DriverIRQHandler
                0x0000c346                SPI1_DriverIRQHandler
                0x0000c346                CMP1_DriverIRQHandler
                0x0000c346                UART5_RX_TX_DriverIRQHandler
                0x0000c346                FTM0_DriverIRQHandler
                0x0000c346                IntDefaultHandler
                0x0000c346                USB0_DriverIRQHandler
                0x0000c346                UART5_ERR_DriverIRQHandler
                0x0000c346                DMA11_DriverIRQHandler
                0x0000c346                DAC0_DriverIRQHandler
                0x0000c346                DMA10_DriverIRQHandler
                0x0000c346                CMP2_DriverIRQHandler
                0x0000c346                UART2_ERR_DriverIRQHandler
                0x0000c346                SPI2_DriverIRQHandler
                0x0000c346                LVD_LVW_DriverIRQHandler
                0x0000c346                RNG_DriverIRQHandler
                0x0000c346                DMA12_DriverIRQHandler
                0x0000c346                DMA4_DriverIRQHandler
                0x0000c346                UART2_RX_TX_DriverIRQHandler
                0x0000c346                USBDCD_DriverIRQHandler
                0x0000c346                UART3_ERR_DriverIRQHandler
                0x0000c346                DMA3_DriverIRQHandler
                0x0000c346                DMA8_DriverIRQHandler
                0x0000c346                DMA9_DriverIRQHandler
                0x0000c346                UART0_ERR_DriverIRQHandler
                0x0000c346                CMT_DriverIRQHandler
                0x0000c346                ADC1_DriverIRQHandler
                0x0000c346                DMA14_DriverIRQHandler
                0x0000c346                PIT3_DriverIRQHandler
                0x0000c346                PIT1_DriverIRQHandler
                0x0000c346                WDOG_EWM_DriverIRQHandler
                0x0000c346                PDB0_DriverIRQHandler
                0x0000c346                Reserved95_DriverIRQHandler
                0x0000c346                RTC_DriverIRQHandler
                0x0000c346                I2S0_Rx_DriverIRQHandler
                0x0000c346                Read_Collision_DriverIRQHandler
                0x0000c346                SWI_DriverIRQHandler
                0x0000c346                UART4_RX_TX_DriverIRQHandler
                0x0000c346                UART4_ERR_DriverIRQHandler
                0x0000c346                DMA0_DriverIRQHandler
                0x0000c346                UART0_LON_DriverIRQHandler
                0x0000c346                Reserved102_DriverIRQHandler
                0x0000c346                DMA1_DriverIRQHandler
                0x0000c346                I2C1_DriverIRQHandler
                0x0000c346                UART3_RX_TX_DriverIRQHandler
                0x0000c346                ENET_Receive_DriverIRQHandler
                0x0000c346                DMA13_DriverIRQHandler
                0x0000c346                ENET_Error_DriverIRQHandler
                0x0000c346                DMA15_DriverIRQHandler
                0x0000c346                SPI0_DriverIRQHandler
                0x0000c346                ADC0_DriverIRQHandler
                0x0000c346                FTFL_DriverIRQHandler
                0x0000c346                CMP0_DriverIRQHandler
                0x0000c346                CAN0_DriverIRQHandler
                0x0000c346                Reserved59_DriverIRQHandler
                0x0000c346                DMA5_DriverIRQHandler
                0x0000c346                UART1_ERR_DriverIRQHandler
                0x0000c346                DMA2_DriverIRQHandler
                0x0000c346                ENET_Transmit_DriverIRQHandler
                0x0000c346                I2C0_DriverIRQHandler
                0x0000c346                CAN1_DriverIRQHandler
                0x0000c346                DMA7_DriverIRQHandler
                0x0000c346                UART1_RX_TX_DriverIRQHandler
                0x0000c346                Reserved108_DriverIRQHandler
                0x00000400                . = 0x400
 *fill*         0x0000c34c       0xb4 ff
                0x0000c400                PROVIDE (__FLASH_CONFIG_START__ = .)
 *(.FlashConfig)
 .FlashConfig   0x0000c400       0x10 Startup/startup_mk60d10.o
                0x0000c410                PROVIDE (__FLASH_CONFIG_END__ = .)
                0x00000001                ASSERT (! ((__FLASH_CONFIG_START__ == __FLASH_CONFIG_END__)), Linker Flash Config Support Enabled, but no .FlashConfig section provided within application)

.eh_frame       0x0000c410        0x0
 .eh_frame      0x0000c410        0x0 c:/gcc-arm-none-eabi-10.3-2021.10/bin/../lib/gcc/arm-none-eabi/10.3.1/thumb/v7e-m/nofp/crtbegin.o

.glue_7         0x0000c410        0x0
 .glue_7        0x0000c410        0x0 linker stubs

.glue_7t        0x0000c410        0x0
 .glue_7t       0x0000c410        0x0 linker stubs

.vfp11_veneer   0x0000c410        0x0
 .vfp11_veneer  0x0000c410        0x0 linker stubs

.v4_bx          0x0000c410        0x0
 .v4_bx         0x0000c410        0x0 linker stubs

.iplt           0x0000c410        0x0
 .iplt          0x0000c410        0x0 c:/gcc-arm-none-eabi-10.3-2021.10/bin/../lib/gcc/arm-none-eabi/10.3.1/thumb/v7e-m/nofp/crtbegin.o

.text           0x0000c440     0xfb24
 *(.text*)
 .text          0x0000c440       0x40 c:/gcc-arm-none-eabi-10.3-2021.10/bin/../lib/gcc/arm-none-eabi/10.3.1/thumb/v7e-m/nofp/crtbegin.o
 .text.main     0x0000c480       0xdc ../main.o
                0x0000c480                main
 *fill*         0x0000c55c        0x4 
 .text._Z11LuggageTask8FEHServo
                0x0000c560       0xf4 ../main.o
                0x0000c560                LuggageTask(FEHServo)
 *fill*         0x0000c654        0x4 
 .text._Z12passportTask8FEHServo
                0x0000c658       0xe4 ../main.o
                0x0000c658                passportTask(FEHServo)
 .text._Z10getToLight14AnalogInputPin
                0x0000c73c       0x7c ../main.o
                0x0000c73c                getToLight(AnalogInputPin)
 .text._Z11getToButtoni
                0x0000c7b8       0x6c ../main.o
                0x0000c7b8                getToButton(int)
 .text._Z14getToFuelLever8FEHServo
                0x0000c824      0x1c0 ../main.o
                0x0000c824                getToFuelLever(FEHServo)
 .text._Z9finishRunv
                0x0000c9e4       0x48 ../main.o
                0x0000c9e4                finishRun()
 .text._Z11detectLightv
                0x0000ca2c       0x38 ../light_checks.o
                0x0000ca2c                detectLight()
 *fill*         0x0000ca64        0x4 
 .text._Z10kioskLightv
                0x0000ca68       0x8c ../light_checks.o
                0x0000ca68                kioskLight()
 .text._Z41__static_initialization_and_destruction_0ii
                0x0000caf4       0x30 ../light_checks.o
 .text._GLOBAL__sub_I_cdsCell
                0x0000cb24       0x10 ../light_checks.o
 .text._Z41__static_initialization_and_destruction_0ii
                0x0000cb34       0x30 ../line_follow.o
 .text._GLOBAL__sub_I_middle_op
                0x0000cb64       0x10 ../line_follow.o
 *fill*         0x0000cb74        0x4 
 .text._Z7pulse_xfi
                0x0000cb78      0x1a0 ../corrections.o
                0x0000cb78                pulse_x(float, int)
 .text._Z7pulse_yfi
                0x0000cd18      0x1a0 ../corrections.o
                0x0000cd18                pulse_y(float, int)
 .text._Z8hit_bumpv
                0x0000ceb8       0xb0 ../corrections.o
                0x0000ceb8                hit_bump()
 .text._Z4moveff
                0x0000cf68      0x150 ../robot_movement.o
                0x0000cf68                move(float, float)
 .text._Z4rampif
                0x0000d0b8      0x11c ../robot_movement.o
                0x0000d0b8                ramp(int, float)
 .text._Z6rotateif
                0x0000d1d4      0x164 ../robot_movement.o
                0x0000d1d4                rotate(int, float)
 .text._Z9buttonHitff
                0x0000d338      0x150 ../robot_movement.o
                0x0000d338                buttonHit(float, float)
 .text._Z41__static_initialization_and_destruction_0ii
                0x0000d488       0x74 ../robot_movement.o
 .text._GLOBAL__sub_I_right_encoder
                0x0000d4fc       0x10 ../robot_movement.o
 .text.PORTD_IRQHandler
                0x0000d50c       0x50 Startup/startup_mk60d10.o
                0x0000d50c                PORTD_IRQHandler
 .text._Z15InitPowerButtonv
                0x0000d55c       0x60 Startup/startup_mk60d10.o
                0x0000d55c                InitPowerButton()
 .text._ZL11pll_init_blv
                0x0000d5bc       0xe0 Startup/startup_mk60d10.o
 .text._Z14InitFEHProteusv
                0x0000d69c       0xec Startup/startup_mk60d10.o
                0x0000d69c                InitFEHProteus()
 .text.DMA0_IRQHandler
                0x0000d788        0xc Startup/startup_mk60d10.o
                0x0000d788                DMA0_IRQHandler
 .text.DMA1_IRQHandler
                0x0000d794        0xc Startup/startup_mk60d10.o
                0x0000d794                DMA1_IRQHandler
 .text.DMA2_IRQHandler
                0x0000d7a0        0xc Startup/startup_mk60d10.o
                0x0000d7a0                DMA2_IRQHandler
 .text.DMA3_IRQHandler
                0x0000d7ac        0xc Startup/startup_mk60d10.o
                0x0000d7ac                DMA3_IRQHandler
 .text.DMA4_IRQHandler
                0x0000d7b8        0xc Startup/startup_mk60d10.o
                0x0000d7b8                DMA4_IRQHandler
 .text.DMA5_IRQHandler
                0x0000d7c4        0xc Startup/startup_mk60d10.o
                0x0000d7c4                DMA5_IRQHandler
 .text.DMA6_IRQHandler
                0x0000d7d0        0xc Startup/startup_mk60d10.o
                0x0000d7d0                DMA6_IRQHandler
 .text.DMA7_IRQHandler
                0x0000d7dc        0xc Startup/startup_mk60d10.o
                0x0000d7dc                DMA7_IRQHandler
 .text.DMA8_IRQHandler
                0x0000d7e8        0xc Startup/startup_mk60d10.o
                0x0000d7e8                DMA8_IRQHandler
 .text.DMA9_IRQHandler
                0x0000d7f4        0xc Startup/startup_mk60d10.o
                0x0000d7f4                DMA9_IRQHandler
 .text.DMA10_IRQHandler
                0x0000d800        0xc Startup/startup_mk60d10.o
                0x0000d800                DMA10_IRQHandler
 .text.DMA11_IRQHandler
                0x0000d80c        0xc Startup/startup_mk60d10.o
                0x0000d80c                DMA11_IRQHandler
 .text.DMA12_IRQHandler
                0x0000d818        0xc Startup/startup_mk60d10.o
                0x0000d818                DMA12_IRQHandler
 .text.DMA13_IRQHandler
                0x0000d824        0xc Startup/startup_mk60d10.o
                0x0000d824                DMA13_IRQHandler
 .text.DMA14_IRQHandler
                0x0000d830        0xc Startup/startup_mk60d10.o
                0x0000d830                DMA14_IRQHandler
 .text.DMA15_IRQHandler
                0x0000d83c        0xc Startup/startup_mk60d10.o
                0x0000d83c                DMA15_IRQHandler
 .text.DMA_Error_IRQHandler
                0x0000d848        0xc Startup/startup_mk60d10.o
                0x0000d848                DMA_Error_IRQHandler
 .text.MCM_IRQHandler
                0x0000d854        0xc Startup/startup_mk60d10.o
                0x0000d854                MCM_IRQHandler
 .text.FTFL_IRQHandler
                0x0000d860        0xc Startup/startup_mk60d10.o
                0x0000d860                FTFL_IRQHandler
 .text.Read_Collision_IRQHandler
                0x0000d86c        0xc Startup/startup_mk60d10.o
                0x0000d86c                Read_Collision_IRQHandler
 .text.LVD_LVW_IRQHandler
                0x0000d878        0xc Startup/startup_mk60d10.o
                0x0000d878                LVD_LVW_IRQHandler
 .text.LLWU_IRQHandler
                0x0000d884        0xc Startup/startup_mk60d10.o
                0x0000d884                LLWU_IRQHandler
 .text.WDOG_EWM_IRQHandler
                0x0000d890        0xc Startup/startup_mk60d10.o
                0x0000d890                WDOG_EWM_IRQHandler
 .text.RNG_IRQHandler
                0x0000d89c        0xc Startup/startup_mk60d10.o
                0x0000d89c                RNG_IRQHandler
 .text.I2C0_IRQHandler
                0x0000d8a8        0xc Startup/startup_mk60d10.o
                0x0000d8a8                I2C0_IRQHandler
 .text.I2C1_IRQHandler
                0x0000d8b4        0xc Startup/startup_mk60d10.o
                0x0000d8b4                I2C1_IRQHandler
 .text.SPI0_IRQHandler
                0x0000d8c0        0xc Startup/startup_mk60d10.o
                0x0000d8c0                SPI0_IRQHandler
 .text.SPI1_IRQHandler
                0x0000d8cc        0xc Startup/startup_mk60d10.o
                0x0000d8cc                SPI1_IRQHandler
 .text.SPI2_IRQHandler
                0x0000d8d8        0xc Startup/startup_mk60d10.o
                0x0000d8d8                SPI2_IRQHandler
 .text.CAN0_ORed_Message_buffer_IRQHandler
                0x0000d8e4        0xc Startup/startup_mk60d10.o
                0x0000d8e4                CAN0_ORed_Message_buffer_IRQHandler
 .text.CAN0_Bus_Off_IRQHandler
                0x0000d8f0        0xc Startup/startup_mk60d10.o
                0x0000d8f0                CAN0_Bus_Off_IRQHandler
 .text.CAN0_Error_IRQHandler
                0x0000d8fc        0xc Startup/startup_mk60d10.o
                0x0000d8fc                CAN0_Error_IRQHandler
 .text.CAN0_Tx_Warning_IRQHandler
                0x0000d908        0xc Startup/startup_mk60d10.o
                0x0000d908                CAN0_Tx_Warning_IRQHandler
 .text.CAN0_Rx_Warning_IRQHandler
                0x0000d914        0xc Startup/startup_mk60d10.o
                0x0000d914                CAN0_Rx_Warning_IRQHandler
 .text.CAN0_Wake_Up_IRQHandler
                0x0000d920        0xc Startup/startup_mk60d10.o
                0x0000d920                CAN0_Wake_Up_IRQHandler
 .text.I2S0_Tx_IRQHandler
                0x0000d92c        0xc Startup/startup_mk60d10.o
                0x0000d92c                I2S0_Tx_IRQHandler
 .text.I2S0_Rx_IRQHandler
                0x0000d938        0xc Startup/startup_mk60d10.o
                0x0000d938                I2S0_Rx_IRQHandler
 .text.CAN1_ORed_Message_buffer_IRQHandler
                0x0000d944        0xc Startup/startup_mk60d10.o
                0x0000d944                CAN1_ORed_Message_buffer_IRQHandler
 .text.CAN1_Bus_Off_IRQHandler
                0x0000d950        0xc Startup/startup_mk60d10.o
                0x0000d950                CAN1_Bus_Off_IRQHandler
 .text.CAN1_Error_IRQHandler
                0x0000d95c        0xc Startup/startup_mk60d10.o
                0x0000d95c                CAN1_Error_IRQHandler
 .text.CAN1_Tx_Warning_IRQHandler
                0x0000d968        0xc Startup/startup_mk60d10.o
                0x0000d968                CAN1_Tx_Warning_IRQHandler
 .text.CAN1_Rx_Warning_IRQHandler
                0x0000d974        0xc Startup/startup_mk60d10.o
                0x0000d974                CAN1_Rx_Warning_IRQHandler
 .text.CAN1_Wake_Up_IRQHandler
                0x0000d980        0xc Startup/startup_mk60d10.o
                0x0000d980                CAN1_Wake_Up_IRQHandler
 .text.Reserved59_IRQHandler
                0x0000d98c        0xc Startup/startup_mk60d10.o
                0x0000d98c                Reserved59_IRQHandler
 .text.UART0_LON_IRQHandler
                0x0000d998        0xc Startup/startup_mk60d10.o
                0x0000d998                UART0_LON_IRQHandler
 .text.UART0_ERR_IRQHandler
                0x0000d9a4        0xc Startup/startup_mk60d10.o
                0x0000d9a4                UART0_ERR_IRQHandler
 .text.UART1_RX_TX_IRQHandler
                0x0000d9b0        0xc Startup/startup_mk60d10.o
                0x0000d9b0                UART1_RX_TX_IRQHandler
 .text.UART1_ERR_IRQHandler
                0x0000d9bc        0xc Startup/startup_mk60d10.o
                0x0000d9bc                UART1_ERR_IRQHandler
 .text.UART2_RX_TX_IRQHandler
                0x0000d9c8        0xc Startup/startup_mk60d10.o
                0x0000d9c8                UART2_RX_TX_IRQHandler
 .text.UART2_ERR_IRQHandler
                0x0000d9d4        0xc Startup/startup_mk60d10.o
                0x0000d9d4                UART2_ERR_IRQHandler
 .text.UART3_RX_TX_IRQHandler
                0x0000d9e0        0xc Startup/startup_mk60d10.o
                0x0000d9e0                UART3_RX_TX_IRQHandler
 .text.UART3_ERR_IRQHandler
                0x0000d9ec        0xc Startup/startup_mk60d10.o
                0x0000d9ec                UART3_ERR_IRQHandler
 .text.UART4_RX_TX_IRQHandler
                0x0000d9f8        0xc Startup/startup_mk60d10.o
                0x0000d9f8                UART4_RX_TX_IRQHandler
 .text.UART4_ERR_IRQHandler
                0x0000da04        0xc Startup/startup_mk60d10.o
                0x0000da04                UART4_ERR_IRQHandler
 .text.UART5_RX_TX_IRQHandler
                0x0000da10        0xc Startup/startup_mk60d10.o
                0x0000da10                UART5_RX_TX_IRQHandler
 .text.UART5_ERR_IRQHandler
                0x0000da1c        0xc Startup/startup_mk60d10.o
                0x0000da1c                UART5_ERR_IRQHandler
 .text.ADC0_IRQHandler
                0x0000da28        0xc Startup/startup_mk60d10.o
                0x0000da28                ADC0_IRQHandler
 .text.ADC1_IRQHandler
                0x0000da34        0xc Startup/startup_mk60d10.o
                0x0000da34                ADC1_IRQHandler
 .text.CMP0_IRQHandler
                0x0000da40        0xc Startup/startup_mk60d10.o
                0x0000da40                CMP0_IRQHandler
 .text.CMP1_IRQHandler
                0x0000da4c        0xc Startup/startup_mk60d10.o
                0x0000da4c                CMP1_IRQHandler
 .text.CMP2_IRQHandler
                0x0000da58        0xc Startup/startup_mk60d10.o
                0x0000da58                CMP2_IRQHandler
 .text.FTM0_IRQHandler
                0x0000da64        0xc Startup/startup_mk60d10.o
                0x0000da64                FTM0_IRQHandler
 .text.FTM1_IRQHandler
                0x0000da70        0xc Startup/startup_mk60d10.o
                0x0000da70                FTM1_IRQHandler
 .text.FTM2_IRQHandler
                0x0000da7c        0xc Startup/startup_mk60d10.o
                0x0000da7c                FTM2_IRQHandler
 .text.CMT_IRQHandler
                0x0000da88        0xc Startup/startup_mk60d10.o
                0x0000da88                CMT_IRQHandler
 .text.RTC_IRQHandler
                0x0000da94        0xc Startup/startup_mk60d10.o
                0x0000da94                RTC_IRQHandler
 .text.RTC_Seconds_IRQHandler
                0x0000daa0        0xc Startup/startup_mk60d10.o
                0x0000daa0                RTC_Seconds_IRQHandler
 .text.PIT1_IRQHandler
                0x0000daac        0xc Startup/startup_mk60d10.o
                0x0000daac                PIT1_IRQHandler
 .text.PIT2_IRQHandler
                0x0000dab8        0xc Startup/startup_mk60d10.o
                0x0000dab8                PIT2_IRQHandler
 .text.PIT3_IRQHandler
                0x0000dac4        0xc Startup/startup_mk60d10.o
                0x0000dac4                PIT3_IRQHandler
 .text.PDB0_IRQHandler
                0x0000dad0        0xc Startup/startup_mk60d10.o
                0x0000dad0                PDB0_IRQHandler
 .text.USB0_IRQHandler
                0x0000dadc        0xc Startup/startup_mk60d10.o
                0x0000dadc                USB0_IRQHandler
 .text.USBDCD_IRQHandler
                0x0000dae8        0xc Startup/startup_mk60d10.o
                0x0000dae8                USBDCD_IRQHandler
 .text.ENET_1588_Timer_IRQHandler
                0x0000daf4        0xc Startup/startup_mk60d10.o
                0x0000daf4                ENET_1588_Timer_IRQHandler
 .text.ENET_Transmit_IRQHandler
                0x0000db00        0xc Startup/startup_mk60d10.o
                0x0000db00                ENET_Transmit_IRQHandler
 .text.ENET_Receive_IRQHandler
                0x0000db0c        0xc Startup/startup_mk60d10.o
                0x0000db0c                ENET_Receive_IRQHandler
 .text.ENET_Error_IRQHandler
                0x0000db18        0xc Startup/startup_mk60d10.o
                0x0000db18                ENET_Error_IRQHandler
 .text.Reserved95_IRQHandler
                0x0000db24        0xc Startup/startup_mk60d10.o
                0x0000db24                Reserved95_IRQHandler
 .text.SDHC_IRQHandler
                0x0000db30        0xc Startup/startup_mk60d10.o
                0x0000db30                SDHC_IRQHandler
 .text.DAC0_IRQHandler
                0x0000db3c        0xc Startup/startup_mk60d10.o
                0x0000db3c                DAC0_IRQHandler
 .text.DAC1_IRQHandler
                0x0000db48        0xc Startup/startup_mk60d10.o
                0x0000db48                DAC1_IRQHandler
 .text.TSI0_IRQHandler
                0x0000db54        0xc Startup/startup_mk60d10.o
                0x0000db54                TSI0_IRQHandler
 .text.MCG_IRQHandler
                0x0000db60        0xc Startup/startup_mk60d10.o
                0x0000db60                MCG_IRQHandler
 .text.LPTMR0_IRQHandler
                0x0000db6c        0xc Startup/startup_mk60d10.o
                0x0000db6c                LPTMR0_IRQHandler
 .text.Reserved102_IRQHandler
                0x0000db78        0xc Startup/startup_mk60d10.o
                0x0000db78                Reserved102_IRQHandler
 .text.Reserved108_IRQHandler
                0x0000db84        0xc Startup/startup_mk60d10.o
                0x0000db84                Reserved108_IRQHandler
 .text.Reserved109_IRQHandler
                0x0000db90        0xc Startup/startup_mk60d10.o
                0x0000db90                Reserved109_IRQHandler
 .text.SWI_IRQHandler
                0x0000db9c        0xc Startup/startup_mk60d10.o
                0x0000db9c                SWI_IRQHandler
 .text._ZN8FEHMotorC2ENS_12FEHMotorPortEf
                0x0000dba8       0x7c Libraries/FEHMotor.o
                0x0000dba8                FEHMotor::FEHMotor(FEHMotor::FEHMotorPort, float)
                0x0000dba8                FEHMotor::FEHMotor(FEHMotor::FEHMotorPort, float)
 .text._ZN8FEHMotor4StopEv
                0x0000dc24       0x30 Libraries/FEHMotor.o
                0x0000dc24                FEHMotor::Stop()
 .text._ZN8FEHMotor8SetPowerEi
                0x0000dc54       0x54 Libraries/FEHMotor.o
                0x0000dc54                FEHMotor::SetPower(int)
 .text._ZN8FEHMotor10SetPercentEf
                0x0000dca8       0xf8 Libraries/FEHMotor.o
                0x0000dca8                FEHMotor::SetPercent(float)
 .text._Z21IIC_StartTransmissionhh
                0x0000dda0       0x6c Drivers/i2c.o
                0x0000dda0                IIC_StartTransmission(unsigned char, unsigned char)
 .text._Z5Pausev
                0x0000de0c       0x24 Drivers/i2c.o
                0x0000de0c                Pause()
 .text._Z21MMA8451QWriteRegisterhh
                0x0000de30       0x68 Drivers/i2c.o
                0x0000de30                MMA8451QWriteRegister(unsigned char, unsigned char)
 .text._Z8i2c_Waitv
                0x0000de98       0x6c Drivers/i2c.o
                0x0000de98                i2c_Wait()
 .text._Z12SPI_SendCharh
                0x0000df04       0x1a Drivers/spi.o
                0x0000df04                SPI_SendChar(unsigned char)
 .text._Z16SPI_WriteCommandhh
                0x0000df1e       0x34 Drivers/spi.o
                0x0000df1e                SPI_WriteCommand(unsigned char, unsigned char)
 .text._Z11SPI_GetCharv
                0x0000df52       0x10 Drivers/spi.o
                0x0000df52                SPI_GetChar()
 .text._Z15SPI_ReadCommandh
                0x0000df62       0x38 Drivers/spi.o
                0x0000df62                SPI_ReadCommand(unsigned char)
 *fill*         0x0000df9a        0x2 
 .text._Z13SPI_CS_Assertv
                0x0000df9c       0x1c Drivers/spi.o
                0x0000df9c                SPI_CS_Assert()
 .text._Z15SPI_CS_Deassertv
                0x0000dfb8       0x1c Drivers/spi.o
                0x0000dfb8                SPI_CS_Deassert()
 .text._Z12SPI_Transferh
                0x0000dfd4       0x6c Drivers/spi.o
                0x0000dfd4                SPI_Transfer(unsigned char)
 .text._Z8SPI_Initv
                0x0000e040       0xa0 Drivers/spi.o
                0x0000e040                SPI_Init()
 .text._Z9uart_initPV11UART_MemMapii
                0x0000e0e0      0x174 Drivers/uart.o
                0x0000e0e0                uart_init(UART_MemMap volatile*, int, int)
 .text._Z12uart_getcharPV11UART_MemMap
                0x0000e254       0x32 Drivers/uart.o
                0x0000e254                uart_getchar(UART_MemMap volatile*)
 .text._Z12uart_putcharPV11UART_MemMapc
                0x0000e286       0x32 Drivers/uart.o
                0x0000e286                uart_putchar(UART_MemMap volatile*, char)
 .text._ZL7mem_setPvij
                0x0000e2b8       0x3c Drivers/ff.o
 .text._ZL11move_windowP5FATFSm
                0x0000e2f4       0xc8 Drivers/ff.o
 .text._ZL4syncP5FATFS
                0x0000e3bc      0x14c Drivers/ff.o
 .text._ZL8validateP5FATFSt
                0x0000e508       0x54 Drivers/ff.o
 .text._Z6f_syncP3FIL
                0x0000e55c      0x186 Drivers/ff.o
                0x0000e55c                f_sync(FIL*)
 .text._Z7f_closeP3FIL
                0x0000e6e2       0x28 Drivers/ff.o
                0x0000e6e2                f_close(FIL*)
 *fill*         0x0000e70a        0x2 
 .text._ZL17SDHC_set_baudratemm
                0x0000e70c       0xe8 Drivers/SDHC.o
 .text._Z9SDHC_initP17esdhc_info_structPK17esdhc_init_struct
                0x0000e7f4      0x130 Drivers/SDHC.o
                0x0000e7f4                SDHC_init(esdhc_info_struct*, esdhc_init_struct const*)
 .text._ZL15SDHC_is_runningv
                0x0000e924       0x24 Drivers/SDHC.o
 .text._ZL16SDHC_status_waitm
                0x0000e948       0x2c Drivers/SDHC.o
 .text._ZL17SDHC_send_commandP20esdhc_command_struct
                0x0000e974      0x1f8 Drivers/SDHC.o
 .text._Z10SDHC_ioctlmPv
                0x0000eb6c      0x6f0 Drivers/SDHC.o
                0x0000eb6c                SDHC_ioctl(unsigned long, void*)
 .text._ZL14rcvr_datablockPhm
                0x0000f25c       0xf0 Drivers/SDHC.o
 .text._Z9disk_readhPhmh
                0x0000f34c      0x124 Drivers/SDHC.o
                0x0000f34c                disk_read(unsigned char, unsigned char*, unsigned long, unsigned char)
 .text._ZL14xmit_datablockPKhm
                0x0000f470       0xa4 Drivers/SDHC.o
 .text._Z10disk_writehPKhmh
                0x0000f514      0x198 Drivers/SDHC.o
                0x0000f514                disk_write(unsigned char, unsigned char const*, unsigned long, unsigned char)
 .text._Z10disk_ioctlhhPv
                0x0000f6ac      0x104 Drivers/SDHC.o
                0x0000f6ac                disk_ioctl(unsigned char, unsigned char, void*)
 .text._Z11disk_statush
                0x0000f7b0       0x28 Drivers/SDHC.o
                0x0000f7b0                disk_status(unsigned char)
 .text._Z13time_delay_msm
                0x0000f7d8       0x6c Drivers/lptmr.o
                0x0000f7d8                time_delay_ms(unsigned long)
 .text._Z41__static_initialization_and_destruction_0ii
                0x0000f844       0x2c FEHProteus.o
 .text._GLOBAL__sub_I_Propeller
                0x0000f870       0x10 FEHProteus.o
 .text._ZN12FEHPropellerC2Ev
                0x0000f880       0x1a Drivers/FEHPropeller.o
                0x0000f880                FEHPropeller::FEHPropeller()
                0x0000f880                FEHPropeller::FEHPropeller()
 *fill*         0x0000f89a        0x2 
 .text._ZN12FEHPropeller10InitializeEv
                0x0000f89c       0x74 Drivers/FEHPropeller.o
                0x0000f89c                FEHPropeller::Initialize()
 .text._ZN12FEHPropeller12SetMotorRateEhhh
                0x0000f910       0x5c Drivers/FEHPropeller.o
                0x0000f910                FEHPropeller::SetMotorRate(unsigned char, unsigned char, unsigned char)
 .text._ZL5Delaymjj
                0x0000f96c       0x94 Libraries/FEHUtility.o
 .text._Z5Sleepi
                0x0000fa00       0x2c Libraries/FEHUtility.o
                0x0000fa00                Sleep(int)
 .text._Z5Sleepd
                0x0000fa2c       0x4c Libraries/FEHUtility.o
                0x0000fa2c                Sleep(double)
 .text._Z7TimeNowv
                0x0000fa78       0x5c Libraries/FEHUtility.o
                0x0000fa78                TimeNow()
 .text._Z11TimeNowMSecv
                0x0000fad4       0x38 Libraries/FEHUtility.o
                0x0000fad4                TimeNowMSec()
 .text._ZN15DigitalInputPinC2EN5FEHIO8FEHIOPinE
                0x0000fb0c       0x20 Libraries/FEHIO.o
                0x0000fb0c                DigitalInputPin::DigitalInputPin(FEHIO::FEHIOPin)
                0x0000fb0c                DigitalInputPin::DigitalInputPin(FEHIO::FEHIOPin)
 .text._ZN15DigitalInputPin10InitializeEN5FEHIO8FEHIOPinE
                0x0000fb2c      0x198 Libraries/FEHIO.o
                0x0000fb2c                DigitalInputPin::Initialize(FEHIO::FEHIOPin)
 .text._ZN15DigitalInputPin5ValueEv
                0x0000fcc4      0x108 Libraries/FEHIO.o
                0x0000fcc4                DigitalInputPin::Value()
 .text._ZN14DigitalEncoderC2EN5FEHIO8FEHIOPinE
                0x0000fdcc       0x26 Libraries/FEHIO.o
                0x0000fdcc                DigitalEncoder::DigitalEncoder(FEHIO::FEHIOPin)
                0x0000fdcc                DigitalEncoder::DigitalEncoder(FEHIO::FEHIOPin)
 *fill*         0x0000fdf2        0x2 
 .text._Z10enable_irqi
                0x0000fdf4      0x11c Libraries/FEHIO.o
                0x0000fdf4                enable_irq(int)
 .text._ZN14DigitalEncoder10InitializeEN5FEHIO8FEHIOPinENS0_21FEHIOInterruptTriggerE
                0x0000ff10      0x1a8 Libraries/FEHIO.o
                0x0000ff10                DigitalEncoder::Initialize(FEHIO::FEHIOPin, FEHIO::FEHIOInterruptTrigger)
 .text._Z16PORTB_IRQHandlerv
                0x000100b8       0x9c Libraries/FEHIO.o
                0x000100b8                PORTB_IRQHandler()
 .text._Z16PORTC_IRQHandlerv
                0x00010154       0x9c Libraries/FEHIO.o
                0x00010154                PORTC_IRQHandler()
 .text._Z16PORTA_IRQHandlerv
                0x000101f0       0xa0 Libraries/FEHIO.o
                0x000101f0                PORTA_IRQHandler()
 .text._Z16PORTE_IRQHandlerv
                0x00010290       0x98 Libraries/FEHIO.o
                0x00010290                PORTE_IRQHandler()
 .text._ZN14DigitalEncoder6CountsEv
                0x00010328       0x24 Libraries/FEHIO.o
                0x00010328                DigitalEncoder::Counts()
 .text._ZN14DigitalEncoder11ResetCountsEv
                0x0001034c       0x24 Libraries/FEHIO.o
                0x0001034c                DigitalEncoder::ResetCounts()
 .text._ZN14AnalogInputPinC2EN5FEHIO8FEHIOPinE
                0x00010370       0x1e Libraries/FEHIO.o
                0x00010370                AnalogInputPin::AnalogInputPin(FEHIO::FEHIOPin)
                0x00010370                AnalogInputPin::AnalogInputPin(FEHIO::FEHIOPin)
 *fill*         0x0001038e        0x2 
 .text._ZN14AnalogInputPin5ValueEv
                0x00010390      0x120 Libraries/FEHIO.o
                0x00010390                AnalogInputPin::Value()
 .text._ZN13AnalogEncoder12EncoderValueEv
                0x000104b0       0xb0 Libraries/FEHIO.o
                0x000104b0                AnalogEncoder::EncoderValue()
 .text._ZN14AnalogInputPin8InitADCsEv
                0x00010560       0x98 Libraries/FEHIO.o
                0x00010560                AnalogInputPin::InitADCs()
 .text._Z15PIT0_IRQHandlerv
                0x000105f8       0x28 Libraries/FEHIO.o
                0x000105f8                PIT0_IRQHandler()
 .text._ZN13AnalogEncoder4InitEv
                0x00010620       0x44 Libraries/FEHIO.o
                0x00010620                AnalogEncoder::Init()
 .text._ZN13AnalogEncoder14SetCounterInitEj
                0x00010664       0x20 Libraries/FEHIO.o
                0x00010664                AnalogEncoder::SetCounterInit(unsigned int)
 .text._ZN13AnalogEncoder10ProcessIntEv
                0x00010684       0x68 Libraries/FEHIO.o
                0x00010684                AnalogEncoder::ProcessInt()
 .text._ZN13AnalogEncoder14ProcessIntSelfEv
                0x000106ec       0x6e Libraries/FEHIO.o
                0x000106ec                AnalogEncoder::ProcessIntSelf()
 .text._Z7ADC_CalPV10ADC_MemMap
                0x0001075a      0x13e Drivers/adc16.o
                0x0001075a                ADC_Cal(ADC_MemMap volatile*)
 .text._Z14ADC_Config_AltPV10ADC_MemMapP7adc_cfg
                0x00010898       0x6c Drivers/adc16.o
                0x00010898                ADC_Config_Alt(ADC_MemMap volatile*, adc_cfg*)
 .text._ZN9FEHBuzzerC2Ev
                0x00010904       0x14 Libraries/FEHBuzzer.o
                0x00010904                FEHBuzzer::FEHBuzzer()
                0x00010904                FEHBuzzer::FEHBuzzer()
 .text._Z41__static_initialization_and_destruction_0ii
                0x00010918       0x2c Libraries/FEHBuzzer.o
 .text._GLOBAL__sub_I_Buzzer
                0x00010944       0x10 Libraries/FEHBuzzer.o
 .text._ZN8FEHServoC2ENS_12FEHServoPortE
                0x00010954       0x38 Libraries/FEHServo.o
                0x00010954                FEHServo::FEHServo(FEHServo::FEHServoPort)
                0x00010954                FEHServo::FEHServo(FEHServo::FEHServoPort)
 .text._ZN8FEHServo6SetMinEi
                0x0001098c       0x3a Libraries/FEHServo.o
                0x0001098c                FEHServo::SetMin(int)
 .text._ZN8FEHServo6SetMaxEi
                0x000109c6       0x3a Libraries/FEHServo.o
                0x000109c6                FEHServo::SetMax(int)
 .text._ZN8FEHServo9SetDegreeEf
                0x00010a00       0xf8 Libraries/FEHServo.o
                0x00010a00                FEHServo::SetDegree(float)
 .text._ZN6FEHLCD11_InitializeEv
                0x00010af8      0x410 Libraries/FEHLCD.o
                0x00010af8                FEHLCD::_Initialize()
 .text._ZN6FEHLCDC2Ev
                0x00010f08       0x50 Libraries/FEHLCD.o
                0x00010f08                FEHLCD::FEHLCD()
                0x00010f08                FEHLCD::FEHLCD()
 .text._ZN6FEHLCD10InitializeEv
                0x00010f58       0x28 Libraries/FEHLCD.o
                0x00010f58                FEHLCD::Initialize()
 .text._ZN6FEHLCD10PrintImageEii
                0x00010f80       0xbc Libraries/FEHLCD.o
                0x00010f80                FEHLCD::PrintImage(int, int)
 .text._ZN6FEHLCD9PrintLogoEii
                0x0001103c       0xbc Libraries/FEHLCD.o
                0x0001103c                FEHLCD::PrintLogo(int, int)
 .text._ZN6FEHLCD22ConvertFEHColorTo24BitENS_11FEHLCDColorE
                0x000110f8       0x78 Libraries/FEHLCD.o
                0x000110f8                FEHLCD::ConvertFEHColorTo24Bit(FEHLCD::FEHLCDColor)
 .text._ZN6FEHLCD24Convert24BitColorTo16BitEj
                0x00011170       0x30 Libraries/FEHLCD.o
                0x00011170                FEHLCD::Convert24BitColorTo16Bit(unsigned int)
 .text._ZN6FEHLCD22ConvertRGBColorTo16BitEhhh
                0x000111a0       0x4a Libraries/FEHLCD.o
                0x000111a0                FEHLCD::ConvertRGBColorTo16Bit(unsigned char, unsigned char, unsigned char)
 .text._ZN6FEHLCD5ClearENS_11FEHLCDColorE
                0x000111ea       0x28 Libraries/FEHLCD.o
                0x000111ea                FEHLCD::Clear(FEHLCD::FEHLCDColor)
 .text._ZN6FEHLCD5ClearEj
                0x00011212       0x2c Libraries/FEHLCD.o
                0x00011212                FEHLCD::Clear(unsigned int)
 .text._ZN6FEHLCD5ClearEv
                0x0001123e       0x16 Libraries/FEHLCD.o
                0x0001123e                FEHLCD::Clear()
 .text._ZN6FEHLCD18SetBackgroundColorENS_11FEHLCDColorE
                0x00011254       0x28 Libraries/FEHLCD.o
                0x00011254                FEHLCD::SetBackgroundColor(FEHLCD::FEHLCDColor)
 .text._ZN6FEHLCD18SetBackgroundColorEj
                0x0001127c       0x26 Libraries/FEHLCD.o
                0x0001127c                FEHLCD::SetBackgroundColor(unsigned int)
 .text._ZN6FEHLCD12SetFontColorENS_11FEHLCDColorE
                0x000112a2       0x28 Libraries/FEHLCD.o
                0x000112a2                FEHLCD::SetFontColor(FEHLCD::FEHLCDColor)
 .text._ZN6FEHLCD12SetFontColorEj
                0x000112ca       0x26 Libraries/FEHLCD.o
                0x000112ca                FEHLCD::SetFontColor(unsigned int)
 .text._ZN6FEHLCD7WriteAtEPKcii
                0x000112f0       0x46 Libraries/FEHLCD.o
                0x000112f0                FEHLCD::WriteAt(char const*, int, int)
 .text._ZN6FEHLCD11TS_SPI_InitEv
                0x00011336       0x7c Libraries/FEHLCD.o
                0x00011336                FEHLCD::TS_SPI_Init()
 *fill*         0x000113b2        0x6 
 .text._ZN6FEHLCD5TouchEPfS0_
                0x000113b8      0x1fc Libraries/FEHLCD.o
                0x000113b8                FEHLCD::Touch(float*, float*)
 .text._ZN6FEHLCD3absEi
                0x000115b4       0x22 Libraries/FEHLCD.o
                0x000115b4                FEHLCD::abs(int)
 .text._ZN6FEHLCD5WriteEPKc
                0x000115d6       0x4e Libraries/FEHLCD.o
                0x000115d6                FEHLCD::Write(char const*)
 .text._ZN6FEHLCD5WriteEi
                0x00011624       0x30 Libraries/FEHLCD.o
                0x00011624                FEHLCD::Write(int)
 .text._ZN6FEHLCD5WriteEf
                0x00011654       0xc0 Libraries/FEHLCD.o
                0x00011654                FEHLCD::Write(float)
 .text._ZN6FEHLCD5WriteEc
                0x00011714       0x30 Libraries/FEHLCD.o
                0x00011714                FEHLCD::Write(char)
 .text._ZN6FEHLCD9WriteLineEPKc
                0x00011744       0x26 Libraries/FEHLCD.o
                0x00011744                FEHLCD::WriteLine(char const*)
 .text._ZN6FEHLCD9WriteLineEi
                0x0001176a       0x26 Libraries/FEHLCD.o
                0x0001176a                FEHLCD::WriteLine(int)
 .text._ZN6FEHLCD9WriteLineEf
                0x00011790       0x26 Libraries/FEHLCD.o
                0x00011790                FEHLCD::WriteLine(float)
 .text._ZN6FEHLCD9WriteLineEc
                0x000117b6       0x2a Libraries/FEHLCD.o
                0x000117b6                FEHLCD::WriteLine(char)
 .text._ZN6FEHLCD10WriteIndexEh
                0x000117e0      0x14c Libraries/FEHLCD.o
                0x000117e0                FEHLCD::WriteIndex(unsigned char)
 .text._ZN6FEHLCD14WriteParameterEh
                0x0001192c      0x130 Libraries/FEHLCD.o
                0x0001192c                FEHLCD::WriteParameter(unsigned char)
 .text._ZN6FEHLCD6_ClearEv
                0x00011a5c      0x15c Libraries/FEHLCD.o
                0x00011a5c                FEHLCD::_Clear()
 .text._ZN6FEHLCD8NextLineEv
                0x00011bb8       0x2a Libraries/FEHLCD.o
                0x00011bb8                FEHLCD::NextLine()
 .text._ZN6FEHLCD9CheckLineEv
                0x00011be2       0x28 Libraries/FEHLCD.o
                0x00011be2                FEHLCD::CheckLine()
 .text._ZN6FEHLCD8NextCharEv
                0x00011c0a       0x32 Libraries/FEHLCD.o
                0x00011c0a                FEHLCD::NextChar()
 .text._ZN6FEHLCD9DrawPixelEii
                0x00011c3c       0x2a Libraries/FEHLCD.o
                0x00011c3c                FEHLCD::DrawPixel(int, int)
 .text._Z4SwapRiS_
                0x00011c66       0x28 Libraries/FEHLCD.o
                0x00011c66                Swap(int&, int&)
 .text._ZN6FEHLCD13DrawRectangleEiiii
                0x00011c8e       0x7c Libraries/FEHLCD.o
                0x00011c8e                FEHLCD::DrawRectangle(int, int, int, int)
 .text._ZN6FEHLCD13SetDrawRegionEiiii
                0x00011d0a       0xfe Libraries/FEHLCD.o
                0x00011d0a                FEHLCD::SetDrawRegion(int, int, int, int)
 .text._ZN6FEHLCD8DrawLineEiiii
                0x00011e08      0x14c Libraries/FEHLCD.o
                0x00011e08                FEHLCD::DrawLine(int, int, int, int)
 .text._ZN6FEHLCD9WriteCharEiic
                0x00011f54       0x34 Libraries/FEHLCD.o
                0x00011f54                FEHLCD::WriteChar(int, int, char)
 .text._ZN6FEHLCD11WriteCharAtEiic
                0x00011f88      0x214 Libraries/FEHLCD.o
                0x00011f88                FEHLCD::WriteCharAt(int, int, char)
 .text._ZN6FEHLCD11RepeatColorEv
                0x0001219c       0x70 Libraries/FEHLCD.o
                0x0001219c                FEHLCD::RepeatColor()
 .text._ZN6FEHLCD10_ForePixelEv
                0x0001220c       0xc4 Libraries/FEHLCD.o
                0x0001220c                FEHLCD::_ForePixel()
 .text._ZN6FEHLCD10_BackPixelEv
                0x000122d0       0xc4 Libraries/FEHLCD.o
                0x000122d0                FEHLCD::_BackPixel()
 .text._ZN6FEHLCD22SetRegisterColorValuesEv
                0x00012394      0x336 Libraries/FEHLCD.o
                0x00012394                FEHLCD::SetRegisterColorValues()
 .text._ZN7FEHIcon4IconC2Ev
                0x000126ca       0x14 Libraries/FEHLCD.o
                0x000126ca                FEHIcon::Icon::Icon()
                0x000126ca                FEHIcon::Icon::Icon()
 .text._ZN7FEHIcon4Icon13SetPropertiesEPciiiijj
                0x000126de       0x6a Libraries/FEHLCD.o
                0x000126de                FEHIcon::Icon::SetProperties(char*, int, int, int, int, unsigned int, unsigned int)
 .text._ZN7FEHIcon4Icon4DrawEv
                0x00012748       0x90 Libraries/FEHLCD.o
                0x00012748                FEHIcon::Icon::Draw()
 .text._ZN7FEHIcon4Icon6SelectEv
                0x000127d8       0x90 Libraries/FEHLCD.o
                0x000127d8                FEHIcon::Icon::Select()
 .text._ZN7FEHIcon4Icon8DeselectEv
                0x00012868       0x8c Libraries/FEHLCD.o
                0x00012868                FEHIcon::Icon::Deselect()
 .text._ZN7FEHIcon4Icon7PressedEffi
                0x000128f4      0x13c Libraries/FEHLCD.o
                0x000128f4                FEHIcon::Icon::Pressed(float, float, int)
 .text._ZN7FEHIcon4Icon12WhilePressedEff
                0x00012a30       0x50 Libraries/FEHLCD.o
                0x00012a30                FEHIcon::Icon::WhilePressed(float, float)
 .text._ZN7FEHIcon13DrawIconArrayEPNS_4IconEiiiiiiPA20_cjj
                0x00012a80      0x168 Libraries/FEHLCD.o
                0x00012a80                FEHIcon::DrawIconArray(FEHIcon::Icon*, int, int, int, int, int, int, char (*) [20], unsigned int, unsigned int)
 .text._Z41__static_initialization_and_destruction_0ii
                0x00012be8       0x2c Libraries/FEHLCD.o
 .text._GLOBAL__sub_I_image
                0x00012c14       0x10 Libraries/FEHLCD.o
 .text._ZN8FEHAccelC2Ev
                0x00012c24       0x70 Libraries/FEHAccel.o
                0x00012c24                FEHAccel::FEHAccel()
                0x00012c24                FEHAccel::FEHAccel()
 .text._Z41__static_initialization_and_destruction_0ii
                0x00012c94       0x2c Libraries/FEHAccel.o
 .text._GLOBAL__sub_I_Accel
                0x00012cc0       0x10 Libraries/FEHAccel.o
 .text._ZN10FEHBatteryC2EN5FEHIO8FEHIOPinE
                0x00012cd0       0x22 Libraries/FEHBattery.o
                0x00012cd0                FEHBattery::FEHBattery(FEHIO::FEHIOPin)
                0x00012cd0                FEHBattery::FEHBattery(FEHIO::FEHIOPin)
 *fill*         0x00012cf2        0x2 
 .text._Z41__static_initialization_and_destruction_0ii
                0x00012cf4       0x30 Libraries/FEHBattery.o
 .text._GLOBAL__sub_I_Battery
                0x00012d24       0x10 Libraries/FEHBattery.o
 .text._ZN7FEHXBeeC2Ev
                0x00012d34       0x1a Drivers/FEHXBee.o
                0x00012d34                FEHXBee::FEHXBee()
                0x00012d34                FEHXBee::FEHXBee()
 *fill*         0x00012d4e        0x2 
 .text._ZN7FEHXBee10InitializeEv
                0x00012d50       0xdc Drivers/FEHXBee.o
                0x00012d50                FEHXBee::Initialize()
 .text._ZN7FEHXBee13IsInitializedEv
                0x00012e2c       0x16 Drivers/FEHXBee.o
                0x00012e2c                FEHXBee::IsInitialized()
 *fill*         0x00012e42        0x2 
 .text._ZN7FEHXBee17ReceiveDataSearchEPcjh
                0x00012e44       0x8c Drivers/FEHXBee.o
                0x00012e44                FEHXBee::ReceiveDataSearch(char*, unsigned int, unsigned char)
 .text._ZN7FEHXBee8SendDataEPcj
                0x00012ed0       0x40 Drivers/FEHXBee.o
                0x00012ed0                FEHXBee::SendData(char*, unsigned int)
 .text._ZN7FEHXBee17SetPacketCallBackEPFvPhhE
                0x00012f10       0x20 Drivers/FEHXBee.o
                0x00012f10                FEHXBee::SetPacketCallBack(void (*)(unsigned char*, unsigned char))
 .text._Z22UART0_RX_TX_IRQHandlerv
                0x00012f30       0xec Drivers/FEHXBee.o
                0x00012f30                UART0_RX_TX_IRQHandler()
 .text._ZN6FEHRPSC2Ev
                0x0001301c       0x74 Libraries/FEHRPS.o
                0x0001301c                FEHRPS::FEHRPS()
                0x0001301c                FEHRPS::FEHRPS()
 .text._ZN6FEHRPS10InitializeEi
                0x00013090      0x664 Libraries/FEHRPS.o
                0x00013090                FEHRPS::Initialize(int)
 .text._ZN6FEHRPS10InitializeEc
                0x000136f4       0x46 Libraries/FEHRPS.o
                0x000136f4                FEHRPS::Initialize(char)
 *fill*         0x0001373a        0x2 
 .text._ZN6FEHRPS19InitializeTouchMenuEv
                0x0001373c      0x424 Libraries/FEHRPS.o
                0x0001373c                FEHRPS::InitializeTouchMenu()
 .text._ZN6FEHRPS19CurrentRegionLetterEv
                0x00013b60       0x1c Libraries/FEHRPS.o
                0x00013b60                FEHRPS::CurrentRegionLetter()
 .text._ZN6FEHRPS15GetCorrectLeverEv
                0x00013b7c       0x1c Libraries/FEHRPS.o
                0x00013b7c                FEHRPS::GetCorrectLever()
 .text._ZN6FEHRPS13WaitForPacketEv
                0x00013b98       0x58 Libraries/FEHRPS.o
                0x00013b98                FEHRPS::WaitForPacket()
 .text._ZN6FEHRPS1XEv
                0x00013bf0       0x1c Libraries/FEHRPS.o
                0x00013bf0                FEHRPS::X()
 .text._ZN6FEHRPS1YEv
                0x00013c0c       0x1c Libraries/FEHRPS.o
                0x00013c0c                FEHRPS::Y()
 .text._Z14RPSDataProcessPhh
                0x00013c28      0x148 Libraries/FEHRPS.o
                0x00013c28                RPSDataProcess(unsigned char*, unsigned char)
 .text._Z41__static_initialization_and_destruction_0ii
                0x00013d70       0x2c Libraries/FEHRPS.o
 .text._GLOBAL__sub_I_RPS
                0x00013d9c       0x10 Libraries/FEHRPS.o
 .text._ZN5FEHSDC2Ev
                0x00013dac       0x24 Libraries/FEHSD.o
                0x00013dac                FEHSD::FEHSD()
                0x00013dac                FEHSD::FEHSD()
 .text._ZN5FEHSD9FCloseAllEv
                0x00013dd0       0x6c Libraries/FEHSD.o
                0x00013dd0                FEHSD::FCloseAll()
 .text._Z41__static_initialization_and_destruction_0ii
                0x00013e3c       0x2c Libraries/FEHSD.o
 .text._GLOBAL__sub_I_SD
                0x00013e68       0x10 Libraries/FEHSD.o
 .text._ZN9FEHRandom10InitializeEv
                0x00013e78       0x3c Libraries/FEHRandom.o
                0x00013e78                FEHRandom::Initialize()
 .text.startup._GLOBAL__sub_I__ZN9__gnu_cxx9__freeresEv
                0x00013eb4       0x28 c:/gcc-arm-none-eabi-10.3-2021.10/bin/../lib/gcc/arm-none-eabi/10.3.1/../../../../arm-none-eabi/lib/thumb/v7e-m/nofp\libstdc++.a(eh_alloc.o)
 .text          0x00013edc      0x378 c:/gcc-arm-none-eabi-10.3-2021.10/bin/../lib/gcc/arm-none-eabi/10.3.1/thumb/v7e-m/nofp\libgcc.a(_arm_addsubdf3.o)
                0x00013edc                __aeabi_drsub
                0x00013ee4                __aeabi_dsub
                0x00013ee4                __subdf3
                0x00013ee8                __aeabi_dadd
                0x00013ee8                __adddf3
                0x00014160                __floatunsidf
                0x00014160                __aeabi_ui2d
                0x00014180                __floatsidf
                0x00014180                __aeabi_i2d
                0x000141a4                __aeabi_f2d
                0x000141a4                __extendsfdf2
                0x000141e8                __floatundidf
                0x000141e8                __aeabi_ul2d
                0x000141f8                __floatdidf
                0x000141f8                __aeabi_l2d
 .text          0x00014254      0x424 c:/gcc-arm-none-eabi-10.3-2021.10/bin/../lib/gcc/arm-none-eabi/10.3.1/thumb/v7e-m/nofp\libgcc.a(_arm_muldivdf3.o)
                0x00014254                __aeabi_dmul
                0x00014254                __muldf3
                0x000144a8                __divdf3
                0x000144a8                __aeabi_ddiv
 .text          0x00014678      0x110 c:/gcc-arm-none-eabi-10.3-2021.10/bin/../lib/gcc/arm-none-eabi/10.3.1/thumb/v7e-m/nofp\libgcc.a(_arm_cmpdf2.o)
                0x00014678                __gtdf2
                0x00014678                __gedf2
                0x00014680                __ltdf2
                0x00014680                __ledf2
                0x00014688                __nedf2
                0x00014688                __eqdf2
                0x00014688                __cmpdf2
                0x00014704                __aeabi_cdrcmple
                0x00014714                __aeabi_cdcmpeq
                0x00014714                __aeabi_cdcmple
                0x00014724                __aeabi_dcmpeq
                0x00014738                __aeabi_dcmplt
                0x0001474c                __aeabi_dcmple
                0x00014760                __aeabi_dcmpge
                0x00014774                __aeabi_dcmpgt
 .text          0x00014788       0x50 c:/gcc-arm-none-eabi-10.3-2021.10/bin/../lib/gcc/arm-none-eabi/10.3.1/thumb/v7e-m/nofp\libgcc.a(_arm_fixdfsi.o)
                0x00014788                __aeabi_d2iz
                0x00014788                __fixdfsi
 .text          0x000147d8       0x40 c:/gcc-arm-none-eabi-10.3-2021.10/bin/../lib/gcc/arm-none-eabi/10.3.1/thumb/v7e-m/nofp\libgcc.a(_arm_fixunsdfsi.o)
                0x000147d8                __aeabi_d2uiz
                0x000147d8                __fixunsdfsi
 .text          0x00014818       0xa0 c:/gcc-arm-none-eabi-10.3-2021.10/bin/../lib/gcc/arm-none-eabi/10.3.1/thumb/v7e-m/nofp\libgcc.a(_arm_truncdfsf2.o)
                0x00014818                __truncdfsf2
                0x00014818                __aeabi_d2f
 .text          0x000148b8      0x21c c:/gcc-arm-none-eabi-10.3-2021.10/bin/../lib/gcc/arm-none-eabi/10.3.1/thumb/v7e-m/nofp\libgcc.a(_arm_addsubsf3.o)
                0x000148b8                __aeabi_frsub
                0x000148c0                __subsf3
                0x000148c0                __aeabi_fsub
                0x000148c4                __aeabi_fadd
                0x000148c4                __addsf3
                0x00014a24                __aeabi_ui2f
                0x00014a24                __floatunsisf
                0x00014a2c                __aeabi_i2f
                0x00014a2c                __floatsisf
                0x00014a48                __aeabi_ul2f
                0x00014a48                __floatundisf
                0x00014a58                __aeabi_l2f
                0x00014a58                __floatdisf
 .text          0x00014ad4      0x2a0 c:/gcc-arm-none-eabi-10.3-2021.10/bin/../lib/gcc/arm-none-eabi/10.3.1/thumb/v7e-m/nofp\libgcc.a(_arm_muldivsf3.o)
                0x00014ad4                __mulsf3
                0x00014ad4                __aeabi_fmul
                0x00014c3c                __aeabi_fdiv
                0x00014c3c                __divsf3
 .text          0x00014d74       0xec c:/gcc-arm-none-eabi-10.3-2021.10/bin/../lib/gcc/arm-none-eabi/10.3.1/thumb/v7e-m/nofp\libgcc.a(_arm_cmpsf2.o)
                0x00014d74                __gesf2
                0x00014d74                __gtsf2
                0x00014d7c                __lesf2
                0x00014d7c                __ltsf2
                0x00014d84                __nesf2
                0x00014d84                __eqsf2
                0x00014d84                __cmpsf2
                0x00014de4                __aeabi_cfrcmple
                0x00014dec                __aeabi_cfcmpeq
                0x00014dec                __aeabi_cfcmple
                0x00014dfc                __aeabi_fcmpeq
                0x00014e10                __aeabi_fcmplt
                0x00014e24                __aeabi_fcmple
                0x00014e38                __aeabi_fcmpge
                0x00014e4c                __aeabi_fcmpgt
 .text          0x00014e60       0x4c c:/gcc-arm-none-eabi-10.3-2021.10/bin/../lib/gcc/arm-none-eabi/10.3.1/thumb/v7e-m/nofp\libgcc.a(_arm_fixsfsi.o)
                0x00014e60                __aeabi_f2iz
                0x00014e60                __fixsfsi
 .text.abort    0x00014eac       0x10 c:/gcc-arm-none-eabi-10.3-2021.10/bin/../lib/gcc/arm-none-eabi/10.3.1/../../../../arm-none-eabi/lib/thumb/v7e-m/nofp\libg.a(lib_a-abort.o)
                0x00014eac                abort
 .text.__sfvwrite_r
                0x00014ebc      0x2e8 c:/gcc-arm-none-eabi-10.3-2021.10/bin/../lib/gcc/arm-none-eabi/10.3.1/../../../../arm-none-eabi/lib/thumb/v7e-m/nofp\libg.a(lib_a-fvwrite.o)
                0x00014ebc                __sfvwrite_r
 .text.__libc_init_array
                0x000151a4       0x48 c:/gcc-arm-none-eabi-10.3-2021.10/bin/../lib/gcc/arm-none-eabi/10.3.1/../../../../arm-none-eabi/lib/thumb/v7e-m/nofp\libg.a(lib_a-init.o)
                0x000151a4                __libc_init_array
 .text.__retarget_lock_init_recursive
                0x000151ec        0x4 c:/gcc-arm-none-eabi-10.3-2021.10/bin/../lib/gcc/arm-none-eabi/10.3.1/../../../../arm-none-eabi/lib/thumb/v7e-m/nofp\libg.a(lib_a-lock.o)
                0x000151ec                __retarget_lock_init_recursive
 .text.__retarget_lock_close_recursive
                0x000151f0        0x4 c:/gcc-arm-none-eabi-10.3-2021.10/bin/../lib/gcc/arm-none-eabi/10.3.1/../../../../arm-none-eabi/lib/thumb/v7e-m/nofp\libg.a(lib_a-lock.o)
                0x000151f0                __retarget_lock_close_recursive
 .text.__retarget_lock_acquire_recursive
                0x000151f4        0x4 c:/gcc-arm-none-eabi-10.3-2021.10/bin/../lib/gcc/arm-none-eabi/10.3.1/../../../../arm-none-eabi/lib/thumb/v7e-m/nofp\libg.a(lib_a-lock.o)
                0x000151f4                __retarget_lock_acquire_recursive
 .text.__retarget_lock_release_recursive
                0x000151f8        0x4 c:/gcc-arm-none-eabi-10.3-2021.10/bin/../lib/gcc/arm-none-eabi/10.3.1/../../../../arm-none-eabi/lib/thumb/v7e-m/nofp\libg.a(lib_a-lock.o)
                0x000151f8                __retarget_lock_release_recursive
 .text.malloc   0x000151fc       0x10 c:/gcc-arm-none-eabi-10.3-2021.10/bin/../lib/gcc/arm-none-eabi/10.3.1/../../../../arm-none-eabi/lib/thumb/v7e-m/nofp\libg.a(lib_a-malloc.o)
                0x000151fc                malloc
 .text._malloc_r
                0x0001520c      0x560 c:/gcc-arm-none-eabi-10.3-2021.10/bin/../lib/gcc/arm-none-eabi/10.3.1/../../../../arm-none-eabi/lib/thumb/v7e-m/nofp\libg.a(lib_a-mallocr.o)
                0x0001520c                _malloc_r
 *fill*         0x0001576c        0x4 
 .text          0x00015770       0xa0 c:/gcc-arm-none-eabi-10.3-2021.10/bin/../lib/gcc/arm-none-eabi/10.3.1/../../../../arm-none-eabi/lib/thumb/v7e-m/nofp\libg.a(lib_a-memchr.o)
                0x00015770                memchr
 .text          0x00015810      0x134 c:/gcc-arm-none-eabi-10.3-2021.10/bin/../lib/gcc/arm-none-eabi/10.3.1/../../../../arm-none-eabi/lib/thumb/v7e-m/nofp\libg.a(lib_a-memcpy.o)
                0x00015810                memcpy
 .text.memmove  0x00015944       0xf8 c:/gcc-arm-none-eabi-10.3-2021.10/bin/../lib/gcc/arm-none-eabi/10.3.1/../../../../arm-none-eabi/lib/thumb/v7e-m/nofp\libg.a(lib_a-memmove.o)
                0x00015944                memmove
 .text.memset   0x00015a3c       0xa4 c:/gcc-arm-none-eabi-10.3-2021.10/bin/../lib/gcc/arm-none-eabi/10.3.1/../../../../arm-none-eabi/lib/thumb/v7e-m/nofp\libg.a(lib_a-memset.o)
                0x00015a3c                memset
 .text.__malloc_lock
                0x00015ae0        0xc c:/gcc-arm-none-eabi-10.3-2021.10/bin/../lib/gcc/arm-none-eabi/10.3.1/../../../../arm-none-eabi/lib/thumb/v7e-m/nofp\libg.a(lib_a-mlock.o)
                0x00015ae0                __malloc_lock
 .text.__malloc_unlock
                0x00015aec        0xc c:/gcc-arm-none-eabi-10.3-2021.10/bin/../lib/gcc/arm-none-eabi/10.3.1/../../../../arm-none-eabi/lib/thumb/v7e-m/nofp\libg.a(lib_a-mlock.o)
                0x00015aec                __malloc_unlock
 .text._realloc_r
                0x00015af8      0x3d8 c:/gcc-arm-none-eabi-10.3-2021.10/bin/../lib/gcc/arm-none-eabi/10.3.1/../../../../arm-none-eabi/lib/thumb/v7e-m/nofp\libg.a(lib_a-reallocr.o)
                0x00015af8                _realloc_r
 .text._sbrk_r  0x00015ed0       0x24 c:/gcc-arm-none-eabi-10.3-2021.10/bin/../lib/gcc/arm-none-eabi/10.3.1/../../../../arm-none-eabi/lib/thumb/v7e-m/nofp\libg.a(lib_a-sbrkr.o)
                0x00015ed0                _sbrk_r
 .text.raise    0x00015ef4       0x5c c:/gcc-arm-none-eabi-10.3-2021.10/bin/../lib/gcc/arm-none-eabi/10.3.1/../../../../arm-none-eabi/lib/thumb/v7e-m/nofp\libg.a(lib_a-signal.o)
                0x00015ef4                raise
 .text._kill_r  0x00015f50       0x2c c:/gcc-arm-none-eabi-10.3-2021.10/bin/../lib/gcc/arm-none-eabi/10.3.1/../../../../arm-none-eabi/lib/thumb/v7e-m/nofp\libg.a(lib_a-signalr.o)
                0x00015f50                _kill_r
 .text._getpid_r
                0x00015f7c        0x4 c:/gcc-arm-none-eabi-10.3-2021.10/bin/../lib/gcc/arm-none-eabi/10.3.1/../../../../arm-none-eabi/lib/thumb/v7e-m/nofp\libg.a(lib_a-signalr.o)
                0x00015f7c                _getpid_r
 .text.sprintf  0x00015f80       0x40 c:/gcc-arm-none-eabi-10.3-2021.10/bin/../lib/gcc/arm-none-eabi/10.3.1/../../../../arm-none-eabi/lib/thumb/v7e-m/nofp\libg.a(lib_a-sprintf.o)
                0x00015f80                sprintf
 .text.strcpy   0x00015fc0       0xbc c:/gcc-arm-none-eabi-10.3-2021.10/bin/../lib/gcc/arm-none-eabi/10.3.1/../../../../arm-none-eabi/lib/thumb/v7e-m/nofp\libg.a(lib_a-strcpy.o)
                0x00015fc0                strcpy
 *fill*         0x0001607c        0x4 
 .text          0x00016080       0xdc c:/gcc-arm-none-eabi-10.3-2021.10/bin/../lib/gcc/arm-none-eabi/10.3.1/../../../../arm-none-eabi/lib/thumb/v7e-m/nofp\libg.a(lib_a-strlen.o)
                0x00016080                strlen
 .text._svfprintf_r
                0x0001615c     0x1a3c c:/gcc-arm-none-eabi-10.3-2021.10/bin/../lib/gcc/arm-none-eabi/10.3.1/../../../../arm-none-eabi/lib/thumb/v7e-m/nofp\libg.a(lib_a-svfprintf.o)
                0x0001615c                _svfprintf_r
 .text.__swbuf_r
                0x00017b98       0xb0 c:/gcc-arm-none-eabi-10.3-2021.10/bin/../lib/gcc/arm-none-eabi/10.3.1/../../../../arm-none-eabi/lib/thumb/v7e-m/nofp\libg.a(lib_a-wbuf.o)
                0x00017b98                __swbuf_r
 .text._write_r
                0x00017c48       0x2c c:/gcc-arm-none-eabi-10.3-2021.10/bin/../lib/gcc/arm-none-eabi/10.3.1/../../../../arm-none-eabi/lib/thumb/v7e-m/nofp\libg.a(lib_a-writer.o)
                0x00017c48                _write_r
 .text.__swsetup_r
                0x00017c74       0xd4 c:/gcc-arm-none-eabi-10.3-2021.10/bin/../lib/gcc/arm-none-eabi/10.3.1/../../../../arm-none-eabi/lib/thumb/v7e-m/nofp\libg.a(lib_a-wsetup.o)
                0x00017c74                __swsetup_r
 .text.startup.register_fini
                0x00017d48       0x14 c:/gcc-arm-none-eabi-10.3-2021.10/bin/../lib/gcc/arm-none-eabi/10.3.1/../../../../arm-none-eabi/lib/thumb/v7e-m/nofp\libg.a(lib_a-__call_atexit.o)
 .text.atexit   0x00017d5c        0xc c:/gcc-arm-none-eabi-10.3-2021.10/bin/../lib/gcc/arm-none-eabi/10.3.1/../../../../arm-none-eabi/lib/thumb/v7e-m/nofp\libg.a(lib_a-atexit.o)
                0x00017d5c                atexit
 .text.quorem   0x00017d68      0x124 c:/gcc-arm-none-eabi-10.3-2021.10/bin/../lib/gcc/arm-none-eabi/10.3.1/../../../../arm-none-eabi/lib/thumb/v7e-m/nofp\libg.a(lib_a-dtoa.o)
 *fill*         0x00017e8c        0x4 
 .text._dtoa_r  0x00017e90      0xec4 c:/gcc-arm-none-eabi-10.3-2021.10/bin/../lib/gcc/arm-none-eabi/10.3.1/../../../../arm-none-eabi/lib/thumb/v7e-m/nofp\libg.a(lib_a-dtoa.o)
                0x00017e90                _dtoa_r
 .text.__sflush_r
                0x00018d54      0x120 c:/gcc-arm-none-eabi-10.3-2021.10/bin/../lib/gcc/arm-none-eabi/10.3.1/../../../../arm-none-eabi/lib/thumb/v7e-m/nofp\libg.a(lib_a-fflush.o)
                0x00018d54                __sflush_r
 .text._fflush_r
                0x00018e74       0x5c c:/gcc-arm-none-eabi-10.3-2021.10/bin/../lib/gcc/arm-none-eabi/10.3.1/../../../../arm-none-eabi/lib/thumb/v7e-m/nofp\libg.a(lib_a-fflush.o)
                0x00018e74                _fflush_r
 .text._cleanup_r
                0x00018ed0        0xc c:/gcc-arm-none-eabi-10.3-2021.10/bin/../lib/gcc/arm-none-eabi/10.3.1/../../../../arm-none-eabi/lib/thumb/v7e-m/nofp\libg.a(lib_a-findfp.o)
                0x00018ed0                _cleanup_r
 .text.__sinit  0x00018edc      0x10c c:/gcc-arm-none-eabi-10.3-2021.10/bin/../lib/gcc/arm-none-eabi/10.3.1/../../../../arm-none-eabi/lib/thumb/v7e-m/nofp\libg.a(lib_a-findfp.o)
                0x00018edc                __sinit
 .text.__sfp_lock_acquire
                0x00018fe8        0xc c:/gcc-arm-none-eabi-10.3-2021.10/bin/../lib/gcc/arm-none-eabi/10.3.1/../../../../arm-none-eabi/lib/thumb/v7e-m/nofp\libg.a(lib_a-findfp.o)
                0x00018fe8                __sfp_lock_acquire
 .text.__sfp_lock_release
                0x00018ff4        0xc c:/gcc-arm-none-eabi-10.3-2021.10/bin/../lib/gcc/arm-none-eabi/10.3.1/../../../../arm-none-eabi/lib/thumb/v7e-m/nofp\libg.a(lib_a-findfp.o)
                0x00018ff4                __sfp_lock_release
 .text.__libc_fini_array
                0x00019000       0x2c c:/gcc-arm-none-eabi-10.3-2021.10/bin/../lib/gcc/arm-none-eabi/10.3.1/../../../../arm-none-eabi/lib/thumb/v7e-m/nofp\libg.a(lib_a-fini.o)
                0x00019000                __libc_fini_array
 .text._malloc_trim_r
                0x0001902c       0xa0 c:/gcc-arm-none-eabi-10.3-2021.10/bin/../lib/gcc/arm-none-eabi/10.3.1/../../../../arm-none-eabi/lib/thumb/v7e-m/nofp\libg.a(lib_a-freer.o)
                0x0001902c                _malloc_trim_r
 .text._free_r  0x000190cc      0x20c c:/gcc-arm-none-eabi-10.3-2021.10/bin/../lib/gcc/arm-none-eabi/10.3.1/../../../../arm-none-eabi/lib/thumb/v7e-m/nofp\libg.a(lib_a-freer.o)
                0x000190cc                _free_r
 .text._fwalk_reent
                0x000192d8       0x48 c:/gcc-arm-none-eabi-10.3-2021.10/bin/../lib/gcc/arm-none-eabi/10.3.1/../../../../arm-none-eabi/lib/thumb/v7e-m/nofp\libg.a(lib_a-fwalk.o)
                0x000192d8                _fwalk_reent
 .text._localeconv_r
                0x00019320        0x8 c:/gcc-arm-none-eabi-10.3-2021.10/bin/../lib/gcc/arm-none-eabi/10.3.1/../../../../arm-none-eabi/lib/thumb/v7e-m/nofp\libg.a(lib_a-localeconv.o)
                0x00019320                _localeconv_r
 .text.__smakebuf_r
                0x00019328       0xe0 c:/gcc-arm-none-eabi-10.3-2021.10/bin/../lib/gcc/arm-none-eabi/10.3.1/../../../../arm-none-eabi/lib/thumb/v7e-m/nofp\libg.a(lib_a-makebuf.o)
                0x00019328                __smakebuf_r
 .text._Balloc  0x00019408       0x4c c:/gcc-arm-none-eabi-10.3-2021.10/bin/../lib/gcc/arm-none-eabi/10.3.1/../../../../arm-none-eabi/lib/thumb/v7e-m/nofp\libg.a(lib_a-mprec.o)
                0x00019408                _Balloc
 .text._Bfree   0x00019454       0x14 c:/gcc-arm-none-eabi-10.3-2021.10/bin/../lib/gcc/arm-none-eabi/10.3.1/../../../../arm-none-eabi/lib/thumb/v7e-m/nofp\libg.a(lib_a-mprec.o)
                0x00019454                _Bfree
 .text.__multadd
                0x00019468       0xa0 c:/gcc-arm-none-eabi-10.3-2021.10/bin/../lib/gcc/arm-none-eabi/10.3.1/../../../../arm-none-eabi/lib/thumb/v7e-m/nofp\libg.a(lib_a-mprec.o)
                0x00019468                __multadd
 .text.__hi0bits
                0x00019508       0x40 c:/gcc-arm-none-eabi-10.3-2021.10/bin/../lib/gcc/arm-none-eabi/10.3.1/../../../../arm-none-eabi/lib/thumb/v7e-m/nofp\libg.a(lib_a-mprec.o)
                0x00019508                __hi0bits
 .text.__lo0bits
                0x00019548       0x5c c:/gcc-arm-none-eabi-10.3-2021.10/bin/../lib/gcc/arm-none-eabi/10.3.1/../../../../arm-none-eabi/lib/thumb/v7e-m/nofp\libg.a(lib_a-mprec.o)
                0x00019548                __lo0bits
 .text.__i2b    0x000195a4       0x5c c:/gcc-arm-none-eabi-10.3-2021.10/bin/../lib/gcc/arm-none-eabi/10.3.1/../../../../arm-none-eabi/lib/thumb/v7e-m/nofp\libg.a(lib_a-mprec.o)
                0x000195a4                __i2b
 .text.__multiply
                0x00019600      0x15c c:/gcc-arm-none-eabi-10.3-2021.10/bin/../lib/gcc/arm-none-eabi/10.3.1/../../../../arm-none-eabi/lib/thumb/v7e-m/nofp\libg.a(lib_a-mprec.o)
                0x00019600                __multiply
 .text.__pow5mult
                0x0001975c       0xc0 c:/gcc-arm-none-eabi-10.3-2021.10/bin/../lib/gcc/arm-none-eabi/10.3.1/../../../../arm-none-eabi/lib/thumb/v7e-m/nofp\libg.a(lib_a-mprec.o)
                0x0001975c                __pow5mult
 .text.__lshift
                0x0001981c       0xf0 c:/gcc-arm-none-eabi-10.3-2021.10/bin/../lib/gcc/arm-none-eabi/10.3.1/../../../../arm-none-eabi/lib/thumb/v7e-m/nofp\libg.a(lib_a-mprec.o)
                0x0001981c                __lshift
 .text.__mcmp   0x0001990c       0x40 c:/gcc-arm-none-eabi-10.3-2021.10/bin/../lib/gcc/arm-none-eabi/10.3.1/../../../../arm-none-eabi/lib/thumb/v7e-m/nofp\libg.a(lib_a-mprec.o)
                0x0001990c                __mcmp
 .text.__mdiff  0x0001994c      0x14c c:/gcc-arm-none-eabi-10.3-2021.10/bin/../lib/gcc/arm-none-eabi/10.3.1/../../../../arm-none-eabi/lib/thumb/v7e-m/nofp\libg.a(lib_a-mprec.o)
                0x0001994c                __mdiff
 .text.__d2b    0x00019a98       0xc4 c:/gcc-arm-none-eabi-10.3-2021.10/bin/../lib/gcc/arm-none-eabi/10.3.1/../../../../arm-none-eabi/lib/thumb/v7e-m/nofp\libg.a(lib_a-mprec.o)
                0x00019a98                __d2b
 .text.frexp    0x00019b5c       0x70 c:/gcc-arm-none-eabi-10.3-2021.10/bin/../lib/gcc/arm-none-eabi/10.3.1/../../../../arm-none-eabi/lib/thumb/v7e-m/nofp\libg.a(lib_a-s_frexp.o)
                0x00019b5c                frexp
 .text.__sread  0x00019bcc       0x24 c:/gcc-arm-none-eabi-10.3-2021.10/bin/../lib/gcc/arm-none-eabi/10.3.1/../../../../arm-none-eabi/lib/thumb/v7e-m/nofp\libg.a(lib_a-stdio.o)
                0x00019bcc                __sread
 .text.__swrite
                0x00019bf0       0x40 c:/gcc-arm-none-eabi-10.3-2021.10/bin/../lib/gcc/arm-none-eabi/10.3.1/../../../../arm-none-eabi/lib/thumb/v7e-m/nofp\libg.a(lib_a-stdio.o)
                0x00019bf0                __swrite
 .text.__sseek  0x00019c30       0x20 c:/gcc-arm-none-eabi-10.3-2021.10/bin/../lib/gcc/arm-none-eabi/10.3.1/../../../../arm-none-eabi/lib/thumb/v7e-m/nofp\libg.a(lib_a-stdio.o)
                0x00019c30                __sseek
 .text.__sclose
                0x00019c50        0x8 c:/gcc-arm-none-eabi-10.3-2021.10/bin/../lib/gcc/arm-none-eabi/10.3.1/../../../../arm-none-eabi/lib/thumb/v7e-m/nofp\libg.a(lib_a-stdio.o)
                0x00019c50                __sclose
 .text.strncpy  0x00019c58       0x64 c:/gcc-arm-none-eabi-10.3-2021.10/bin/../lib/gcc/arm-none-eabi/10.3.1/../../../../arm-none-eabi/lib/thumb/v7e-m/nofp\libg.a(lib_a-strncpy.o)
                0x00019c58                strncpy
 .text.__ssprint_r
                0x00019cbc       0xf8 c:/gcc-arm-none-eabi-10.3-2021.10/bin/../lib/gcc/arm-none-eabi/10.3.1/../../../../arm-none-eabi/lib/thumb/v7e-m/nofp\libg.a(lib_a-svfiprintf.o)
                0x00019cbc                __ssprint_r
 .text.__register_exitproc
                0x00019db4       0x8c c:/gcc-arm-none-eabi-10.3-2021.10/bin/../lib/gcc/arm-none-eabi/10.3.1/../../../../arm-none-eabi/lib/thumb/v7e-m/nofp\libg.a(lib_a-__atexit.o)
                0x00019db4                __register_exitproc
 .text.__assert_func
                0x00019e40       0x40 c:/gcc-arm-none-eabi-10.3-2021.10/bin/../lib/gcc/arm-none-eabi/10.3.1/../../../../arm-none-eabi/lib/thumb/v7e-m/nofp\libg.a(lib_a-assert.o)
                0x00019e40                __assert_func
 .text._calloc_r
                0x00019e80       0x78 c:/gcc-arm-none-eabi-10.3-2021.10/bin/../lib/gcc/arm-none-eabi/10.3.1/../../../../arm-none-eabi/lib/thumb/v7e-m/nofp\libg.a(lib_a-callocr.o)
                0x00019e80                _calloc_r
 .text._close_r
                0x00019ef8       0x24 c:/gcc-arm-none-eabi-10.3-2021.10/bin/../lib/gcc/arm-none-eabi/10.3.1/../../../../arm-none-eabi/lib/thumb/v7e-m/nofp\libg.a(lib_a-closer.o)
                0x00019ef8                _close_r
 .text.__errno  0x00019f1c        0xc c:/gcc-arm-none-eabi-10.3-2021.10/bin/../lib/gcc/arm-none-eabi/10.3.1/../../../../arm-none-eabi/lib/thumb/v7e-m/nofp\libg.a(lib_a-errno.o)
                0x00019f1c                __errno
 .text._fclose_r
                0x00019f28       0xcc c:/gcc-arm-none-eabi-10.3-2021.10/bin/../lib/gcc/arm-none-eabi/10.3.1/../../../../arm-none-eabi/lib/thumb/v7e-m/nofp\libg.a(lib_a-fclose.o)
                0x00019f28                _fclose_r
 .text.fiprintf
                0x00019ff4       0x28 c:/gcc-arm-none-eabi-10.3-2021.10/bin/../lib/gcc/arm-none-eabi/10.3.1/../../../../arm-none-eabi/lib/thumb/v7e-m/nofp\libg.a(lib_a-fiprintf.o)
                0x00019ff4                fiprintf
 .text._fstat_r
                0x0001a01c       0x2c c:/gcc-arm-none-eabi-10.3-2021.10/bin/../lib/gcc/arm-none-eabi/10.3.1/../../../../arm-none-eabi/lib/thumb/v7e-m/nofp\libg.a(lib_a-fstatr.o)
                0x0001a01c                _fstat_r
 .text._isatty_r
                0x0001a048       0x24 c:/gcc-arm-none-eabi-10.3-2021.10/bin/../lib/gcc/arm-none-eabi/10.3.1/../../../../arm-none-eabi/lib/thumb/v7e-m/nofp\libg.a(lib_a-isattyr.o)
                0x0001a048                _isatty_r
 .text.__locale_mb_cur_max
                0x0001a06c        0xc c:/gcc-arm-none-eabi-10.3-2021.10/bin/../lib/gcc/arm-none-eabi/10.3.1/../../../../arm-none-eabi/lib/thumb/v7e-m/nofp\libg.a(lib_a-locale.o)
                0x0001a06c                __locale_mb_cur_max
 .text._lseek_r
                0x0001a078       0x2c c:/gcc-arm-none-eabi-10.3-2021.10/bin/../lib/gcc/arm-none-eabi/10.3.1/../../../../arm-none-eabi/lib/thumb/v7e-m/nofp\libg.a(lib_a-lseekr.o)
                0x0001a078                _lseek_r
 .text.__ascii_mbtowc
                0x0001a0a4       0x2c c:/gcc-arm-none-eabi-10.3-2021.10/bin/../lib/gcc/arm-none-eabi/10.3.1/../../../../arm-none-eabi/lib/thumb/v7e-m/nofp\libg.a(lib_a-mbtowc_r.o)
                0x0001a0a4                __ascii_mbtowc
 .text._read_r  0x0001a0d0       0x2c c:/gcc-arm-none-eabi-10.3-2021.10/bin/../lib/gcc/arm-none-eabi/10.3.1/../../../../arm-none-eabi/lib/thumb/v7e-m/nofp\libg.a(lib_a-readr.o)
                0x0001a0d0                _read_r
 .text.__sprint_r.part.0
                0x0001a0fc       0x78 c:/gcc-arm-none-eabi-10.3-2021.10/bin/../lib/gcc/arm-none-eabi/10.3.1/../../../../arm-none-eabi/lib/thumb/v7e-m/nofp\libg.a(lib_a-vfiprintf.o)
 .text._vfiprintf_r
                0x0001a174      0xda0 c:/gcc-arm-none-eabi-10.3-2021.10/bin/../lib/gcc/arm-none-eabi/10.3.1/../../../../arm-none-eabi/lib/thumb/v7e-m/nofp\libg.a(lib_a-vfiprintf.o)
                0x0001a174                _vfiprintf_r
 .text.__sbprintf
                0x0001af14       0x80 c:/gcc-arm-none-eabi-10.3-2021.10/bin/../lib/gcc/arm-none-eabi/10.3.1/../../../../arm-none-eabi/lib/thumb/v7e-m/nofp\libg.a(lib_a-vfiprintf.o)
 .text.__ascii_wctomb
                0x0001af94       0x1c c:/gcc-arm-none-eabi-10.3-2021.10/bin/../lib/gcc/arm-none-eabi/10.3.1/../../../../arm-none-eabi/lib/thumb/v7e-m/nofp\libg.a(lib_a-wctomb_r.o)
                0x0001af94                __ascii_wctomb
 .text.__fputwc
                0x0001afb0       0xa8 c:/gcc-arm-none-eabi-10.3-2021.10/bin/../lib/gcc/arm-none-eabi/10.3.1/../../../../arm-none-eabi/lib/thumb/v7e-m/nofp\libg.a(lib_a-fputwc.o)
                0x0001afb0                __fputwc
 .text._fputwc_r
                0x0001b058       0x68 c:/gcc-arm-none-eabi-10.3-2021.10/bin/../lib/gcc/arm-none-eabi/10.3.1/../../../../arm-none-eabi/lib/thumb/v7e-m/nofp\libg.a(lib_a-fputwc.o)
                0x0001b058                _fputwc_r
 .text._wcrtomb_r
                0x0001b0c0       0x3c c:/gcc-arm-none-eabi-10.3-2021.10/bin/../lib/gcc/arm-none-eabi/10.3.1/../../../../arm-none-eabi/lib/thumb/v7e-m/nofp\libg.a(lib_a-wcrtomb.o)
                0x0001b0c0                _wcrtomb_r
 .text          0x0001b0fc       0x2c c:/gcc-arm-none-eabi-10.3-2021.10/bin/../lib/gcc/arm-none-eabi/10.3.1/thumb/v7e-m/nofp\libgcc.a(_arm_unorddf2.o)
                0x0001b0fc                __unorddf2
                0x0001b0fc                __aeabi_dcmpun
 .text          0x0001b128       0x30 c:/gcc-arm-none-eabi-10.3-2021.10/bin/../lib/gcc/arm-none-eabi/10.3.1/thumb/v7e-m/nofp\libgcc.a(_aeabi_uldivmod.o)
                0x0001b128                __aeabi_uldivmod
 .text          0x0001b158      0x2d0 c:/gcc-arm-none-eabi-10.3-2021.10/bin/../lib/gcc/arm-none-eabi/10.3.1/thumb/v7e-m/nofp\libgcc.a(_udivmoddi4.o)
                0x0001b158                __udivmoddi4
 .text          0x0001b428        0x4 c:/gcc-arm-none-eabi-10.3-2021.10/bin/../lib/gcc/arm-none-eabi/10.3.1/thumb/v7e-m/nofp\libgcc.a(_dvmd_tls.o)
                0x0001b428                __aeabi_idiv0
                0x0001b428                __aeabi_ldiv0
 .text._close   0x0001b42c       0x10 c:/gcc-arm-none-eabi-10.3-2021.10/bin/../lib/gcc/arm-none-eabi/10.3.1/../../../../arm-none-eabi/lib/thumb/v7e-m/nofp\libnosys.a(close.o)
                0x0001b42c                _close
 .text._fstat   0x0001b43c       0x10 c:/gcc-arm-none-eabi-10.3-2021.10/bin/../lib/gcc/arm-none-eabi/10.3.1/../../../../arm-none-eabi/lib/thumb/v7e-m/nofp\libnosys.a(fstat.o)
                0x0001b43c                _fstat
 .text._getpid  0x0001b44c       0x10 c:/gcc-arm-none-eabi-10.3-2021.10/bin/../lib/gcc/arm-none-eabi/10.3.1/../../../../arm-none-eabi/lib/thumb/v7e-m/nofp\libnosys.a(getpid.o)
                0x0001b44c                _getpid
 .text._isatty  0x0001b45c       0x10 c:/gcc-arm-none-eabi-10.3-2021.10/bin/../lib/gcc/arm-none-eabi/10.3.1/../../../../arm-none-eabi/lib/thumb/v7e-m/nofp\libnosys.a(isatty.o)
                0x0001b45c                _isatty
 .text._kill    0x0001b46c       0x10 c:/gcc-arm-none-eabi-10.3-2021.10/bin/../lib/gcc/arm-none-eabi/10.3.1/../../../../arm-none-eabi/lib/thumb/v7e-m/nofp\libnosys.a(kill.o)
                0x0001b46c                _kill
 .text._lseek   0x0001b47c       0x10 c:/gcc-arm-none-eabi-10.3-2021.10/bin/../lib/gcc/arm-none-eabi/10.3.1/../../../../arm-none-eabi/lib/thumb/v7e-m/nofp\libnosys.a(lseek.o)
                0x0001b47c                _lseek
 .text._read    0x0001b48c       0x10 c:/gcc-arm-none-eabi-10.3-2021.10/bin/../lib/gcc/arm-none-eabi/10.3.1/../../../../arm-none-eabi/lib/thumb/v7e-m/nofp\libnosys.a(read.o)
                0x0001b48c                _read
 .text._sbrk    0x0001b49c       0x1c c:/gcc-arm-none-eabi-10.3-2021.10/bin/../lib/gcc/arm-none-eabi/10.3.1/../../../../arm-none-eabi/lib/thumb/v7e-m/nofp\libnosys.a(sbrk.o)
                0x0001b49c                _sbrk
 .text._write   0x0001b4b8       0x10 c:/gcc-arm-none-eabi-10.3-2021.10/bin/../lib/gcc/arm-none-eabi/10.3.1/../../../../arm-none-eabi/lib/thumb/v7e-m/nofp\libnosys.a(write.o)
                0x0001b4b8                _write
 .text._exit    0x0001b4c8        0x4 c:/gcc-arm-none-eabi-10.3-2021.10/bin/../lib/gcc/arm-none-eabi/10.3.1/../../../../arm-none-eabi/lib/thumb/v7e-m/nofp\libnosys.a(_exit.o)
                0x0001b4c8                _exit
 *(.rodata .rodata.* .constdata .constdata.*)
 .rodata        0x0001b4cc       0x14 ../light_checks.o
 .rodata.K60_SDHC0_init
                0x0001b4e0        0xc Drivers/SDHC.o
                0x0001b4e0                K60_SDHC0_init
 .rodata._ZL21ESDHC_COMMAND_XFERTYP
                0x0001b4ec      0x100 Drivers/SDHC.o
 .rodata._ZL9GPIOPorts
                0x0001b5ec       0x20 Libraries/FEHIO.o
 .rodata._ZL10ADCNumbers
                0x0001b60c       0x21 Libraries/FEHIO.o
 *fill*         0x0001b62d        0x3 
 .rodata._ZL14GPIOPinNumbers
                0x0001b630       0x80 Libraries/FEHIO.o
 .rodata._ZL16AnalogPinNumbers
                0x0001b6b0       0x84 Libraries/FEHIO.o
 .rodata        0x0001b734       0x78 Libraries/FEHIO.o
 .rodata        0x0001b7ac       0x32 Libraries/FEHLCD.o
 *fill*         0x0001b7de        0x2 
 .rodata        0x0001b7e0      0x33c Libraries/FEHRPS.o
 .rodata._global_impure_ptr
                0x0001bb1c        0x4 c:/gcc-arm-none-eabi-10.3-2021.10/bin/../lib/gcc/arm-none-eabi/10.3.1/../../../../arm-none-eabi/lib/thumb/v7e-m/nofp\libg.a(lib_a-impure.o)
                0x0001bb1c                _global_impure_ptr
 .rodata._svfprintf_r.str1.4
                0x0001bb20       0x42 c:/gcc-arm-none-eabi-10.3-2021.10/bin/../lib/gcc/arm-none-eabi/10.3.1/../../../../arm-none-eabi/lib/thumb/v7e-m/nofp\libg.a(lib_a-svfprintf.o)
 *fill*         0x0001bb62        0x2 
 .rodata.blanks.1
                0x0001bb64       0x10 c:/gcc-arm-none-eabi-10.3-2021.10/bin/../lib/gcc/arm-none-eabi/10.3.1/../../../../arm-none-eabi/lib/thumb/v7e-m/nofp\libg.a(lib_a-svfprintf.o)
 .rodata.zeroes.0
                0x0001bb74       0x10 c:/gcc-arm-none-eabi-10.3-2021.10/bin/../lib/gcc/arm-none-eabi/10.3.1/../../../../arm-none-eabi/lib/thumb/v7e-m/nofp\libg.a(lib_a-svfprintf.o)
 .rodata._dtoa_r.str1.4
                0x0001bb84       0xa2 c:/gcc-arm-none-eabi-10.3-2021.10/bin/../lib/gcc/arm-none-eabi/10.3.1/../../../../arm-none-eabi/lib/thumb/v7e-m/nofp\libg.a(lib_a-dtoa.o)
                                 0xa6 (size before relaxing)
 *fill*         0x0001bc26        0x2 
 .rodata.__multadd.str1.4
                0x0001bc28       0x7f c:/gcc-arm-none-eabi-10.3-2021.10/bin/../lib/gcc/arm-none-eabi/10.3.1/../../../../arm-none-eabi/lib/thumb/v7e-m/nofp\libg.a(lib_a-mprec.o)
                                 0x93 (size before relaxing)
 *fill*         0x0001bca7        0x1 
 .rodata.__mprec_bigtens
                0x0001bca8       0x28 c:/gcc-arm-none-eabi-10.3-2021.10/bin/../lib/gcc/arm-none-eabi/10.3.1/../../../../arm-none-eabi/lib/thumb/v7e-m/nofp\libg.a(lib_a-mprec.o)
                0x0001bca8                __mprec_bigtens
 .rodata.__mprec_tens
                0x0001bcd0       0xc8 c:/gcc-arm-none-eabi-10.3-2021.10/bin/../lib/gcc/arm-none-eabi/10.3.1/../../../../arm-none-eabi/lib/thumb/v7e-m/nofp\libg.a(lib_a-mprec.o)
                0x0001bcd0                __mprec_tens
 .rodata.p05.0  0x0001bd98        0xc c:/gcc-arm-none-eabi-10.3-2021.10/bin/../lib/gcc/arm-none-eabi/10.3.1/../../../../arm-none-eabi/lib/thumb/v7e-m/nofp\libg.a(lib_a-mprec.o)
 .rodata.__assert_func.str1.4
                0x0001bda4       0x3f c:/gcc-arm-none-eabi-10.3-2021.10/bin/../lib/gcc/arm-none-eabi/10.3.1/../../../../arm-none-eabi/lib/thumb/v7e-m/nofp\libg.a(lib_a-assert.o)
                                 0x43 (size before relaxing)
 *fill*         0x0001bde3        0x1 
 .rodata._ctype_
                0x0001bde4      0x101 c:/gcc-arm-none-eabi-10.3-2021.10/bin/../lib/gcc/arm-none-eabi/10.3.1/../../../../arm-none-eabi/lib/thumb/v7e-m/nofp\libg.a(lib_a-ctype_.o)
                0x0001bde4                _ctype_
 *fill*         0x0001bee5        0x3 
 .rodata._setlocale_r.str1.4
                0x0001bee8        0xa c:/gcc-arm-none-eabi-10.3-2021.10/bin/../lib/gcc/arm-none-eabi/10.3.1/../../../../arm-none-eabi/lib/thumb/v7e-m/nofp\libg.a(lib_a-locale.o)
                                  0xd (size before relaxing)
 *fill*         0x0001bef2        0x2 
 .rodata.str1.4
                0x0001bef4        0x2 c:/gcc-arm-none-eabi-10.3-2021.10/bin/../lib/gcc/arm-none-eabi/10.3.1/../../../../arm-none-eabi/lib/thumb/v7e-m/nofp\libg.a(lib_a-locale.o)
 .rodata._vfiprintf_r.str1.4
                0x0001bef6       0x2f c:/gcc-arm-none-eabi-10.3-2021.10/bin/../lib/gcc/arm-none-eabi/10.3.1/../../../../arm-none-eabi/lib/thumb/v7e-m/nofp\libg.a(lib_a-vfiprintf.o)
 *fill*         0x0001bef6        0x2 
 .rodata.blanks.1
                0x0001bef8       0x10 c:/gcc-arm-none-eabi-10.3-2021.10/bin/../lib/gcc/arm-none-eabi/10.3.1/../../../../arm-none-eabi/lib/thumb/v7e-m/nofp\libg.a(lib_a-vfiprintf.o)
 .rodata.zeroes.0
                0x0001bf08       0x10 c:/gcc-arm-none-eabi-10.3-2021.10/bin/../lib/gcc/arm-none-eabi/10.3.1/../../../../arm-none-eabi/lib/thumb/v7e-m/nofp\libg.a(lib_a-vfiprintf.o)
                0x0001bf18                . = ALIGN (0x4)
                0x0001bf18                . = ALIGN (0x4)
 *(.init)
 .init          0x0001bf18        0x4 c:/gcc-arm-none-eabi-10.3-2021.10/bin/../lib/gcc/arm-none-eabi/10.3.1/thumb/v7e-m/nofp/crti.o
                0x0001bf18                _init
 .init          0x0001bf1c        0x8 c:/gcc-arm-none-eabi-10.3-2021.10/bin/../lib/gcc/arm-none-eabi/10.3.1/thumb/v7e-m/nofp/crtn.o
                0x0001bf24                . = ALIGN (0x4)
                0x0001bf24                __preinit_array_start = .
 *(.preinit_array)
                0x0001bf24                __preinit_array_end = .
                0x0001bf24                . = ALIGN (0x4)
                0x0001bf24                __init_array_start = .
 *(SORT_BY_NAME(.init_array.*))
 .init_array.00000
                0x0001bf24        0x4 c:/gcc-arm-none-eabi-10.3-2021.10/bin/../lib/gcc/arm-none-eabi/10.3.1/../../../../arm-none-eabi/lib/thumb/v7e-m/nofp\libg.a(lib_a-__call_atexit.o)
 *(.init_array)
 .init_array    0x0001bf28        0x4 c:/gcc-arm-none-eabi-10.3-2021.10/bin/../lib/gcc/arm-none-eabi/10.3.1/thumb/v7e-m/nofp/crtbegin.o
 .init_array    0x0001bf2c        0x4 ../light_checks.o
 .init_array    0x0001bf30        0x4 ../line_follow.o
 .init_array    0x0001bf34        0x4 ../robot_movement.o
 .init_array    0x0001bf38        0x4 FEHProteus.o
 .init_array    0x0001bf3c        0x4 Libraries/FEHBuzzer.o
 .init_array    0x0001bf40        0x4 Libraries/FEHLCD.o
 .init_array    0x0001bf44        0x4 Libraries/FEHAccel.o
 .init_array    0x0001bf48        0x4 Libraries/FEHBattery.o
 .init_array    0x0001bf4c        0x4 Libraries/FEHRPS.o
 .init_array    0x0001bf50        0x4 Libraries/FEHSD.o
 .init_array    0x0001bf54        0x4 c:/gcc-arm-none-eabi-10.3-2021.10/bin/../lib/gcc/arm-none-eabi/10.3.1/../../../../arm-none-eabi/lib/thumb/v7e-m/nofp\libstdc++.a(eh_alloc.o)
                0x0001bf58                __init_array_end = .
 *(.fini)
 .fini          0x0001bf58        0x4 c:/gcc-arm-none-eabi-10.3-2021.10/bin/../lib/gcc/arm-none-eabi/10.3.1/thumb/v7e-m/nofp/crti.o
                0x0001bf58                _fini
 .fini          0x0001bf5c        0x8 c:/gcc-arm-none-eabi-10.3-2021.10/bin/../lib/gcc/arm-none-eabi/10.3.1/thumb/v7e-m/nofp/crtn.o
                0x0001bf64                . = ALIGN (0x4)
 *crtbegin.o(.ctors)
 *(EXCLUDE_FILE(*crtend.o) .ctors)
 *(SORT_BY_NAME(.ctors.*))
 *crtend.o(.ctors)
                0x0001bf64                . = ALIGN (0x4)
 *crtbegin.o(.dtors)
 *(EXCLUDE_FILE(*crtend.o) .dtors)
 *(SORT_BY_NAME(.dtors.*))
 *crtend.o(.dtors)
                0x0001bf64                . = ALIGN (0x4)

.ARM.extab
 *(.ARM.extab* .gnu.linkonce.armextab.*)
                0x0001bf64                __exidx_start = .

.ARM.exidx      0x0001bf64        0x8
 *(.ARM.exidx* .gnu.linkonce.armexidx.*)
 .ARM.exidx.text.startup._GLOBAL__sub_I__ZN9__gnu_cxx9__freeresEv
                0x0001bf64        0x8 c:/gcc-arm-none-eabi-10.3-2021.10/bin/../lib/gcc/arm-none-eabi/10.3.1/../../../../arm-none-eabi/lib/thumb/v7e-m/nofp\libstdc++.a(eh_alloc.o)
 .ARM.exidx     0x0001bf6c        0x0 c:/gcc-arm-none-eabi-10.3-2021.10/bin/../lib/gcc/arm-none-eabi/10.3.1/thumb/v7e-m/nofp\libgcc.a(_udivmoddi4.o)
                                  0x8 (size before relaxing)
                0x0001bf6c                __exidx_end = .
                0x0001bf6c                _etext = .

.rel.dyn        0x0001bf6c        0x0
 .rel.iplt      0x0001bf6c        0x0 c:/gcc-arm-none-eabi-10.3-2021.10/bin/../lib/gcc/arm-none-eabi/10.3.1/thumb/v7e-m/nofp/crtbegin.o

.m_usb_data
 *(m_usb_bdt)

.data_RAM2      0x1fff0000        0x0 load address 0x0001bf6c
 FILL mask 0xff
                [!provide]                PROVIDE (__start_data_RAM2 = .)
 *(.ramfunc.$RAM2)
 *(.ramfunc.$SRAM_LOWER)
 *(.EXTRA_RAM)
 *(.data.$RAM2)
 *(.data.$SRAM_LOWER)
 *(.data.$RAM2.*)
 *(.data.$SRAM_LOWER.*)
                0x1fff0000                . = ALIGN (0x4)
                [!provide]                PROVIDE (__end_data_RAM2 = .)

.uninit_RESERVED
                0x20000000        0x0
                0x20000000                . = ALIGN (0x4)
 *(.bss.$RESERVED*)
                0x20000000                . = ALIGN (0x4)
                0x20000000                _end_uninit_RESERVED = .

.data           0x20000000     0x16c8 load address 0x0001bf6c
 FILL mask 0xff
                0x20000000                _data = .
 *(vtable)
 *(.ramfunc*)
 *(CodeQuickAccess)
 *(DataQuickAccess)
 *(RamFunction)
 *(.data*)
 .data._ZL4Stat
                0x20000000        0x1 Drivers/SDHC.o
 *fill*         0x20000001        0x3 ff
 .data.image    0x20000004      0x74e Libraries/FEHLCD.o
                0x20000004                image
 *fill*         0x20000752        0x2 ff
 .data.logo     0x20000754      0x3e6 Libraries/FEHLCD.o
                0x20000754                logo
 *fill*         0x20000b3a        0x2 ff
 .data._ZN6FEHLCD8fontDataE
                0x20000b3c      0x1e0 Libraries/FEHLCD.o
                0x20000b3c                FEHLCD::fontData
 .data._impure_ptr
                0x20000d1c        0x4 c:/gcc-arm-none-eabi-10.3-2021.10/bin/../lib/gcc/arm-none-eabi/10.3.1/../../../../arm-none-eabi/lib/thumb/v7e-m/nofp\libg.a(lib_a-impure.o)
                0x20000d1c                _impure_ptr
 .data.impure_data
                0x20000d20      0x428 c:/gcc-arm-none-eabi-10.3-2021.10/bin/../lib/gcc/arm-none-eabi/10.3.1/../../../../arm-none-eabi/lib/thumb/v7e-m/nofp\libg.a(lib_a-impure.o)
 .data.__malloc_av_