Archive member included to satisfy reference by file (symbol)

c:/gcc-arm-none-eabi-10.3-2021.10/bin/../lib/gcc/arm-none-eabi/10.3.1/../../../../arm-none-eabi/lib/thumb/v7e-m/nofp\libstdc++.a(del_ops.o)
                              Libraries/FEHIO.o (operator delete(void*, unsigned int))
c:/gcc-arm-none-eabi-10.3-2021.10/bin/../lib/gcc/arm-none-eabi/10.3.1/../../../../arm-none-eabi/lib/thumb/v7e-m/nofp\libstdc++.a(new_op.o)
                              Libraries/FEHIO.o (operator new(unsigned int))
c:/gcc-arm-none-eabi-10.3-2021.10/bin/../lib/gcc/arm-none-eabi/10.3.1/../../../../arm-none-eabi/lib/thumb/v7e-m/nofp\libstdc++.a(bad_alloc.o)
                              c:/gcc-arm-none-eabi-10.3-2021.10/bin/../lib/gcc/arm-none-eabi/10.3.1/../../../../arm-none-eabi/lib/thumb/v7e-m/nofp\libstdc++.a(new_op.o) (std::bad_alloc::~bad_alloc())
c:/gcc-arm-none-eabi-10.3-2021.10/bin/../lib/gcc/arm-none-eabi/10.3.1/../../../../arm-none-eabi/lib/thumb/v7e-m/nofp\libstdc++.a(del_op.o)
                              c:/gcc-arm-none-eabi-10.3-2021.10/bin/../lib/gcc/arm-none-eabi/10.3.1/../../../../arm-none-eabi/lib/thumb/v7e-m/nofp\libstdc++.a(del_ops.o) (operator delete(void*))
c:/gcc-arm-none-eabi-10.3-2021.10/bin/../lib/gcc/arm-none-eabi/10.3.1/../../../../arm-none-eabi/lib/thumb/v7e-m/nofp\libstdc++.a(eh_alloc.o)
                              c:/gcc-arm-none-eabi-10.3-2021.10/bin/../lib/gcc/arm-none-eabi/10.3.1/../../../../arm-none-eabi/lib/thumb/v7e-m/nofp\libstdc++.a(new_op.o) (__cxa_allocate_exception)
c:/gcc-arm-none-eabi-10.3-2021.10/bin/../lib/gcc/arm-none-eabi/10.3.1/../../../../arm-none-eabi/lib/thumb/v7e-m/nofp\libstdc++.a(eh_exception.o)
                              c:/gcc-arm-none-eabi-10.3-2021.10/bin/../lib/gcc/arm-none-eabi/10.3.1/../../../../arm-none-eabi/lib/thumb/v7e-m/nofp\libstdc++.a(bad_alloc.o) (std::exception::~exception())
c:/gcc-arm-none-eabi-10.3-2021.10/bin/../lib/gcc/arm-none-eabi/10.3.1/../../../../arm-none-eabi/lib/thumb/v7e-m/nofp\libstdc++.a(eh_terminate.o)
                              c:/gcc-arm-none-eabi-10.3-2021.10/bin/../lib/gcc/arm-none-eabi/10.3.1/../../../../arm-none-eabi/lib/thumb/v7e-m/nofp\libstdc++.a(eh_alloc.o) (std::terminate())
c:/gcc-arm-none-eabi-10.3-2021.10/bin/../lib/gcc/arm-none-eabi/10.3.1/../../../../arm-none-eabi/lib/thumb/v7e-m/nofp\libstdc++.a(eh_throw.o)
                              c:/gcc-arm-none-eabi-10.3-2021.10/bin/../lib/gcc/arm-none-eabi/10.3.1/../../../../arm-none-eabi/lib/thumb/v7e-m/nofp\libstdc++.a(new_op.o) (__cxa_throw)
c:/gcc-arm-none-eabi-10.3-2021.10/bin/../lib/gcc/arm-none-eabi/10.3.1/../../../../arm-none-eabi/lib/thumb/v7e-m/nofp\libstdc++.a(eh_unex_handler.o)
                              c:/gcc-arm-none-eabi-10.3-2021.10/bin/../lib/gcc/arm-none-eabi/10.3.1/../../../../arm-none-eabi/lib/thumb/v7e-m/nofp\libstdc++.a(eh_terminate.o) (__cxxabiv1::__unexpected_handler)
c:/gcc-arm-none-eabi-10.3-2021.10/bin/../lib/gcc/arm-none-eabi/10.3.1/../../../../arm-none-eabi/lib/thumb/v7e-m/nofp\libstdc++.a(new_handler.o)
                              c:/gcc-arm-none-eabi-10.3-2021.10/bin/../lib/gcc/arm-none-eabi/10.3.1/../../../../arm-none-eabi/lib/thumb/v7e-m/nofp\libstdc++.a(new_op.o) (std::get_new_handler())
c:/gcc-arm-none-eabi-10.3-2021.10/bin/../lib/gcc/arm-none-eabi/10.3.1/../../../../arm-none-eabi/lib/thumb/v7e-m/nofp\libstdc++.a(pure.o)
                              c:/gcc-arm-none-eabi-10.3-2021.10/bin/../lib/gcc/arm-none-eabi/10.3.1/../../../../arm-none-eabi/lib/thumb/v7e-m/nofp\libstdc++.a(eh_exception.o) (__cxa_pure_virtual)
c:/gcc-arm-none-eabi-10.3-2021.10/bin/../lib/gcc/arm-none-eabi/10.3.1/../../../../arm-none-eabi/lib/thumb/v7e-m/nofp\libstdc++.a(si_class_type_info.o)
                              c:/gcc-arm-none-eabi-10.3-2021.10/bin/../lib/gcc/arm-none-eabi/10.3.1/../../../../arm-none-eabi/lib/thumb/v7e-m/nofp\libstdc++.a(bad_alloc.o) (vtable for __cxxabiv1::__si_class_type_info)
c:/gcc-arm-none-eabi-10.3-2021.10/bin/../lib/gcc/arm-none-eabi/10.3.1/../../../../arm-none-eabi/lib/thumb/v7e-m/nofp\libstdc++.a(tinfo.o)
                              c:/gcc-arm-none-eabi-10.3-2021.10/bin/../lib/gcc/arm-none-eabi/10.3.1/../../../../arm-none-eabi/lib/thumb/v7e-m/nofp\libstdc++.a(si_class_type_info.o) (std::type_info::__is_pointer_p() const)
c:/gcc-arm-none-eabi-10.3-2021.10/bin/../lib/gcc/arm-none-eabi/10.3.1/../../../../arm-none-eabi/lib/thumb/v7e-m/nofp\libstdc++.a(vterminate.o)
                              c:/gcc-arm-none-eabi-10.3-2021.10/bin/../lib/gcc/arm-none-eabi/10.3.1/../../../../arm-none-eabi/lib/thumb/v7e-m/nofp\libstdc++.a(eh_terminate.o) (__gnu_cxx::__verbose_terminate_handler())
c:/gcc-arm-none-eabi-10.3-2021.10/bin/../lib/gcc/arm-none-eabi/10.3.1/../../../../arm-none-eabi/lib/thumb/v7e-m/nofp\libstdc++.a(class_type_info.o)
[...]
Memory Configuration

Name             Origin             Length             Attributes
PROGRAM_FLASH    0x0000c000         0x00073c00         xr
SRAM_UPPER       0x20000000         0x00010000         xrw
SRAM_LOWER       0x1fff0000         0x00010000         xrw
*default*        0x00000000         0xffffffff

Linker script and memory map

LOAD c:/gcc-arm-none-eabi-10.3-2021.10/bin/../lib/gcc/arm-none-eabi/10.3.1/thumb/v7e-m/nofp/crti.o
LOAD c:/gcc-arm-none-eabi-10.3-2021.10/bin/../lib/gcc/arm-none-eabi/10.3.1/thumb/v7e-m/nofp/crtbegin.o
LOAD c:/gcc-arm-none-eabi-10.3-2021.10/bin/../lib/gcc/arm-none-eabi/10.3.1/../../../../arm-none-eabi/lib/thumb/v7e-m/nofp/crt0.o
LOAD ../main.o
LOAD Startup/startup_mk60d10.o
LOAD Libraries/FEHMotor.o
LOAD Drivers/mcg.o
LOAD Drivers/i2c.o
LOAD Drivers/spi.o
LOAD Drivers/uart.o
LOAD Drivers/ff.o
LOAD Drivers/SDHC.o
LOAD Drivers/lptmr.o
LOAD FEHProteus.o
LOAD Drivers/FEHPropeller.o
LOAD Libraries/FEHUtility.o
LOAD Libraries/FEHIO.o
LOAD Drivers/adc16.o
LOAD Libraries/FEHBuzzer.o
LOAD Libraries/FEHServo.o
LOAD Libraries/FEHLCD.o
LOAD Libraries/FEHAccel.o
LOAD Libraries/FEHBattery.o
LOAD Drivers/FEHXBee.o
LOAD Libraries/FEHRPS.o
LOAD Libraries/FEHSD.o
LOAD Libraries/FEHRandom.o
LOAD c:/gcc-arm-none-eabi-10.3-2021.10/bin/../lib/gcc/arm-none-eabi/10.3.1/../../../../arm-none-eabi/lib/thumb/v7e-m/nofp\libstdc++.a
LOAD c:/gcc-arm-none-eabi-10.3-2021.10/bin/../lib/gcc/arm-none-eabi/10.3.1/../../../../arm-none-eabi/lib/thumb/v7e-m/nofp\libm.a
START GROUP
LOAD c:/gcc-arm-none-eabi-10.3-2021.10/bin/../lib/gcc/arm-none-eabi/10.3.1/thumb/v7e-m/nofp\libgcc.a
LOAD c:/gcc-arm-none-eabi-10.3-2021.10/bin/../lib/gcc/arm-none-eabi/10.3.1/../../../../arm-none-eabi/lib/thumb/v7e-m/nofp\libg.a
LOAD c:/gcc-arm-none-eabi-10.3-2021.10/bin/../lib/gcc/arm-none-eabi/10.3.1/../../../../arm-none-eabi/lib/thumb/v7e-m/nofp\libc.a
END GROUP
START GROUP
LOAD c:/gcc-arm-none-eabi-10.3-2021.10/bin/../lib/gcc/arm-none-eabi/10.3.1/thumb/v7e-m/nofp\libgcc.a
LOAD c:/gcc-arm-none-eabi-10.3-2021.10/bin/../lib/gcc/arm-none-eabi/10.3.1/../../../../arm-none-eabi/lib/thumb/v7e-m/nofp\libc.a
LOAD c:/gcc-arm-none-eabi-10.3-2021.10/bin/../lib/gcc/arm-none-eabi/10.3.1/../../../../arm-none-eabi/lib/thumb/v7e-m/nofp\libnosys.a
END GROUP
LOAD c:/gcc-arm-none-eabi-10.3-2021.10/bin/../lib/gcc/arm-none-eabi/10.3.1/thumb/v7e-m/nofp/crtend.o
LOAD c:/gcc-arm-none-eabi-10.3-2021.10/bin/../lib/gcc/arm-none-eabi/10.3.1/thumb/v7e-m/nofp/crtn.o
                0x0000c000                __base_PROGRAM_FLASH = 0xc000
                0x0000c000                __base_Flash = 0xc000
                0x0007fc00                __top_PROGRAM_FLASH = 0x7fc00
                0x0007fc00                __top_Flash = 0x7fc00
                0x20000000                __base_SRAM_UPPER = 0x20000000
                0x20000000                __base_RAM = 0x20000000
                0x20010000                __top_SRAM_UPPER = 0x20010000
                0x20010000                __top_RAM = 0x20010000
                0x1fff0000                __base_SRAM_LOWER = 0x1fff0000
                0x1fff0000                __base_RAM2 = 0x1fff0000
                0x20000000                __top_SRAM_LOWER = 0x20000000
                0x20000000                __top_RAM2 = 0x20000000

.text           0x0000c000      0x410
 FILL mask 0xff
                0x0000c000                __vectors_start__ = ABSOLUTE (.)
 *(.isr_vector)
 .isr_vector    0x0000c000      0x1bc Startup/startup_mk60d10.o
                0x0000c000                g_pfnVectors
                0x0000c000                __Vectors
                0x0000c1bc                . = ALIGN (0x4)
                0x0000c1bc                __section_table_start = .
                0x0000c1bc                __data_section_table = .
                0x0000c1bc        0x4 LONG 0x12c9c LOADADDR (.data)
                0x0000c1c0        0x4 LONG 0x20000000 ADDR (.data)
                0x0000c1c4        0x4 LONG 0x155c SIZEOF (.data)
                0x0000c1c8        0x4 LONG 0x12c9c LOADADDR (.data_RAM2)
                0x0000c1cc        0x4 LONG 0x1fff0000 ADDR (.data_RAM2)
                0x0000c1d0        0x4 LONG 0x0 SIZEOF (.data_RAM2)
                0x0000c1d4                __data_section_table_end = .
                0x0000c1d4                __bss_section_table = .
                0x0000c1d4        0x4 LONG 0x2000155c ADDR (.bss)
                0x0000c1d8        0x4 LONG 0x464 SIZEOF (.bss)
                0x0000c1dc        0x4 LONG 0x1fff0000 ADDR (.bss_RAM2)
                0x0000c1e0        0x4 LONG 0x0 SIZEOF (.bss_RAM2)
                0x0000c1e4                __bss_section_table_end = .
                0x0000c1e4                __section_table_end = .
 *(.after_vectors*)
 .after_vectors.init_data
                0x0000c1e4       0x42 Startup/startup_mk60d10.o
                0x0000c1e4                data_init(unsigned int, unsigned int, unsigned int)
 .after_vectors.init_bss
                0x0000c226       0x36 Startup/startup_mk60d10.o
                0x0000c226                bss_init(unsigned int, unsigned int)
 .after_vectors.reset
                0x0000c25c       0xb4 Startup/startup_mk60d10.o
                0x0000c25c                ResetISR
 .after_vectors
                0x0000c310       0x3c Startup/startup_mk60d10.o
                0x0000c310                NMI_Handler
                0x0000c316                HardFault_Handler
                0x0000c31c                MemManage_Handler
                0x0000c322                BusFault_Handler
                0x0000c328                UsageFault_Handler
                0x0000c32e                SVC_Handler
                0x0000c334                DebugMon_Handler
                0x0000c33a                PendSV_Handler
                0x0000c340                SysTick_Handler
                0x0000c346                DMA_Error_DriverIRQHandler
                0x0000c346                LPTMR0_DriverIRQHandler
                0x0000c346                FTM1_DriverIRQHandler
                0x0000c346                FTM2_DriverIRQHandler
                0x0000c346                PIT2_DriverIRQHandler
                0x0000c346                SDHC_DriverIRQHandler
                0x0000c346                I2S0_Tx_DriverIRQHandler
                0x0000c346                TSI0_DriverIRQHandler
                0x0000c346                RTC_Seconds_DriverIRQHandler
                0x0000c346                Reserved109_DriverIRQHandler
                0x0000c346                DMA6_DriverIRQHandler
                0x0000c346                LLWU_DriverIRQHandler
                0x0000c346                MCM_DriverIRQHandler
                0x0000c346                MCG_DriverIRQHandler
                0x0000c346                ENET_1588_Timer_DriverIRQHandler
                0x0000c346                DAC1_DriverIRQHandler
                0x0000c346                SPI1_DriverIRQHandler
                0x0000c346                CMP1_DriverIRQHandler
                0x0000c346                UART5_RX_TX_DriverIRQHandler
                0x0000c346                FTM0_DriverIRQHandler
                0x0000c346                IntDefaultHandler
                0x0000c346                USB0_DriverIRQHandler
                0x0000c346                UART5_ERR_DriverIRQHandler
                0x0000c346                DMA11_DriverIRQHandler
                0x0000c346                DAC0_DriverIRQHandler
                0x0000c346                DMA10_DriverIRQHandler
                0x0000c346                CMP2_DriverIRQHandler
                0x0000c346                UART2_ERR_DriverIRQHandler
                0x0000c346                SPI2_DriverIRQHandler
                0x0000c346                LVD_LVW_DriverIRQHandler
                0x0000c346                RNG_DriverIRQHandler
                0x0000c346                DMA12_DriverIRQHandler
                0x0000c346                DMA4_DriverIRQHandler
                0x0000c346                UART2_RX_TX_DriverIRQHandler
                0x0000c346                USBDCD_DriverIRQHandler
                0x0000c346                UART3_ERR_DriverIRQHandler
                0x0000c346                DMA3_DriverIRQHandler
                0x0000c346                DMA8_DriverIRQHandler
                0x0000c346                DMA9_DriverIRQHandler
                0x0000c346                UART0_ERR_DriverIRQHandler
                0x0000c346                CMT_DriverIRQHandler
                0x0000c346                ADC1_DriverIRQHandler
                0x0000c346                DMA14_DriverIRQHandler
                0x0000c346                PIT3_DriverIRQHandler
                0x0000c346                PIT1_DriverIRQHandler
                0x0000c346                WDOG_EWM_DriverIRQHandler
                0x0000c346                PDB0_DriverIRQHandler
                0x0000c346                Reserved95_DriverIRQHandler
                0x0000c346                RTC_DriverIRQHandler
                0x0000c346                I2S0_Rx_DriverIRQHandler
                0x0000c346                Read_Collision_DriverIRQHandler
                0x0000c346                SWI_DriverIRQHandler
                0x0000c346                UART4_RX_TX_DriverIRQHandler
                0x0000c346                UART4_ERR_DriverIRQHandler
                0x0000c346                DMA0_DriverIRQHandler
                0x0000c346                UART0_LON_DriverIRQHandler
                0x0000c346                Reserved102_DriverIRQHandler
                0x0000c346                DMA1_DriverIRQHandler
                0x0000c346                I2C1_DriverIRQHandler
                0x0000c346                UART3_RX_TX_DriverIRQHandler
                0x0000c346                ENET_Receive_DriverIRQHandler
                0x0000c346                DMA13_DriverIRQHandler
                0x0000c346                ENET_Error_DriverIRQHandler
                0x0000c346                DMA15_DriverIRQHandler
                0x0000c346                SPI0_DriverIRQHandler
                0x0000c346                ADC0_DriverIRQHandler
                0x0000c346                FTFL_DriverIRQHandler
                0x0000c346                CMP0_DriverIRQHandler
                0x0000c346                CAN0_DriverIRQHandler
                0x0000c346                Reserved59_DriverIRQHandler
                0x0000c346                DMA5_DriverIRQHandler
                0x0000c346                UART1_ERR_DriverIRQHandler
                0x0000c346                DMA2_DriverIRQHandler
                0x0000c346                ENET_Transmit_DriverIRQHandler
                0x0000c346                I2C0_DriverIRQHandler
                0x0000c346                CAN1_DriverIRQHandler
                0x0000c346                DMA7_DriverIRQHandler
                0x0000c346                UART1_RX_TX_DriverIRQHandler
                0x0000c346                Reserved108_DriverIRQHandler
                0x00000400                . = 0x400
 *fill*         0x0000c34c       0xb4 ff
                0x0000c400                PROVIDE (__FLASH_CONFIG_START__ = .)
 *(.FlashConfig)
 .FlashConfig   0x0000c400       0x10 Startup/startup_mk60d10.o
                0x0000c410                PROVIDE (__FLASH_CONFIG_END__ = .)
                0x00000001                ASSERT (! ((__FLASH_CONFIG_START__ == __FLASH_CONFIG_END__)), Linker Flash Config Support Enabled, but no .FlashConfig section provided within application)

.eh_frame       0x0000c410        0x0
 .eh_frame      0x0000c410        0x0 c:/gcc-arm-none-eabi-10.3-2021.10/bin/../lib/gcc/arm-none-eabi/10.3.1/thumb/v7e-m/nofp/crtbegin.o

.glue_7         0x0000c410        0x0
 .glue_7        0x0000c410        0x0 linker stubs

.glue_7t        0x0000c410        0x0
 .glue_7t       0x0000c410        0x0 linker stubs

.vfp11_veneer   0x0000c410        0x0
 .vfp11_veneer  0x0000c410        0x0 linker stubs

.v4_bx          0x0000c410        0x0
 .v4_bx         0x0000c410        0x0 linker stubs

.iplt           0x0000c410        0x0
 .iplt          0x0000c410        0x0 c:/gcc-arm-none-eabi-10.3-2021.10/bin/../lib/gcc/arm-none-eabi/10.3.1/thumb/v7e-m/nofp/crtbegin.o

.text           0x0000c410     0x6884
 *(.text*)
 .text          0x0000c410       0x40 c:/gcc-arm-none-eabi-10.3-2021.10/bin/../lib/gcc/arm-none-eabi/10.3.1/thumb/v7e-m/nofp/crtbegin.o
 .text.main     0x0000c450       0x18 ../main.o
                0x0000c450                main
 .text._Z4moveif
                0x0000c468      0x11c ../main.o
                0x0000c468                move(int, float)
 .text._Z41__static_initialization_and_destruction_0ii
                0x0000c584       0x5c ../main.o
 .text._GLOBAL__sub_I_right_encoder
                0x0000c5e0       0x10 ../main.o
 .text.PORTD_IRQHandler
                0x0000c5f0       0x50 Startup/startup_mk60d10.o
                0x0000c5f0                PORTD_IRQHandler
 .text._Z15InitPowerButtonv
                0x0000c640       0x60 Startup/startup_mk60d10.o
                0x0000c640                InitPowerButton()
 .text._ZL11pll_init_blv
                0x0000c6a0       0xe0 Startup/startup_mk60d10.o
 .text._Z14InitFEHProteusv
                0x0000c780       0xec Startup/startup_mk60d10.o
                0x0000c780                InitFEHProteus()
 .text.DMA0_IRQHandler
                0x0000c86c        0xc Startup/startup_mk60d10.o
                0x0000c86c                DMA0_IRQHandler
 .text.DMA1_IRQHandler
                0x0000c878        0xc Startup/startup_mk60d10.o
                0x0000c878                DMA1_IRQHandler
 .text.DMA2_IRQHandler
                0x0000c884        0xc Startup/startup_mk60d10.o
                0x0000c884                DMA2_IRQHandler
 .text.DMA3_IRQHandler
                0x0000c890        0xc Startup/startup_mk60d10.o
                0x0000c890                DMA3_IRQHandler
 .text.DMA4_IRQHandler
                0x0000c89c        0xc Startup/startup_mk60d10.o
                0x0000c89c                DMA4_IRQHandler
 .text.DMA5_IRQHandler
                0x0000c8a8        0xc Startup/startup_mk60d10.o
                0x0000c8a8                DMA5_IRQHandler
 .text.DMA6_IRQHandler
                0x0000c8b4        0xc Startup/startup_mk60d10.o
                0x0000c8b4                DMA6_IRQHandler
 .text.DMA7_IRQHandler
                0x0000c8c0        0xc Startup/startup_mk60d10.o
                0x0000c8c0                DMA7_IRQHandler
 .text.DMA8_IRQHandler
                0x0000c8cc        0xc Startup/startup_mk60d10.o
                0x0000c8cc                DMA8_IRQHandler
 .text.DMA9_IRQHandler
                0x0000c8d8        0xc Startup/startup_mk60d10.o
                0x0000c8d8                DMA9_IRQHandler
 .text.DMA10_IRQHandler
                0x0000c8e4        0xc Startup/startup_mk60d10.o
                0x0000c8e4                DMA10_IRQHandler
 .text.DMA11_IRQHandler
                0x0000c8f0        0xc Startup/startup_mk60d10.o
                0x0000c8f0                DMA11_IRQHandler
 .text.DMA12_IRQHandler
                0x0000c8fc        0xc Startup/startup_mk60d10.o
                0x0000c8fc                DMA12_IRQHandler
 .text.DMA13_IRQHandler
                0x0000c908        0xc Startup/startup_mk60d10.o
                0x0000c908                DMA13_IRQHandler
 .text.DMA14_IRQHandler
                0x0000c914        0xc Startup/startup_mk60d10.o
                0x0000c914                DMA14_IRQHandler
 .text.DMA15_IRQHandler
                0x0000c920        0xc Startup/startup_mk60d10.o
                0x0000c920                DMA15_IRQHandler
 .text.DMA_Error_IRQHandler
                0x0000c92c        0xc Startup/startup_mk60d10.o
                0x0000c92c                DMA_Error_IRQHandler
 .text.MCM_IRQHandler
                0x0000c938        0xc Startup/startup_mk60d10.o
                0x0000c938                MCM_IRQHandler
 .text.FTFL_IRQHandler
                0x0000c944        0xc Startup/startup_mk60d10.o
                0x0000c944                FTFL_IRQHandler
 .text.Read_Collision_IRQHandler
                0x0000c950        0xc Startup/startup_mk60d10.o
                0x0000c950                Read_Collision_IRQHandler
 .text.LVD_LVW_IRQHandler
                0x0000c95c        0xc Startup/startup_mk60d10.o
                0x0000c95c                LVD_LVW_IRQHandler
 .text.LLWU_IRQHandler
                0x0000c968        0xc Startup/startup_mk60d10.o
                0x0000c968                LLWU_IRQHandler
 .text.WDOG_EWM_IRQHandler
                0x0000c974        0xc Startup/startup_mk60d10.o
                0x0000c974                WDOG_EWM_IRQHandler
 .text.RNG_IRQHandler
                0x0000c980        0xc Startup/startup_mk60d10.o
                0x0000c980                RNG_IRQHandler
 .text.I2C0_IRQHandler
                0x0000c98c        0xc Startup/startup_mk60d10.o
                0x0000c98c                I2C0_IRQHandler
 .text.I2C1_IRQHandler
                0x0000c998        0xc Startup/startup_mk60d10.o
                0x0000c998                I2C1_IRQHandler
 .text.SPI0_IRQHandler
                0x0000c9a4        0xc Startup/startup_mk60d10.o
                0x0000c9a4                SPI0_IRQHandler
 .text.SPI1_IRQHandler
                0x0000c9b0        0xc Startup/startup_mk60d10.o
                0x0000c9b0                SPI1_IRQHandler
 .text.SPI2_IRQHandler
                0x0000c9bc        0xc Startup/startup_mk60d10.o
                0x0000c9bc                SPI2_IRQHandler
 .text.CAN0_ORed_Message_buffer_IRQHandler
                0x0000c9c8        0xc Startup/startup_mk60d10.o
                0x0000c9c8                CAN0_ORed_Message_buffer_IRQHandler
 .text.CAN0_Bus_Off_IRQHandler
                0x0000c9d4        0xc Startup/startup_mk60d10.o
                0x0000c9d4                CAN0_Bus_Off_IRQHandler
 .text.CAN0_Error_IRQHandler
                0x0000c9e0        0xc Startup/startup_mk60d10.o
                0x0000c9e0                CAN0_Error_IRQHandler
 .text.CAN0_Tx_Warning_IRQHandler
                0x0000c9ec        0xc Startup/startup_mk60d10.o
                0x0000c9ec                CAN0_Tx_Warning_IRQHandler
 .text.CAN0_Rx_Warning_IRQHandler
                0x0000c9f8        0xc Startup/startup_mk60d10.o
                0x0000c9f8                CAN0_Rx_Warning_IRQHandler
 .text.CAN0_Wake_Up_IRQHandler
                0x0000ca04        0xc Startup/startup_mk60d10.o
                0x0000ca04                CAN0_Wake_Up_IRQHandler
 .text.I2S0_Tx_IRQHandler
                0x0000ca10        0xc Startup/startup_mk60d10.o
                0x0000ca10                I2S0_Tx_IRQHandler
 .text.I2S0_Rx_IRQHandler
                0x0000ca1c        0xc Startup/startup_mk60d10.o
                0x0000ca1c                I2S0_Rx_IRQHandler
 .text.CAN1_ORed_Message_buffer_IRQHandler
                0x0000ca28        0xc Startup/startup_mk60d10.o
                0x0000ca28                CAN1_ORed_Message_buffer_IRQHandler
 .text.CAN1_Bus_Off_IRQHandler
                0x0000ca34        0xc Startup/startup_mk60d10.o
                0x0000ca34                CAN1_Bus_Off_IRQHandler
 .text.CAN1_Error_IRQHandler
                0x0000ca40        0xc Startup/startup_mk60d10.o
                0x0000ca40                CAN1_Error_IRQHandler
 .text.CAN1_Tx_Warning_IRQHandler
                0x0000ca4c        0xc Startup/startup_mk60d10.o
                0x0000ca4c                CAN1_Tx_Warning_IRQHandler
 .text.CAN1_Rx_Warning_IRQHandler
                0x0000ca58        0xc Startup/startup_mk60d10.o
                0x0000ca58                CAN1_Rx_Warning_IRQHandler
 .text.CAN1_Wake_Up_IRQHandler
                0x0000ca64        0xc Startup/startup_mk60d10.o
                0x0000ca64                CAN1_Wake_Up_IRQHandler
 .text.Reserved59_IRQHandler
                0x0000ca70        0xc Startup/startup_mk60d10.o
                0x0000ca70                Reserved59_IRQHandler
 .text.UART0_LON_IRQHandler
                0x0000ca7c        0xc Startup/startup_mk60d10.o
                0x0000ca7c                UART0_LON_IRQHandler
 .text.UART0_ERR_IRQHandler
                0x0000ca88        0xc Startup/startup_mk60d10.o
                0x0000ca88                UART0_ERR_IRQHandler
 .text.UART1_RX_TX_IRQHandler
                0x0000ca94        0xc Startup/startup_mk60d10.o
                0x0000ca94                UART1_RX_TX_IRQHandler
 .text.UART1_ERR_IRQHandler
                0x0000caa0        0xc Startup/startup_mk60d10.o
                0x0000caa0                UART1_ERR_IRQHandler
 .text.UART2_RX_TX_IRQHandler
                0x0000caac        0xc Startup/startup_mk60d10.o
                0x0000caac                UART2_RX_TX_IRQHandler
 .text.UART2_ERR_IRQHandler
                0x0000cab8        0xc Startup/startup_mk60d10.o
                0x0000cab8                UART2_ERR_IRQHandler
 .text.UART3_RX_TX_IRQHandler
                0x0000cac4        0xc Startup/startup_mk60d10.o
                0x0000cac4                UART3_RX_TX_IRQHandler
 .text.UART3_ERR_IRQHandler
                0x0000cad0        0xc Startup/startup_mk60d10.o
                0x0000cad0                UART3_ERR_IRQHandler
 .text.UART4_RX_TX_IRQHandler
                0x0000cadc        0xc Startup/startup_mk60d10.o
                0x0000cadc                UART4_RX_TX_IRQHandler
 .text.UART4_ERR_IRQHandler
                0x0000cae8        0xc Startup/startup_mk60d10.o
                0x0000cae8                UART4_ERR_IRQHandler
 .text.UART5_RX_TX_IRQHandler
                0x0000caf4        0xc Startup/startup_mk60d10.o
                0x0000caf4                UART5_RX_TX_IRQHandler
 .text.UART5_ERR_IRQHandler
                0x0000cb00        0xc Startup/startup_mk60d10.o
                0x0000cb00                UART5_ERR_IRQHandler
 .text.ADC0_IRQHandler
                0x0000cb0c        0xc Startup/startup_mk60d10.o
                0x0000cb0c                ADC0_IRQHandler
 .text.ADC1_IRQHandler
                0x0000cb18        0xc Startup/startup_mk60d10.o
                0x0000cb18                ADC1_IRQHandler
 .text.CMP0_IRQHandler
                0x0000cb24        0xc Startup/startup_mk60d10.o
                0x0000cb24                CMP0_IRQHandler
 .text.CMP1_IRQHandler
                0x0000cb30        0xc Startup/startup_mk60d10.o
                0x0000cb30                CMP1_IRQHandler
 .text.CMP2_IRQHandler
                0x0000cb3c        0xc Startup/startup_mk60d10.o
                0x0000cb3c                CMP2_IRQHandler
 .text.FTM0_IRQHandler
                0x0000cb48        0xc Startup/startup_mk60d10.o
                0x0000cb48                FTM0_IRQHandler
 .text.FTM1_IRQHandler
                0x0000cb54        0xc Startup/startup_mk60d10.o
                0x0000cb54                FTM1_IRQHandler
 .text.FTM2_IRQHandler
                0x0000cb60        0xc Startup/startup_mk60d10.o
                0x0000cb60                FTM2_IRQHandler
 .text.CMT_IRQHandler
                0x0000cb6c        0xc Startup/startup_mk60d10.o
                0x0000cb6c                CMT_IRQHandler
 .text.RTC_IRQHandler
                0x0000cb78        0xc Startup/startup_mk60d10.o
                0x0000cb78                RTC_IRQHandler
 .text.RTC_Seconds_IRQHandler
                0x0000cb84        0xc Startup/startup_mk60d10.o
                0x0000cb84                RTC_Seconds_IRQHandler
 .text.PIT1_IRQHandler
                0x0000cb90        0xc Startup/startup_mk60d10.o
                0x0000cb90                PIT1_IRQHandler
 .text.PIT2_IRQHandler
                0x0000cb9c        0xc Startup/startup_mk60d10.o
                0x0000cb9c                PIT2_IRQHandler
 .text.PIT3_IRQHandler
                0x0000cba8        0xc Startup/startup_mk60d10.o
                0x0000cba8                PIT3_IRQHandler
 .text.PDB0_IRQHandler
                0x0000cbb4        0xc Startup/startup_mk60d10.o
                0x0000cbb4                PDB0_IRQHandler
 .text.USB0_IRQHandler
                0x0000cbc0        0xc Startup/startup_mk60d10.o
                0x0000cbc0                USB0_IRQHandler
 .text.USBDCD_IRQHandler
                0x0000cbcc        0xc Startup/startup_mk60d10.o
                0x0000cbcc                USBDCD_IRQHandler
 .text.ENET_1588_Timer_IRQHandler
                0x0000cbd8        0xc Startup/startup_mk60d10.o
                0x0000cbd8                ENET_1588_Timer_IRQHandler
 .text.ENET_Transmit_IRQHandler
                0x0000cbe4        0xc Startup/startup_mk60d10.o
                0x0000cbe4                ENET_Transmit_IRQHandler
 .text.ENET_Receive_IRQHandler
                0x0000cbf0        0xc Startup/startup_mk60d10.o
                0x0000cbf0                ENET_Receive_IRQHandler
 .text.ENET_Error_IRQHandler
                0x0000cbfc        0xc Startup/startup_mk60d10.o
                0x0000cbfc                ENET_Error_IRQHandler
 .text.Reserved95_IRQHandler
                0x0000cc08        0xc Startup/startup_mk60d10.o
                0x0000cc08                Reserved95_IRQHandler
 .text.SDHC_IRQHandler
                0x0000cc14        0xc Startup/startup_mk60d10.o
                0x0000cc14                SDHC_IRQHandler
 .text.DAC0_IRQHandler
                0x0000cc20        0xc Startup/startup_mk60d10.o
                0x0000cc20                DAC0_IRQHandler
 .text.DAC1_IRQHandler
                0x0000cc2c        0xc Startup/startup_mk60d10.o
                0x0000cc2c                DAC1_IRQHandler
 .text.TSI0_IRQHandler
                0x0000cc38        0xc Startup/startup_mk60d10.o
                0x0000cc38                TSI0_IRQHandler
 .text.MCG_IRQHandler
                0x0000cc44        0xc Startup/startup_mk60d10.o
                0x0000cc44                MCG_IRQHandler
 .text.LPTMR0_IRQHandler
                0x0000cc50        0xc Startup/startup_mk60d10.o
                0x0000cc50                LPTMR0_IRQHandler
 .text.Reserved102_IRQHandler
                0x0000cc5c        0xc Startup/startup_mk60d10.o
                0x0000cc5c                Reserved102_IRQHandler
 .text.Reserved108_IRQHandler
                0x0000cc68        0xc Startup/startup_mk60d10.o
                0x0000cc68                Reserved108_IRQHandler
 .text.Reserved109_IRQHandler
                0x0000cc74        0xc Startup/startup_mk60d10.o
                0x0000cc74                Reserved109_IRQHandler
 .text.SWI_IRQHandler
                0x0000cc80        0xc Startup/startup_mk60d10.o
                0x0000cc80                SWI_IRQHandler
 *fill*         0x0000cc8c        0x4 
 .text._ZN8FEHMotorC2ENS_12FEHMotorPortEf
                0x0000cc90       0x7c Libraries/FEHMotor.o
                0x0000cc90                FEHMotor::FEHMotor(FEHMotor::FEHMotorPort, float)
                0x0000cc90                FEHMotor::FEHMotor(FEHMotor::FEHMotorPort, float)
 .text._ZN8FEHMotor4StopEv
                0x0000cd0c       0x30 Libraries/FEHMotor.o
                0x0000cd0c                FEHMotor::Stop()
 .text._ZN8FEHMotor8SetPowerEi
                0x0000cd3c       0x54 Libraries/FEHMotor.o
                0x0000cd3c                FEHMotor::SetPower(int)
 .text._ZN8FEHMotor10SetPercentEf
                0x0000cd90       0xf8 Libraries/FEHMotor.o
                0x0000cd90                FEHMotor::SetPercent(float)
 .text._Z21IIC_StartTransmissionhh
                0x0000ce88       0x6c Drivers/i2c.o
                0x0000ce88                IIC_StartTransmission(unsigned char, unsigned char)
 .text._Z5Pausev
                0x0000cef4       0x24 Drivers/i2c.o
                0x0000cef4                Pause()
 .text._Z21MMA8451QWriteRegisterhh
                0x0000cf18       0x68 Drivers/i2c.o
                0x0000cf18                MMA8451QWriteRegister(unsigned char, unsigned char)
 .text._Z8i2c_Waitv
                0x0000cf80       0x6c Drivers/i2c.o
                0x0000cf80                i2c_Wait()
 .text._Z12SPI_SendCharh
                0x0000cfec       0x1a Drivers/spi.o
                0x0000cfec                SPI_SendChar(unsigned char)
 .text._Z16SPI_WriteCommandhh
                0x0000d006       0x34 Drivers/spi.o
                0x0000d006                SPI_WriteCommand(unsigned char, unsigned char)
 *fill*         0x0000d03a        0x2 
 .text._Z13SPI_CS_Assertv
                0x0000d03c       0x1c Drivers/spi.o
                0x0000d03c                SPI_CS_Assert()
 .text._Z15SPI_CS_Deassertv
                0x0000d058       0x1c Drivers/spi.o
                0x0000d058                SPI_CS_Deassert()
 .text._Z12SPI_Transferh
                0x0000d074       0x6c Drivers/spi.o
                0x0000d074                SPI_Transfer(unsigned char)
 .text._Z8SPI_Initv
                0x0000d0e0       0xa0 Drivers/spi.o
                0x0000d0e0                SPI_Init()
 .text._Z9uart_initPV11UART_MemMapii
                0x0000d180      0x174 Drivers/uart.o
                0x0000d180                uart_init(UART_MemMap volatile*, int, int)
 .text._Z12uart_getcharPV11UART_MemMap
                0x0000d2f4       0x32 Drivers/uart.o
                0x0000d2f4                uart_getchar(UART_MemMap volatile*)
 .text._Z12uart_putcharPV11UART_MemMapc
                0x0000d326       0x32 Drivers/uart.o
                0x0000d326                uart_putchar(UART_MemMap volatile*, char)
 .text._ZL7mem_setPvij
                0x0000d358       0x3c Drivers/ff.o
 .text._ZL11move_windowP5FATFSm
                0x0000d394       0xc8 Drivers/ff.o
 .text._ZL4syncP5FATFS
                0x0000d45c      0x14c Drivers/ff.o
 .text._ZL8validateP5FATFSt
                0x0000d5a8       0x54 Drivers/ff.o
 .text._Z6f_syncP3FIL
                0x0000d5fc      0x186 Drivers/ff.o
                0x0000d5fc                f_sync(FIL*)
 .text._Z7f_closeP3FIL
                0x0000d782       0x28 Drivers/ff.o
                0x0000d782                f_close(FIL*)
 *fill*         0x0000d7aa        0x2 
 .text._ZL17SDHC_set_baudratemm
                0x0000d7ac       0xe8 Drivers/SDHC.o
 .text._Z9SDHC_initP17esdhc_info_structPK17esdhc_init_struct
                0x0000d894      0x130 Drivers/SDHC.o
                0x0000d894                SDHC_init(esdhc_info_struct*, esdhc_init_struct const*)
 .text._ZL15SDHC_is_runningv
                0x0000d9c4       0x24 Drivers/SDHC.o
 .text._ZL16SDHC_status_waitm
                0x0000d9e8       0x2c Drivers/SDHC.o
 .text._ZL17SDHC_send_commandP20esdhc_command_struct
                0x0000da14      0x1f8 Drivers/SDHC.o
 .text._Z10SDHC_ioctlmPv
                0x0000dc0c      0x6f0 Drivers/SDHC.o
                0x0000dc0c                SDHC_ioctl(unsigned long, void*)
 .text._ZL14rcvr_datablockPhm
                0x0000e2fc       0xf0 Drivers/SDHC.o
 .text._Z9disk_readhPhmh
                0x0000e3ec      0x124 Drivers/SDHC.o
                0x0000e3ec                disk_read(unsigned char, unsigned char*, unsigned long, unsigned char)
 .text._ZL14xmit_datablockPKhm
                0x0000e510       0xa4 Drivers/SDHC.o
 .text._Z10disk_writehPKhmh
                0x0000e5b4      0x198 Drivers/SDHC.o
                0x0000e5b4                disk_write(unsigned char, unsigned char const*, unsigned long, unsigned char)
 .text._Z10disk_ioctlhhPv
                0x0000e74c      0x104 Drivers/SDHC.o
                0x0000e74c                disk_ioctl(unsigned char, unsigned char, void*)
 .text._Z11disk_statush
                0x0000e850       0x28 Drivers/SDHC.o
                0x0000e850                disk_status(unsigned char)
 .text._Z13time_delay_msm
                0x0000e878       0x6c Drivers/lptmr.o
                0x0000e878                time_delay_ms(unsigned long)
 .text._Z41__static_initialization_and_destruction_0ii
                0x0000e8e4       0x2c FEHProteus.o
 .text._GLOBAL__sub_I_Propeller
                0x0000e910       0x10 FEHProteus.o
 .text._ZN12FEHPropellerC2Ev
                0x0000e920       0x1a Drivers/FEHPropeller.o
                0x0000e920                FEHPropeller::FEHPropeller()
                0x0000e920                FEHPropeller::FEHPropeller()
 *fill*         0x0000e93a        0x2 
 .text._ZN12FEHPropeller10InitializeEv
                0x0000e93c       0x74 Drivers/FEHPropeller.o
                0x0000e93c                FEHPropeller::Initialize()
 .text._ZN12FEHPropeller12SetMotorRateEhhh
                0x0000e9b0       0x5c Drivers/FEHPropeller.o
                0x0000e9b0                FEHPropeller::SetMotorRate(unsigned char, unsigned char, unsigned char)
 .text._ZL5Delaymjj
                0x0000ea0c       0x94 Libraries/FEHUtility.o
 .text._Z5Sleepi
                0x0000eaa0       0x2c Libraries/FEHUtility.o
                0x0000eaa0                Sleep(int)
 .text._Z5Sleepd
                0x0000eacc       0x4c Libraries/FEHUtility.o
                0x0000eacc                Sleep(double)
 .text._ZN14DigitalEncoderC2EN5FEHIO8FEHIOPinE
                0x0000eb18       0x26 Libraries/FEHIO.o
                0x0000eb18                DigitalEncoder::DigitalEncoder(FEHIO::FEHIOPin)
                0x0000eb18                DigitalEncoder::DigitalEncoder(FEHIO::FEHIOPin)
 *fill*         0x0000eb3e        0x2 
 .text._Z10enable_irqi
                0x0000eb40      0x11c Libraries/FEHIO.o
                0x0000eb40                enable_irq(int)
 .text._ZN14DigitalEncoder10InitializeEN5FEHIO8FEHIOPinENS0_21FEHIOInterruptTriggerE
                0x0000ec5c      0x1a8 Libraries/FEHIO.o
                0x0000ec5c                DigitalEncoder::Initialize(FEHIO::FEHIOPin, FEHIO::FEHIOInterruptTrigger)
 .text._Z16PORTB_IRQHandlerv
                0x0000ee04       0x9c Libraries/FEHIO.o
                0x0000ee04                PORTB_IRQHandler()
 .text._Z16PORTC_IRQHandlerv
                0x0000eea0       0x9c Libraries/FEHIO.o
                0x0000eea0                PORTC_IRQHandler()
 .text._Z16PORTA_IRQHandlerv
                0x0000ef3c       0xa0 Libraries/FEHIO.o
                0x0000ef3c                PORTA_IRQHandler()
 .text._Z16PORTE_IRQHandlerv
                0x0000efdc       0x98 Libraries/FEHIO.o
                0x0000efdc                PORTE_IRQHandler()
 .text._ZN14DigitalEncoder6CountsEv
                0x0000f074       0x24 Libraries/FEHIO.o
                0x0000f074                DigitalEncoder::Counts()
 .text._ZN14DigitalEncoder11ResetCountsEv
                0x0000f098       0x24 Libraries/FEHIO.o
                0x0000f098                DigitalEncoder::ResetCounts()
 .text._ZN14AnalogInputPinC2EN5FEHIO8FEHIOPinE
                0x0000f0bc       0x1e Libraries/FEHIO.o
                0x0000f0bc                AnalogInputPin::AnalogInputPin(FEHIO::FEHIOPin)
                0x0000f0bc                AnalogInputPin::AnalogInputPin(FEHIO::FEHIOPin)
 *fill*         0x0000f0da        0x2 
 .text._ZN13AnalogEncoder12EncoderValueEv
                0x0000f0dc       0xb0 Libraries/FEHIO.o
                0x0000f0dc                AnalogEncoder::EncoderValue()
 .text._ZN14AnalogInputPin8InitADCsEv
                0x0000f18c       0x98 Libraries/FEHIO.o
                0x0000f18c                AnalogInputPin::InitADCs()
 .text._Z15PIT0_IRQHandlerv
                0x0000f224       0x28 Libraries/FEHIO.o
                0x0000f224                PIT0_IRQHandler()
 .text._ZN13AnalogEncoder4InitEv
                0x0000f24c       0x44 Libraries/FEHIO.o
                0x0000f24c                AnalogEncoder::Init()
 .text._ZN13AnalogEncoder14SetCounterInitEj
                0x0000f290       0x20 Libraries/FEHIO.o
                0x0000f290                AnalogEncoder::SetCounterInit(unsigned int)
 .text._ZN13AnalogEncoder10ProcessIntEv
                0x0000f2b0       0x68 Libraries/FEHIO.o
                0x0000f2b0                AnalogEncoder::ProcessInt()
 .text._ZN13AnalogEncoder14ProcessIntSelfEv
                0x0000f318       0x6e Libraries/FEHIO.o
                0x0000f318                AnalogEncoder::ProcessIntSelf()
 .text._Z7ADC_CalPV10ADC_MemMap
                0x0000f386      0x13e Drivers/adc16.o
                0x0000f386                ADC_Cal(ADC_MemMap volatile*)
 .text._Z14ADC_Config_AltPV10ADC_MemMapP7adc_cfg
                0x0000f4c4       0x6c Drivers/adc16.o
                0x0000f4c4                ADC_Config_Alt(ADC_MemMap volatile*, adc_cfg*)
 .text._ZN9FEHBuzzerC2Ev
                0x0000f530       0x14 Libraries/FEHBuzzer.o
                0x0000f530                FEHBuzzer::FEHBuzzer()
                0x0000f530                FEHBuzzer::FEHBuzzer()
 .text._Z41__static_initialization_and_destruction_0ii
                0x0000f544       0x2c Libraries/FEHBuzzer.o
 .text._GLOBAL__sub_I_Buzzer
                0x0000f570       0x10 Libraries/FEHBuzzer.o
 .text._ZN6FEHLCD11_InitializeEv
                0x0000f580      0x410 Libraries/FEHLCD.o
                0x0000f580                FEHLCD::_Initialize()
 .text._ZN6FEHLCDC2Ev
                0x0000f990       0x50 Libraries/FEHLCD.o
                0x0000f990                FEHLCD::FEHLCD()
                0x0000f990                FEHLCD::FEHLCD()
 .text._ZN6FEHLCD10InitializeEv
                0x0000f9e0       0x28 Libraries/FEHLCD.o
                0x0000f9e0                FEHLCD::Initialize()
 .text._ZN6FEHLCD10PrintImageEii
                0x0000fa08       0xbc Libraries/FEHLCD.o
                0x0000fa08                FEHLCD::PrintImage(int, int)
 .text._ZN6FEHLCD9PrintLogoEii
                0x0000fac4       0xbc Libraries/FEHLCD.o
                0x0000fac4                FEHLCD::PrintLogo(int, int)
 .text._ZN6FEHLCD22ConvertFEHColorTo24BitENS_11FEHLCDColorE
                0x0000fb80       0x78 Libraries/FEHLCD.o
                0x0000fb80                FEHLCD::ConvertFEHColorTo24Bit(FEHLCD::FEHLCDColor)
 .text._ZN6FEHLCD24Convert24BitColorTo16BitEj
                0x0000fbf8       0x30 Libraries/FEHLCD.o
                0x0000fbf8                FEHLCD::Convert24BitColorTo16Bit(unsigned int)
 .text._ZN6FEHLCD22ConvertRGBColorTo16BitEhhh
                0x0000fc28       0x4a Libraries/FEHLCD.o
                0x0000fc28                FEHLCD::ConvertRGBColorTo16Bit(unsigned char, unsigned char, unsigned char)
 .text._ZN6FEHLCD5ClearENS_11FEHLCDColorE
                0x0000fc72       0x28 Libraries/FEHLCD.o
                0x0000fc72                FEHLCD::Clear(FEHLCD::FEHLCDColor)
 .text._ZN6FEHLCD5ClearEj
                0x0000fc9a       0x2c Libraries/FEHLCD.o
                0x0000fc9a                FEHLCD::Clear(unsigned int)
 .text._ZN6FEHLCD18SetBackgroundColorENS_11FEHLCDColorE
                0x0000fcc6       0x28 Libraries/FEHLCD.o
                0x0000fcc6                FEHLCD::SetBackgroundColor(FEHLCD::FEHLCDColor)
 .text._ZN6FEHLCD18SetBackgroundColorEj
                0x0000fcee       0x26 Libraries/FEHLCD.o
                0x0000fcee                FEHLCD::SetBackgroundColor(unsigned int)
 .text._ZN6FEHLCD12SetFontColorENS_11FEHLCDColorE
                0x0000fd14       0x28 Libraries/FEHLCD.o
                0x0000fd14                FEHLCD::SetFontColor(FEHLCD::FEHLCDColor)
 .text._ZN6FEHLCD12SetFontColorEj
                0x0000fd3c       0x26 Libraries/FEHLCD.o
                0x0000fd3c                FEHLCD::SetFontColor(unsigned int)
 .text._ZN6FEHLCD7WriteAtEPKcii
                0x0000fd62       0x46 Libraries/FEHLCD.o
                0x0000fd62                FEHLCD::WriteAt(char const*, int, int)
 .text._ZN6FEHLCD11TS_SPI_InitEv
                0x0000fda8       0x7c Libraries/FEHLCD.o
                0x0000fda8                FEHLCD::TS_SPI_Init()
 .text._ZN6FEHLCD10WriteIndexEh
                0x0000fe24      0x14c Libraries/FEHLCD.o
                0x0000fe24                FEHLCD::WriteIndex(unsigned char)
 .text._ZN6FEHLCD14WriteParameterEh
                0x0000ff70      0x130 Libraries/FEHLCD.o
                0x0000ff70                FEHLCD::WriteParameter(unsigned char)
 .text._ZN6FEHLCD6_ClearEv
                0x000100a0      0x15c Libraries/FEHLCD.o
                0x000100a0                FEHLCD::_Clear()
 .text._ZN6FEHLCD8NextLineEv
                0x000101fc       0x2a Libraries/FEHLCD.o
                0x000101fc                FEHLCD::NextLine()
 .text._ZN6FEHLCD9CheckLineEv
                0x00010226       0x28 Libraries/FEHLCD.o
                0x00010226                FEHLCD::CheckLine()
 .text._ZN6FEHLCD13SetDrawRegionEiiii
                0x0001024e       0xfe Libraries/FEHLCD.o
                0x0001024e                FEHLCD::SetDrawRegion(int, int, int, int)
 .text._ZN6FEHLCD11WriteCharAtEiic
                0x0001034c      0x214 Libraries/FEHLCD.o
                0x0001034c                FEHLCD::WriteCharAt(int, int, char)
 .text._ZN6FEHLCD11RepeatColorEv
                0x00010560       0x70 Libraries/FEHLCD.o
                0x00010560                FEHLCD::RepeatColor()
 .text._ZN6FEHLCD10_ForePixelEv
                0x000105d0       0xc4 Libraries/FEHLCD.o
                0x000105d0                FEHLCD::_ForePixel()
 .text._ZN6FEHLCD10_BackPixelEv
                0x00010694       0xc4 Libraries/FEHLCD.o
                0x00010694                FEHLCD::_BackPixel()
 .text._ZN6FEHLCD22SetRegisterColorValuesEv
                0x00010758      0x336 Libraries/FEHLCD.o
                0x00010758                FEHLCD::SetRegisterColorValues()
 *fill*         0x00010a8e        0x2 
 .text._Z41__static_initialization_and_destruction_0ii
                0x00010a90       0x2c Libraries/FEHLCD.o
 .text._GLOBAL__sub_I_image
                0x00010abc       0x10 Libraries/FEHLCD.o
 .text._ZN8FEHAccelC2Ev
                0x00010acc       0x70 Libraries/FEHAccel.o
                0x00010acc                FEHAccel::FEHAccel()
                0x00010acc                FEHAccel::FEHAccel()
 .text._Z41__static_initialization_and_destruction_0ii
                0x00010b3c       0x2c Libraries/FEHAccel.o
 .text._GLOBAL__sub_I_Accel
                0x00010b68       0x10 Libraries/FEHAccel.o
 .text._ZN10FEHBatteryC2EN5FEHIO8FEHIOPinE
                0x00010b78       0x22 Libraries/FEHBattery.o
                0x00010b78                FEHBattery::FEHBattery(FEHIO::FEHIOPin)
                0x00010b78                FEHBattery::FEHBattery(FEHIO::FEHIOPin)
 *fill*         0x00010b9a        0x2 
 .text._Z41__static_initialization_and_destruction_0ii
                0x00010b9c       0x30 Libraries/FEHBattery.o
 .text._GLOBAL__sub_I_Battery
                0x00010bcc       0x10 Libraries/FEHBattery.o
 .text._ZN7FEHXBeeC2Ev
                0x00010bdc       0x1a Drivers/FEHXBee.o
                0x00010bdc                FEHXBee::FEHXBee()
                0x00010bdc                FEHXBee::FEHXBee()
 *fill*         0x00010bf6        0x2 
 .text._ZN7FEHXBee17SetPacketCallBackEPFvPhhE
                0x00010bf8       0x20 Drivers/FEHXBee.o
                0x00010bf8                FEHXBee::SetPacketCallBack(void (*)(unsigned char*, unsigned char))
 .text._Z22UART0_RX_TX_IRQHandlerv
                0x00010c18       0xec Drivers/FEHXBee.o
                0x00010c18                UART0_RX_TX_IRQHandler()
 .text._ZN6FEHRPSC2Ev
                0x00010d04       0x74 Libraries/FEHRPS.o
                0x00010d04                FEHRPS::FEHRPS()
                0x00010d04                FEHRPS::FEHRPS()
 .text._Z14RPSDataProcessPhh
                0x00010d78      0x148 Libraries/FEHRPS.o
                0x00010d78                RPSDataProcess(unsigned char*, unsigned char)
 .text._Z41__static_initialization_and_destruction_0ii
                0x00010ec0       0x2c Libraries/FEHRPS.o
 .text._GLOBAL__sub_I_RPS
                0x00010eec       0x10 Libraries/FEHRPS.o
 .text._ZN5FEHSDC2Ev
                0x00010efc       0x24 Libraries/FEHSD.o
                0x00010efc                FEHSD::FEHSD()
                0x00010efc                FEHSD::FEHSD()
 .text._ZN5FEHSD9FCloseAllEv
                0x00010f20       0x6c Libraries/FEHSD.o
                0x00010f20                FEHSD::FCloseAll()
 .text._Z41__static_initialization_and_destruction_0ii
                0x00010f8c       0x2c Libraries/FEHSD.o
 .text._GLOBAL__sub_I_SD
                0x00010fb8       0x10 Libraries/FEHSD.o
 .text._ZN9FEHRandom10InitializeEv
                0x00010fc8       0x3c Libraries/FEHRandom.o
                0x00010fc8                FEHRandom::Initialize()
 .text.startup._GLOBAL__sub_I__ZN9__gnu_cxx9__freeresEv
                0x00011004       0x28 c:/gcc-arm-none-eabi-10.3-2021.10/bin/../lib/gcc/arm-none-eabi/10.3.1/../../../../arm-none-eabi/lib/thumb/v7e-m/nofp\libstdc++.a(eh_alloc.o)
 .text          0x0001102c      0x378 c:/gcc-arm-none-eabi-10.3-2021.10/bin/../lib/gcc/arm-none-eabi/10.3.1/thumb/v7e-m/nofp\libgcc.a(_arm_addsubdf3.o)
                0x0001102c                __aeabi_drsub
                0x00011034                __aeabi_dsub
                0x00011034                __subdf3
                0x00011038                __aeabi_dadd
                0x00011038                __adddf3
                0x000112b0                __floatunsidf
                0x000112b0                __aeabi_ui2d
                0x000112d0                __floatsidf
                0x000112d0                __aeabi_i2d
                0x000112f4                __aeabi_f2d
                0x000112f4                __extendsfdf2
                0x00011338                __floatundidf
                0x00011338                __aeabi_ul2d
                0x00011348                __floatdidf
                0x00011348                __aeabi_l2d
 .text          0x000113a4      0x424 c:/gcc-arm-none-eabi-10.3-2021.10/bin/../lib/gcc/arm-none-eabi/10.3.1/thumb/v7e-m/nofp\libgcc.a(_arm_muldivdf3.o)
                0x000113a4                __aeabi_dmul
                0x000113a4                __muldf3
                0x000115f8                __divdf3
                0x000115f8                __aeabi_ddiv
 .text          0x000117c8      0x110 c:/gcc-arm-none-eabi-10.3-2021.10/bin/../lib/gcc/arm-none-eabi/10.3.1/thumb/v7e-m/nofp\libgcc.a(_arm_cmpdf2.o)
                0x000117c8                __gtdf2
                0x000117c8                __gedf2
                0x000117d0                __ltdf2
                0x000117d0                __ledf2
                0x000117d8                __nedf2
                0x000117d8                __eqdf2
                0x000117d8                __cmpdf2
                0x00011854                __aeabi_cdrcmple
                0x00011864                __aeabi_cdcmpeq
                0x00011864                __aeabi_cdcmple
                0x00011874                __aeabi_dcmpeq
                0x00011888                __aeabi_dcmplt
                0x0001189c                __aeabi_dcmple
                0x000118b0                __aeabi_dcmpge
                0x000118c4                __aeabi_dcmpgt
 .text          0x000118d8       0x50 c:/gcc-arm-none-eabi-10.3-2021.10/bin/../lib/gcc/arm-none-eabi/10.3.1/thumb/v7e-m/nofp\libgcc.a(_arm_fixdfsi.o)
                0x000118d8                __aeabi_d2iz
                0x000118d8                __fixdfsi
 .text          0x00011928       0x40 c:/gcc-arm-none-eabi-10.3-2021.10/bin/../lib/gcc/arm-none-eabi/10.3.1/thumb/v7e-m/nofp\libgcc.a(_arm_fixunsdfsi.o)
                0x00011928                __aeabi_d2uiz
                0x00011928                __fixunsdfsi
 .text          0x00011968       0xa0 c:/gcc-arm-none-eabi-10.3-2021.10/bin/../lib/gcc/arm-none-eabi/10.3.1/thumb/v7e-m/nofp\libgcc.a(_arm_truncdfsf2.o)
                0x00011968                __truncdfsf2
                0x00011968                __aeabi_d2f
 .text          0x00011a08      0x21c c:/gcc-arm-none-eabi-10.3-2021.10/bin/../lib/gcc/arm-none-eabi/10.3.1/thumb/v7e-m/nofp\libgcc.a(_arm_addsubsf3.o)
                0x00011a08                __aeabi_frsub
                0x00011a10                __subsf3
                0x00011a10                __aeabi_fsub
                0x00011a14                __aeabi_fadd
                0x00011a14                __addsf3
                0x00011b74                __aeabi_ui2f
                0x00011b74                __floatunsisf
                0x00011b7c                __aeabi_i2f
                0x00011b7c                __floatsisf
                0x00011b98                __aeabi_ul2f
                0x00011b98                __floatundisf
                0x00011ba8                __aeabi_l2f
                0x00011ba8                __floatdisf
 .text          0x00011c24      0x2a0 c:/gcc-arm-none-eabi-10.3-2021.10/bin/../lib/gcc/arm-none-eabi/10.3.1/thumb/v7e-m/nofp\libgcc.a(_arm_muldivsf3.o)
                0x00011c24                __mulsf3
                0x00011c24                __aeabi_fmul
                0x00011d8c                __aeabi_fdiv
                0x00011d8c                __divsf3
 .text          0x00011ec4       0xec c:/gcc-arm-none-eabi-10.3-2021.10/bin/../lib/gcc/arm-none-eabi/10.3.1/thumb/v7e-m/nofp\libgcc.a(_arm_cmpsf2.o)
                0x00011ec4                __gesf2
                0x00011ec4                __gtsf2
                0x00011ecc                __lesf2
                0x00011ecc                __ltsf2
                0x00011ed4                __nesf2
                0x00011ed4                __eqsf2
                0x00011ed4                __cmpsf2
                0x00011f34                __aeabi_cfrcmple
                0x00011f3c                __aeabi_cfcmpeq
                0x00011f3c                __aeabi_cfcmple
                0x00011f4c                __aeabi_fcmpeq
                0x00011f60                __aeabi_fcmplt
                0x00011f74                __aeabi_fcmple
                0x00011f88                __aeabi_fcmpge
                0x00011f9c                __aeabi_fcmpgt
 .text.__libc_init_array
                0x00011fb0       0x48 c:/gcc-arm-none-eabi-10.3-2021.10/bin/../lib/gcc/arm-none-eabi/10.3.1/../../../../arm-none-eabi/lib/thumb/v7e-m/nofp\libg.a(lib_a-init.o)
                0x00011fb0                __libc_init_array
 .text.__retarget_lock_acquire_recursive
                0x00011ff8        0x4 c:/gcc-arm-none-eabi-10.3-2021.10/bin/../lib/gcc/arm-none-eabi/10.3.1/../../../../arm-none-eabi/lib/thumb/v7e-m/nofp\libg.a(lib_a-lock.o)
                0x00011ff8                __retarget_lock_acquire_recursive
 .text.__retarget_lock_release_recursive
                0x00011ffc        0x4 c:/gcc-arm-none-eabi-10.3-2021.10/bin/../lib/gcc/arm-none-eabi/10.3.1/../../../../arm-none-eabi/lib/thumb/v7e-m/nofp\libg.a(lib_a-lock.o)
                0x00011ffc                __retarget_lock_release_recursive
 .text.malloc   0x00012000       0x10 c:/gcc-arm-none-eabi-10.3-2021.10/bin/../lib/gcc/arm-none-eabi/10.3.1/../../../../arm-none-eabi/lib/thumb/v7e-m/nofp\libg.a(lib_a-malloc.o)
                0x00012000                malloc
 .text._malloc_r
                0x00012010      0x560 c:/gcc-arm-none-eabi-10.3-2021.10/bin/../lib/gcc/arm-none-eabi/10.3.1/../../../../arm-none-eabi/lib/thumb/v7e-m/nofp\libg.a(lib_a-mallocr.o)
                0x00012010                _malloc_r
 .text.__malloc_lock
                0x00012570        0xc c:/gcc-arm-none-eabi-10.3-2021.10/bin/../lib/gcc/arm-none-eabi/10.3.1/../../../../arm-none-eabi/lib/thumb/v7e-m/nofp\libg.a(lib_a-mlock.o)
                0x00012570                __malloc_lock
 .text.__malloc_unlock
                0x0001257c        0xc c:/gcc-arm-none-eabi-10.3-2021.10/bin/../lib/gcc/arm-none-eabi/10.3.1/../../../../arm-none-eabi/lib/thumb/v7e-m/nofp\libg.a(lib_a-mlock.o)
                0x0001257c                __malloc_unlock
 .text._sbrk_r  0x00012588       0x24 c:/gcc-arm-none-eabi-10.3-2021.10/bin/../lib/gcc/arm-none-eabi/10.3.1/../../../../arm-none-eabi/lib/thumb/v7e-m/nofp\libg.a(lib_a-sbrkr.o)
                0x00012588                _sbrk_r
 .text.startup.register_fini
                0x000125ac       0x14 c:/gcc-arm-none-eabi-10.3-2021.10/bin/../lib/gcc/arm-none-eabi/10.3.1/../../../../arm-none-eabi/lib/thumb/v7e-m/nofp\libg.a(lib_a-__call_atexit.o)
 .text.atexit   0x000125c0        0xc c:/gcc-arm-none-eabi-10.3-2021.10/bin/../lib/gcc/arm-none-eabi/10.3.1/../../../../arm-none-eabi/lib/thumb/v7e-m/nofp\libg.a(lib_a-atexit.o)
                0x000125c0                atexit
 .text.__libc_fini_array
                0x000125cc       0x2c c:/gcc-arm-none-eabi-10.3-2021.10/bin/../lib/gcc/arm-none-eabi/10.3.1/../../../../arm-none-eabi/lib/thumb/v7e-m/nofp\libg.a(lib_a-fini.o)
                0x000125cc                __libc_fini_array
 .text._malloc_trim_r
                0x000125f8       0xa0 c:/gcc-arm-none-eabi-10.3-2021.10/bin/../lib/gcc/arm-none-eabi/10.3.1/../../../../arm-none-eabi/lib/thumb/v7e-m/nofp\libg.a(lib_a-freer.o)
                0x000125f8                _malloc_trim_r
 .text._free_r  0x00012698      0x20c c:/gcc-arm-none-eabi-10.3-2021.10/bin/../lib/gcc/arm-none-eabi/10.3.1/../../../../arm-none-eabi/lib/thumb/v7e-m/nofp\libg.a(lib_a-freer.o)
                0x00012698                _free_r
 .text.__register_exitproc
                0x000128a4       0x8c c:/gcc-arm-none-eabi-10.3-2021.10/bin/../lib/gcc/arm-none-eabi/10.3.1/../../../../arm-none-eabi/lib/thumb/v7e-m/nofp\libg.a(lib_a-__atexit.o)
                0x000128a4                __register_exitproc
 .text._sbrk    0x00012930       0x1c c:/gcc-arm-none-eabi-10.3-2021.10/bin/../lib/gcc/arm-none-eabi/10.3.1/../../../../arm-none-eabi/lib/thumb/v7e-m/nofp\libnosys.a(sbrk.o)
                0x00012930                _sbrk
 *(.rodata .rodata.* .constdata .constdata.*)
 .rodata.K60_SDHC0_init
                0x0001294c        0xc Drivers/SDHC.o
                0x0001294c                K60_SDHC0_init
 .rodata._ZL21ESDHC_COMMAND_XFERTYP
                0x00012958      0x100 Drivers/SDHC.o
 .rodata._ZL9GPIOPorts
                0x00012a58       0x20 Libraries/FEHIO.o
 .rodata._ZL10ADCNumbers
                0x00012a78       0x21 Libraries/FEHIO.o
 *fill*         0x00012a99        0x3 
 .rodata._ZL14GPIOPinNumbers
                0x00012a9c       0x80 Libraries/FEHIO.o
 .rodata._ZL16AnalogPinNumbers
                0x00012b1c       0x84 Libraries/FEHIO.o
 .rodata        0x00012ba0       0x78 Libraries/FEHIO.o
 .rodata        0x00012c18       0x32 Libraries/FEHLCD.o
 *fill*         0x00012c4a        0x2 
 .rodata._global_impure_ptr
                0x00012c4c        0x4 c:/gcc-arm-none-eabi-10.3-2021.10/bin/../lib/gcc/arm-none-eabi/10.3.1/../../../../arm-none-eabi/lib/thumb/v7e-m/nofp\libg.a(lib_a-impure.o)
                0x00012c4c                _global_impure_ptr
                0x00012c50                . = ALIGN (0x4)
                0x00012c50                . = ALIGN (0x4)
 *(.init)
 .init          0x00012c50        0x4 c:/gcc-arm-none-eabi-10.3-2021.10/bin/../lib/gcc/arm-none-eabi/10.3.1/thumb/v7e-m/nofp/crti.o
                0x00012c50                _init
 .init          0x00012c54        0x8 c:/gcc-arm-none-eabi-10.3-2021.10/bin/../lib/gcc/arm-none-eabi/10.3.1/thumb/v7e-m/nofp/crtn.o
                0x00012c5c                . = ALIGN (0x4)
                0x00012c5c                __preinit_array_start = .
 *(.preinit_array)
                0x00012c5c                __preinit_array_end = .
                0x00012c5c                . = ALIGN (0x4)
                0x00012c5c                __init_array_start = .
 *(SORT_BY_NAME(.init_array.*))
 .init_array.00000
                0x00012c5c        0x4 c:/gcc-arm-none-eabi-10.3-2021.10/bin/../lib/gcc/arm-none-eabi/10.3.1/../../../../arm-none-eabi/lib/thumb/v7e-m/nofp\libg.a(lib_a-__call_atexit.o)
 *(.init_array)
 .init_array    0x00012c60        0x4 c:/gcc-arm-none-eabi-10.3-2021.10/bin/../lib/gcc/arm-none-eabi/10.3.1/thumb/v7e-m/nofp/crtbegin.o
 .init_array    0x00012c64        0x4 ../main.o
 .init_array    0x00012c68        0x4 FEHProteus.o
 .init_array    0x00012c6c        0x4 Libraries/FEHBuzzer.o
 .init_array    0x00012c70        0x4 Libraries/FEHLCD.o
 .init_array    0x00012c74        0x4 Libraries/FEHAccel.o
 .init_array    0x00012c78        0x4 Libraries/FEHBattery.o
 .init_array    0x00012c7c        0x4 Libraries/FEHRPS.o
 .init_array    0x00012c80        0x4 Libraries/FEHSD.o
 .init_array    0x00012c84        0x4 c:/gcc-arm-none-eabi-10.3-2021.10/bin/../lib/gcc/arm-none-eabi/10.3.1/../../../../arm-none-eabi/lib/thumb/v7e-m/nofp\libstdc++.a(eh_alloc.o)
                0x00012c88                __init_array_end = .
 *(.fini)
 .fini          0x00012c88        0x4 c:/gcc-arm-none-eabi-10.3-2021.10/bin/../lib/gcc/arm-none-eabi/10.3.1/thumb/v7e-m/nofp/crti.o
                0x00012c88                _fini
 .fini          0x00012c8c        0x8 c:/gcc-arm-none-eabi-10.3-2021.10/bin/../lib/gcc/arm-none-eabi/10.3.1/thumb/v7e-m/nofp/crtn.o
                0x00012c94                . = ALIGN (0x4)
 *crtbegin.o(.ctors)
 *(EXCLUDE_FILE(*crtend.o) .ctors)
 *(SORT_BY_NAME(.ctors.*))
 *crtend.o(.ctors)
                0x00012c94                . = ALIGN (0x4)
 *crtbegin.o(.dtors)
 *(EXCLUDE_FILE(*crtend.o) .dtors)
 *(SORT_BY_NAME(.dtors.*))
 *crtend.o(.dtors)
                0x00012c94                . = ALIGN (0x4)

.ARM.extab
 *(.ARM.extab* .gnu.linkonce.armextab.*)
                0x00012c94                __exidx_start = .

.ARM.exidx      0x00012c94        0x8
 *(.ARM.exidx* .gnu.linkonce.armexidx.*)
 .ARM.exidx.text.startup._GLOBAL__sub_I__ZN9__gnu_cxx9__freeresEv
                0x00012c94        0x8 c:/gcc-arm-none-eabi-10.3-2021.10/bin/../lib/gcc/arm-none-eabi/10.3.1/../../../../arm-none-eabi/lib/thumb/v7e-m/nofp\libstdc++.a(eh_alloc.o)
                0x00012c9c                __exidx_end = .
                0x00012c9c                _etext = .

.rel.dyn        0x00012c9c        0x0
 .rel.iplt      0x00012c9c        0x0 c:/gcc-arm-none-eabi-10.3-2021.10/bin/../lib/gcc/arm-none-eabi/10.3.1/thumb/v7e-m/nofp/crtbegin.o

.m_usb_data
 *(m_usb_bdt)

.data_RAM2      0x1fff0000        0x0 load address 0x00012c9c
 FILL mask 0xff
                [!provide]                PROVIDE (__start_data_RAM2 = .)
 *(.ramfunc.$RAM2)
 *(.ramfunc.$SRAM_LOWER)
 *(.EXTRA_RAM)
 *(.data.$RAM2)
 *(.data.$SRAM_LOWER)
 *(.data.$RAM2.*)
 *(.data.$SRAM_LOWER.*)
                0x1fff0000                . = ALIGN (0x4)
                [!provide]                PROVIDE (__end_data_RAM2 = .)

.uninit_RESERVED
                0x20000000        0x0
                0x20000000                . = ALIGN (0x4)
 *(.bss.$RESERVED*)
                0x20000000                . = ALIGN (0x4)
                0x20000000                _end_uninit_RESERVED = .

.data           0x20000000     0x155c load address 0x00012c9c
 FILL mask 0xff
                0x20000000                _data = .
 *(vtable)
 *(.ramfunc*)
 *(CodeQuickAccess)
 *(DataQuickAccess)
 *(RamFunction)
 *(.data*)
 .data._ZL4Stat
                0x20000000        0x1 Drivers/SDHC.o
 *fill*         0x20000001        0x3 ff
 .data.image    0x20000004      0x74e Libraries/FEHLCD.o
                0x20000004                image
 *fill*         0x20000752        0x2 ff
 .data.logo     0x20000754      0x3e6 Libraries/FEHLCD.o
                0x20000754                logo
 *fill*         0x20000b3a        0x2 ff
 .data._ZN6FEHLCD8fontDataE
                0x20000b3c      0x1e0 Libraries/FEHLCD.o
                0x20000b3c                FEHLCD::fontData
 .data._impure_ptr
                0x20000d1c        0x4 c:/gcc-arm-none-eabi-10.3-2021.10/bin/../lib/gcc/arm-none-eabi/10.3.1/../../../../arm-none-eabi/lib/thumb/v7e-m/nofp\libg.a(lib_a-impure.o)
                0x20000d1c                _impure_ptr
 .data.impure_data
                0x20000d20      0x428 c:/gcc-arm-none-eabi-10.3-2021.10/bin/../lib/gcc/arm-none-eabi/10.3.1/../../../../arm-none-eabi/lib/thumb/v7e-m/nofp\libg.a(lib_a-impure.o)
 .data.__malloc_av_
                0x20001148      0x408 c:/gcc-arm-none-eabi-10.3-2021.10/bin/../lib/gcc/arm-none-eabi/10.3.1/../../../../arm-none-eabi/lib/thumb/v7e-m/nofp\libg.a(lib_a-mallocr.o)
                0x20001148                __malloc_av_
 .data.__malloc_sbrk_base
                0x20001550        0x4 c:/gcc-arm-none-eabi-10.3-2021.10/bin/../lib/gcc/arm-none-eabi/10.3.1/../../../../arm-none-eabi/lib/thumb/v7e-m/nofp\libg.a(lib_a-mallocr.o)
                0x20001550                __malloc_sbrk_base
 .data.__malloc_trim_threshold
                0x20001554        0x4 c:/gcc-arm-none-eabi-10.3-2021.10/bin/../lib/gcc/arm-none-eabi/10.3.1/../../../../arm-none-eabi/lib/thumb/v7e-m/nofp\libg.a(lib_a-mallocr.o)
                0x20001554                __malloc_trim_threshold
 .data.__atexit_recursive_mutex
                0x20001558        0x4 c:/gcc-arm-none-eabi-10.3-2021.10/bin/../lib/gcc/arm-none-eabi/10.3.1/../../../../arm-none-eabi/lib/thumb/v7e-m/nofp\libg.a(lib_a-__call_atexit.o)
                0x20001558                __atexit_recursive_mutex
                0x2000155c                . = ALIGN (0x4)
                0x2000155c                _edata = .

.igot.plt       0x2000155c        0x0 load address 0x000141f8
 .igot.plt      0x2000155c        0x0 c:/gcc-arm-none-eabi-10.3-2021.10/bin/../lib/gcc/arm-none-eabi/10.3.1/thumb/v7e-m/nofp/crtbegin.o

.bss_RAM2       0x1fff0000        0x0
                0x1fff0000                . = ALIGN (0x4)
                [!provide]                PROVIDE (__start_bss_RAM2 = .)
 *(.bss.$RAM2)
 *(.bss.$SRAM_LOWER)
 *(.bss.$RAM2.*)
 *(.bss.$SRAM_LOWER.*)
                0x1fff0000                . = ALIGN ((. != 0x0)?0x4:0x1)
                [!provide]                PROVIDE (__end_bss_RAM2 = .)

.bss            0x2000155c      0x464
                0x2000155c                . = ALIGN (0x4)
                0x2000155c                _bss = .
 *(.bss*)
 .bss           0x2000155c       0x1c c:/gcc-arm-none-eabi-10.3-2021.10/bin/../lib/gcc/arm-none-eabi/10.3.1/thumb/v7e-m/nofp/crtbegin.o
 .bss.right_encoder
                0x20001578        0x1 ../main.o
                0x20001578                right_encoder
 *fill*         0x20001579        0x3 
 .bss.left_encoder
                0x2000157c        0x1 ../main.o
                0x2000157c                left_encoder
 *fill*         0x2000157d        0x3 
 .bss.right_motor
                0x20001580        0x8 ../main.o
                0x20001580                right_motor
 .bss.left_motor
                0x20001588        0x8 ../main.o
                0x20001588                left_motor
 .bss.MasterTransmission
                0x20001590        0x1 Drivers/i2c.o
                0x20001590                MasterTransmission
 .bss.SlaveID   0x20001591        0x1 Drivers/i2c.o
                0x20001591                SlaveID
 .bss.timeout   0x20001592        0x1 Drivers/i2c.o
                0x20001592                timeout
 *fill*         0x20001593        0x1 
 .bss.SDHC_Card
                0x20001594       0x14 Drivers/SDHC.o
                0x20001594                SDHC_Card
 .bss.SDHC_Info
                0x200015a8      0x204 Drivers/SDHC.o
                0x200015a8                SDHC_Info
 .bss.SDHC_Device
                0x200017ac        0x8 Drivers/SDHC.o
                0x200017ac                SDHC_Device
 .bss.Propeller
                0x200017b4        0x1 FEHProteus.o
                0x200017b4                Propeller
 *fill*         0x200017b5        0x3 
 .bss.CoreClockKHz
                0x200017b8        0x4 FEHProteus.o
                0x200017b8                CoreClockKHz
 .bss.CoreClockMHz
                0x200017bc        0x4 FEHProteus.o
                0x200017bc                CoreClockMHz
 .bss.PeripheralClockKHz
                0x200017c0        0x4 FEHProteus.o
                0x200017c0                PeripheralClockKHz
 .bss._ZN14AnalogInputPin17Master_Adc_ConfigE
                0x200017c4       0x10 Libraries/FEHIO.o
                0x200017c4                AnalogInputPin::Master_Adc_Config
 .bss._ZN14AnalogInputPin18Encoder_Adc_ConfigE
                0x200017d4       0x10 Libraries/FEHIO.o
                0x200017d4                AnalogInputPin::Encoder_Adc_Config
 .bss.interrupt_counts
                0x200017e4       0x80 Libraries/FEHIO.o
                0x200017e4                interrupt_counts
 .bss._ZN13AnalogEncoder7pinListE
                0x20001864        0x4 Libraries/FEHIO.o
                0x20001864                AnalogEncoder::pinList
 .bss.__interrupt_counter
                0x20001868        0x4 Libraries/FEHIO.o
                0x20001868                __interrupt_counter
 .bss.Buzzer    0x2000186c        0x1 Libraries/FEHBuzzer.o
                0x2000186c                Buzzer
 *fill*         0x2000186d        0x3 
 .bss.LCD       0x20001870       0x44 Libraries/FEHLCD.o
                0x20001870                LCD
 .bss.initialized
                0x200018b4        0x1 Libraries/FEHLCD.o
                0x200018b4                initialized
 *fill*         0x200018b5        0x3 
 .bss.Accel     0x200018b8        0x1 Libraries/FEHAccel.o
                0x200018b8                Accel
 *fill*         0x200018b9        0x3 
 .bss.Battery   0x200018bc        0x1 Libraries/FEHBattery.o
                0x200018bc                Battery
 *fill*         0x200018bd        0x3 
 .bss.XBeeDataProcess
                0x200018c0        0x4 Drivers/FEHXBee.o
                0x200018c0                XBeeDataProcess
 .bss._xbeebuffer
                0x200018c4       0x10 Drivers/FEHXBee.o
                0x200018c4                _xbeebuffer
 .bss._xbeebufferindex
                0x200018d4        0x1 Drivers/FEHXBee.o
                0x200018d4                _xbeebufferindex
 .bss._xbeestate
                0x200018d5        0x1 Drivers/FEHXBee.o
                0x200018d5                _xbeestate
 .bss._xbeebytereceived
                0x200018d6        0x1 Drivers/FEHXBee.o
                0x200018d6                _xbeebytereceived
 .bss._xbeebyte
                0x200018d7        0x1 Drivers/FEHXBee.o
                0x200018d7                _xbeebyte
 .bss.RPS       0x200018d8        0x8 Libraries/FEHRPS.o
                0x200018d8                RPS
 .bss._enabled  0x200018e0        0x1 Libraries/FEHRPS.o
                0x200018e0                _enabled
 *fill*         0x200018e1        0x3 
 .bss._RPS_x    0x200018e4        0x4 Libraries/FEHRPS.o
                0x200018e4                _RPS_x
 .bss._RPS_y    0x200018e8        0x4 Libraries/FEHRPS.o
                0x200018e8                _RPS_y
 .bss._RPS_heading
                0x200018ec        0x4 Libraries/FEHRPS.o
                0x200018ec                _RPS_heading
 .bss._RPS_objective
                0x200018f0        0x4 Libraries/FEHRPS.o
                0x200018f0                _RPS_objective
 .bss._RPS_time
                0x200018f4        0x1 Libraries/FEHRPS.o
                0x200018f4                _RPS_time
 .bss._RPS_stop
                0x200018f5        0x1 Libraries/FEHRPS.o
                0x200018f5                _RPS_stop
 .bss._RPS_foundpacket
                0x200018f6        0x1 Libraries/FEHRPS.o
                0x200018f6                _RPS_foundpacket
 *fill*         0x200018f7        0x1 
 .bss.SD        0x200018f8        0x8 Libraries/FEHSD.o
                0x200018f8                SD
 .bss.f_res     0x20001900        0x1 Libraries/FEHSD.o
                0x20001900                f_res
 *fill*         0x20001901        0x3 
 .bss.filePtrs  0x20001904       0x64 Libraries/FEHSD.o
                0x20001904                filePtrs
 .bss.Random    0x20001968        0x1 Libraries/FEHRandom.o
                0x20001968                Random
 *fill*         0x20001969        0x3 
 .bss._ZN12_GLOBAL__N_114emergency_poolE
                0x2000196c       0x10 c:/gcc-arm-none-eabi-10.3-2021.10/bin/../lib/gcc/arm-none-eabi/10.3.1/../../../../arm-none-eabi/lib/thumb/v7e-m/nofp\libstdc++.a(eh_alloc.o)
 .bss.__lock___atexit_recursive_mutex
                0x2000197c        0x1 c:/gcc-arm-none-eabi-10.3-2021.10/bin/../lib/gcc/arm-none-eabi/10.3.1/../../../../arm-none-eabi/lib/thumb/v7e-m/nofp\libg.a(lib_a-lock.o)
                0x2000197c                __lock___atexit_recursive_mutex
 *fill*         0x2000197d        0x3 
 .bss.__lock___malloc_recursive_mutex
                0x20001980        0x1 c:/gcc-arm-none-eabi-10.3-2021.10/bin/../lib/gcc/arm-none-eabi/10.3.1/../../../../arm-none-eabi/lib/thumb/v7e-m/nofp\libg.a(lib_a-lock.o)
                0x20001980                __lock___malloc_recursive_mutex
 *fill*         0x20001981        0x3 
 .bss.__malloc_current_mallinfo
                0x20001984       0x28 c:/gcc-arm-none-eabi-10.3-2021.10/bin/../lib/gcc/arm-none-eabi/10.3.1/../../../../arm-none-eabi/lib/thumb/v7e-m/nofp\libg.a(lib_a-mallocr.o)
                0x20001984                __malloc_current_mallinfo
 .bss.__malloc_max_sbrked_mem
                0x200019ac        0x4 c:/gcc-arm-none-eabi-10.3-2021.10/bin/../lib/gcc/arm-none-eabi/10.3.1/../../../../arm-none-eabi/lib/thumb/v7e-m/nofp\libg.a(lib_a-mallocr.o)
                0x200019ac                __malloc_max_sbrked_mem
 .bss.__malloc_max_total_mem
                0x200019b0        0x4 c:/gcc-arm-none-eabi-10.3-2021.10/bin/../lib/gcc/arm-none-eabi/10.3.1/../../../../arm-none-eabi/lib/thumb/v7e-m/nofp\libg.a(lib_a-mallocr.o)
                0x200019b0                __malloc_max_total_mem
 .bss.__malloc_top_pad
                0x200019b4        0x4 c:/gcc-arm-none-eabi-10.3-2021.10/bin/../lib/gcc/arm-none-eabi/10.3.1/../../../../arm-none-eabi/lib/thumb/v7e-m/nofp\libg.a(lib_a-mallocr.o)
                0x200019b4                __malloc_top_pad
 .bss.errno     0x200019b8        0x4 c:/gcc-arm-none-eabi-10.3-2021.10/bin/../lib/gcc/arm-none-eabi/10.3.1/../../../../arm-none-eabi/lib/thumb/v7e-m/nofp\libg.a(lib_a-reent.o)
                0x200019b8                errno
 .bss.heap_end.0
                0x200019bc        0x4 c:/gcc-arm-none-eabi-10.3-2021.10/bin/../lib/gcc/arm-none-eabi/10.3.1/../../../../arm-none-eabi/lib/thumb/v7e-m/nofp\libnosys.a(sbrk.o)
 *(COMMON)
                0x200019c0                . = ALIGN (0x4)
                0x200019c0                _ebss = .
                0x200019c0                PROVIDE (end = .)

.noinit_RAM2    0x1fff0000        0x0
                0x1fff0000                . = ALIGN (0x4)
 *(.noinit.$RAM2)
 *(.noinit.$SRAM_LOWER)
 *(.noinit.$RAM2.*)
 *(.noinit.$SRAM_LOWER.*)
                0x1fff0000                . = ALIGN (0x4)

.noinit         0x200019c0        0x0
                0x200019c0                . = ALIGN (0x4)
                0x200019c0                _noinit = .
 *(.noinit*)
                0x200019c0                . = ALIGN (0x4)
                0x200019c0                _end_noinit = .
                0x00001000                _HeapSize = 0x1000

.heap           0x1fff0000     0x1000
                0x1fff0000                _pvHeapStart = .
                0x1fff1000                . = (. + _HeapSize)
 *fill*         0x1fff0000     0x1000 
                0x1fff1000                . = ALIGN (0x4)
                0x1fff1000                _pvHeapLimit = .
                0x00001000                _StackSize = 0x1000

.heap2stackfill
                0x1fff1000     0x1000
                0x1fff2000                . = (. + _StackSize)
 *fill*         0x1fff1000     0x1000 

.stack          0x1ffff000        0x0
                0x1ffff000                _vStackBase = .
                0x1ffff000                . = ALIGN (0x4)
                0x20000000                _vStackTop = (. + _StackSize)
                0x0000c000                _image_start = LOADADDR (.text)
                0x000141f8                _image_end = (LOADADDR (.data) + SIZEOF (.data))
                0x000081f8                _image_size = (_image_end - _image_start)
OUTPUT(../Proteus.elf elf32-littlearm)
LOAD linker stubs

.ARM.attributes
                0x00000000       0x2a
 .ARM.attributes
                0x00000000       0x1e c:/gcc-arm-none-eabi-10.3-2021.10/bin/../lib/gcc/arm-none-eabi/10.3.1/thumb/v7e-m/nofp/crti.o
 .ARM.attributes
                0x0000001e       0x2e c:/gcc-arm-none-eabi-10.3-2021.10/bin/../lib/gcc/arm-none-eabi/10.3.1/thumb/v7e-m/nofp/crtbegin.o
 .ARM.attributes
                0x0000004c       0x2e ../main.o
 .ARM.attributes
                0x0000007a       0x2e Startup/startup_mk60d10.o
 .ARM.attributes
                0x000000a8       0x2e Libraries/FEHMotor.o
 .ARM.attributes
                0x000000d6       0x2e Drivers/i2c.o
 .ARM.attributes
                0x00000104       0x2e Drivers/spi.o
 .ARM.attributes
                0x00000132       0x2e Drivers/uart.o
 .ARM.attributes
                0x00000160       0x2e Drivers/ff.o
 .ARM.attributes
                0x0000018e       0x2e Drivers/SDHC.o
 .ARM.attributes
                0x000001bc       0x2e Drivers/lptmr.o
 .ARM.attributes
                0x000001ea       0x2e FEHProteus.o
 .ARM.attributes
                0x00000218       0x2e Drivers/FEHPropeller.o
 .ARM.attributes
                0x00000246       0x2e Libraries/FEHUtility.o
 .ARM.attributes
                0x00000274       0x2e Libraries/FEHIO.o
 .ARM.attributes
                0x000002a2       0x2e Drivers/adc16.o
 .ARM.attributes
                0x000002d0       0x2e Libraries/FEHBuzzer.o
 .ARM.attributes
                0x000002fe       0x2e Libraries/FEHLCD.o
 .ARM.attributes
                0x0000032c       0x2e Libraries/FEHAccel.o
 .ARM.attributes
                0x0000035a       0x2e Libraries/FEHBattery.o
 .ARM.attributes
                0x00000388       0x2e Drivers/FEHXBee.o
 .ARM.attributes
                0x000003b6       0x2e Libraries/FEHRPS.o
 .ARM.attributes
                0x000003e4       0x2e Libraries/FEHSD.o
 .ARM.attributes
                0x00000412       0x2e Libraries/FEHRandom.o
 .ARM.attributes
                0x00000440       0x2e c:/gcc-arm-none-eabi-10.3-2021.10/bin/../lib/gcc/arm-none-eabi/10.3.1/../../../../arm-none-eabi/lib/thumb/v7e-m/nofp\libstdc++.a(eh_alloc.o)
 .ARM.attributes
                0x0000046e       0x1e c:/gcc-arm-none-eabi-10.3-2021.10/bin/../lib/gcc/arm-none-eabi/10.3.1/thumb/v7e-m/nofp\libgcc.a(_arm_addsubdf3.o)
 .ARM.attributes
                0x0000048c       0x1e c:/gcc-arm-none-eabi-10.3-2021.10/bin/../lib/gcc/arm-none-eabi/10.3.1/thumb/v7e-m/nofp\libgcc.a(_arm_muldivdf3.o)
 .ARM.attributes
                0x000004aa       0x1e c:/gcc-arm-none-eabi-10.3-2021.10/bin/../lib/gcc/arm-none-eabi/10.3.1/thumb/v7e-m/nofp\libgcc.a(_arm_cmpdf2.o)
 .ARM.attributes
                0x000004c8       0x1e c:/gcc-arm-none-eabi-10.3-2021.10/bin/../lib/gcc/arm-none-eabi/10.3.1/thumb/v7e-m/nofp\libgcc.a(_arm_fixdfsi.o)
 .ARM.attributes
                0x000004e6       0x1e c:/gcc-arm-none-eabi-10.3-2021.10/bin/../lib/gcc/arm-none-eabi/10.3.1/thumb/v7e-m/nofp\libgcc.a(_arm_fixunsdfsi.o)
 .ARM.attributes
                0x00000504       0x1e c:/gcc-arm-none-eabi-10.3-2021.10/bin/../lib/gcc/arm-none-eabi/10.3.1/thumb/v7e-m/nofp\libgcc.a(_arm_truncdfsf2.o)
 .ARM.attributes
                0x00000522       0x1e c:/gcc-arm-none-eabi-10.3-2021.10/bin/../lib/gcc/arm-none-eabi/10.3.1/thumb/v7e-m/nofp\libgcc.a(_arm_addsubsf3.o)
 .ARM.attributes
                0x00000540       0x1e c:/gcc-arm-none-eabi-10.3-2021.10/bin/../lib/gcc/arm-none-eabi/10.3.1/thumb/v7e-m/nofp\libgcc.a(_arm_muldivsf3.o)
 .ARM.attributes
                0x0000055e       0x1e c:/gcc-arm-none-eabi-10.3-2021.10/bin/../lib/gcc/arm-none-eabi/10.3.1/thumb/v7e-m/nofp\libgcc.a(_arm_cmpsf2.o)
 .ARM.attributes
                0x0000057c       0x2e c:/gcc-arm-none-eabi-10.3-2021.10/bin/../lib/gcc/arm-none-eabi/10.3.1/../../../../arm-none-eabi/lib/thumb/v7e-m/nofp\libg.a(lib_a-impure.o)
 .ARM.attributes
                0x000005aa       0x2e c:/gcc-arm-none-eabi-10.3-2021.10/bin/../lib/gcc/arm-none-eabi/10.3.1/../../../../arm-none-eabi/lib/thumb/v7e-m/nofp\libg.a(lib_a-init.o)
 .ARM.attributes
                0x000005d8       0x2e c:/gcc-arm-none-eabi-10.3-2021.10/bin/../lib/gcc/arm-none-eabi/10.3.1/../../../../arm-none-eabi/lib/thumb/v7e-m/nofp\libg.a(lib_a-lock.o)
 .ARM.attributes
                0x00000606       0x2e c:/gcc-arm-none-eabi-10.3-2021.10/bin/../lib/gcc/arm-none-eabi/10.3.1/../../../../arm-none-eabi/lib/thumb/v7e-m/nofp\libg.a(lib_a-malloc.o)
 .ARM.attributes
                0x00000634       0x2e c:/gcc-arm-none-eabi-10.3-2021.10/bin/../lib/gcc/arm-none-eabi/10.3.1/../../../../arm-none-eabi/lib/thumb/v7e-m/nofp\libg.a(lib_a-mallocr.o)
 .ARM.attributes
                0x00000662       0x2e c:/gcc-arm-none-eabi-10.3-2021.10/bin/../lib/gcc/arm-none-eabi/10.3.1/../../../../arm-none-eabi/lib/thumb/v7e-m/nofp\libg.a(lib_a-mlock.o)
 .ARM.attributes
                0x00000690       0x2e c:/gcc-arm-none-eabi-10.3-2021.10/bin/../lib/gcc/arm-none-eabi/10.3.1/../../../../arm-none-eabi/lib/thumb/v7e-m/nofp\libg.a(lib_a-sbrkr.o)
 .ARM.attributes
                0x000006be       0x2e c:/gcc-arm-none-eabi-10.3-2021.10/bin/../lib/gcc/arm-none-eabi/10.3.1/../../../../arm-none-eabi/lib/thumb/v7e-m/nofp\libg.a(lib_a-__call_atexit.o)
 .ARM.attributes
                0x000006ec       0x2e c:/gcc-arm-none-eabi-10.3-2021.10/bin/../lib/gcc/arm-none-eabi/10.3.1/../../../../arm-none-eabi/lib/thumb/v7e-m/nofp\libg.a(lib_a-atexit.o)
 .ARM.attributes
                0x0000071a       0x2e c:/gcc-arm-none-eabi-10.3-2021.10/bin/../lib/gcc/arm-none-eabi/10.3.1/../../../../arm-none-eabi/lib/thumb/v7e-m/nofp\libg.a(lib_a-fini.o)
 .ARM.attributes
                0x00000748       0x2e c:/gcc-arm-none-eabi-10.3-2021.10/bin/../lib/gcc/arm-none-eabi/10.3.1/../../../../arm-none-eabi/lib/thumb/v7e-m/nofp\libg.a(lib_a-freer.o)
 .ARM.attributes
                0x00000776       0x2e c:/gcc-arm-none-eabi-10.3-2021.10/bin/../lib/gcc/arm-none-eabi/10.3.1/../../../../arm-none-eabi/lib/thumb/v7e-m/nofp\libg.a(lib_a-reent.o)
 .ARM.attributes
                0x000007a4       0x2e c:/gcc-arm-none-eabi-10.3-2021.10/bin/../lib/gcc/arm-none-eabi/10.3.1/../../../../arm-none-eabi/lib/thumb/v7e-m/nofp\libg.a(lib_a-__atexit.o)
 .ARM.attributes
                0x000007d2       0x2e c:/gcc-arm-none-eabi-10.3-2021.10/bin/../lib/gcc/arm-none-eabi/10.3.1/../../../../arm-none-eabi/lib/thumb/v7e-m/nofp\libnosys.a(sbrk.o)
 .ARM.attributes
                0x00000800       0x1e c:/gcc-arm-none-eabi-10.3-2021.10/bin/../lib/gcc/arm-none-eabi/10.3.1/thumb/v7e-m/nofp/crtn.o

.comment        0x00000000       0x49
 .comment       0x00000000       0x49 ../main.o
                                 0x4a (size before relaxing)
 .comment       0x00000049       0x4a Startup/startup_mk60d10.o
 .comment       0x00000049       0x4a Libraries/FEHMotor.o
 .comment       0x00000049       0x4a Drivers/i2c.o
 .comment       0x00000049       0x4a Drivers/spi.o
 .comment       0x00000049       0x4a Drivers/uart.o
 .comment       0x00000049       0x4a Drivers/ff.o
 .comment       0x00000049       0x4a Drivers/SDHC.o
 .comment       0x00000049       0x4a Drivers/lptmr.o
 .comment       0x00000049       0x4a FEHProteus.o
 .comment       0x00000049       0x4a Drivers/FEHPropeller.o
 .comment       0x00000049       0x4a Libraries/FEHUtility.o
 .comment       0x00000049       0x4a Libraries/FEHIO.o
 .comment       0x00000049       0x4a Drivers/adc16.o
 .comment       0x00000049       0x4a Libraries/FEHBuzzer.o
 .comment       0x00000049       0x4a Libraries/FEHLCD.o
 .comment       0x00000049       0x4a Libraries/FEHAccel.o
 .comment       0x00000049       0x4a Libraries/FEHBattery.o
 .comment       0x00000049       0x4a Drivers/FEHXBee.o
 .comment       0x00000049       0x4a Libraries/FEHRPS.o
 .comment       0x00000049       0x4a Libraries/FEHSD.o
 .comment       0x00000049       0x4a Libraries/FEHRandom.o

.debug_info     0x00000000    0x13906
 .debug_info    0x00000000      0x65d ../main.o
 .debug_info    0x0000065d     0x2e5b Startup/startup_mk60d10.o
 .debug_info    0x000034b8      0x363 Libraries/FEHMotor.o
 .debug_info    0x0000381b      0x2d7 Drivers/i2c.o
 .debug_info    0x00003af2      0x74c Drivers/spi.o
 .debug_info    0x0000423e      0x60f Drivers/uart.o
 .debug_info    0x0000484d     0x1d82 Drivers/ff.o
 .debug_info    0x000065cf      0xfde Drivers/SDHC.o
 .debug_info    0x000075ad      0x33b Drivers/lptmr.o
 .debug_info    0x000078e8      0x1f1 FEHProteus.o
 .debug_info    0x00007ad9      0x7b3 Drivers/FEHPropeller.o
 .debug_info    0x0000828c      0x38c Libraries/FEHUtility.o
 .debug_info    0x00008618     0x1dc1 Libraries/FEHIO.o
 .debug_info    0x0000a3d9      0x51d Drivers/adc16.o
 .debug_info    0x0000a8f6      0xa98 Libraries/FEHBuzzer.o
 .debug_info    0x0000b38e     0x2bcb Libraries/FEHLCD.o
 .debug_info    0x0000df59      0x2cc Libraries/FEHAccel.o
 .debug_info    0x0000e225      0x413 Libraries/FEHBattery.o
 .debug_info    0x0000e638      0xb53 Drivers/FEHXBee.o
 .debug_info    0x0000f18b     0x1f81 Libraries/FEHRPS.o
 .debug_info    0x0001110c     0x1cb9 Libraries/FEHSD.o
 .debug_info    0x00012dc5      0xb41 Libraries/FEHRandom.o

.debug_abbrev   0x00000000     0x3386
 .debug_abbrev  0x00000000      0x227 ../main.o
 .debug_abbrev  0x00000227      0x53d Startup/startup_mk60d10.o
 .debug_abbrev  0x00000764      0x177 Libraries/FEHMotor.o
 .debug_abbrev  0x000008db      0x137 Drivers/i2c.o
 .debug_abbrev  0x00000a12      0x1a9 Drivers/spi.o
 .debug_abbrev  0x00000bbb      0x16e Drivers/uart.o
 .debug_abbrev  0x00000d29      0x1bc Drivers/ff.o
 .debug_abbrev  0x00000ee5      0x27b Drivers/SDHC.o
 .debug_abbrev  0x00001160       0xde Drivers/lptmr.o
 .debug_abbrev  0x0000123e       0xf3 FEHProteus.o
 .debug_abbrev  0x00001331      0x1be Drivers/FEHPropeller.o
 .debug_abbrev  0x000014ef      0x161 Libraries/FEHUtility.o
 .debug_abbrev  0x00001650      0x55d Libraries/FEHIO.o
 .debug_abbrev  0x00001bad      0x135 Drivers/adc16.o
 .debug_abbrev  0x00001ce2      0x220 Libraries/FEHBuzzer.o
 .debug_abbrev  0x00001f02      0x3a3 Libraries/FEHLCD.o
 .debug_abbrev  0x000022a5      0x153 Libraries/FEHAccel.o
 .debug_abbrev  0x000023f8      0x1e4 Libraries/FEHBattery.o
 .debug_abbrev  0x000025dc      0x240 Drivers/FEHXBee.o
 .debug_abbrev  0x0000281c      0x463 Libraries/FEHRPS.o
 .debug_abbrev  0x00002c7f      0x4a2 Libraries/FEHSD.o
 .debug_abbrev  0x00003121      0x265 Libraries/FEHRandom.o

.debug_loc      0x00000000     0x71fd
 .debug_loc     0x00000000      0x198 ../main.o
 .debug_loc     0x00000198     0x12a8 Startup/startup_mk60d10.o
 .debug_loc     0x00001440      0x140 Libraries/FEHMotor.o
 .debug_loc     0x00001580      0x1f8 Drivers/i2c.o
 .debug_loc     0x00001778      0x250 Drivers/spi.o
 .debug_loc     0x000019c8      0x170 Drivers/uart.o
 .debug_loc     0x00001b38      0xf8e Drivers/ff.o
 .debug_loc     0x00002ac6      0x538 Drivers/SDHC.o
 .debug_loc     0x00002ffe       0x5c Drivers/lptmr.o
 .debug_loc     0x0000305a       0x7c FEHProteus.o
 .debug_loc     0x000030d6      0x1a8 Drivers/FEHPropeller.o
 .debug_loc     0x0000327e      0x280 Libraries/FEHUtility.o
 .debug_loc     0x000034fe      0xd56 Libraries/FEHIO.o
 .debug_loc     0x00004254      0x114 Drivers/adc16.o
 .debug_loc     0x00004368      0x448 Libraries/FEHBuzzer.o
 .debug_loc     0x000047b0     0x19d3 Libraries/FEHLCD.o
 .debug_loc     0x00006183      0x20c Libraries/FEHAccel.o
 .debug_loc     0x0000638f      0x11c Libraries/FEHBattery.o
 .debug_loc     0x000064ab      0x2bc Drivers/FEHXBee.o
 .debug_loc     0x00006767      0x5e0 Libraries/FEHRPS.o
 .debug_loc     0x00006d47      0x3ba Libraries/FEHSD.o
 .debug_loc     0x00007101       0xfc Libraries/FEHRandom.o

.debug_aranges  0x00000000      0xea8
 .debug_aranges
                0x00000000       0x48 ../main.o
 .debug_aranges
                0x00000048      0x360 Startup/startup_mk60d10.o
 .debug_aranges
                0x000003a8       0x38 Libraries/FEHMotor.o
 .debug_aranges
                0x000003e0       0x48 Drivers/i2c.o
 .debug_aranges
                0x00000428       0x58 Drivers/spi.o
 .debug_aranges
                0x00000480       0x38 Drivers/uart.o
 .debug_aranges
                0x000004b8      0x198 Drivers/ff.o
 .debug_aranges
                0x00000650       0x98 Drivers/SDHC.o
 .debug_aranges
                0x000006e8       0x20 Drivers/lptmr.o
 .debug_aranges
                0x00000708       0x28 FEHProteus.o
 .debug_aranges
                0x00000730       0x40 Drivers/FEHPropeller.o
 .debug_aranges
                0x00000770       0x58 Libraries/FEHUtility.o
 .debug_aranges
                0x000007c8      0x160 Libraries/FEHIO.o
 .debug_aranges
                0x00000928       0x30 Drivers/adc16.o
 .debug_aranges
                0x00000958       0x88 Libraries/FEHBuzzer.o
 .debug_aranges
                0x000009e0      0x2a0 Libraries/FEHLCD.o
 .debug_aranges
                0x00000c80       0x50 Libraries/FEHAccel.o
 .debug_aranges
                0x00000cd0       0x38 Libraries/FEHBattery.o
 .debug_aranges
                0x00000d08       0x58 Drivers/FEHXBee.o
 .debug_aranges
                0x00000d60       0xa8 Libraries/FEHRPS.o
 .debug_aranges
                0x00000e08       0x70 Libraries/FEHSD.o
 .debug_aranges
                0x00000e78       0x30 Libraries/FEHRandom.o

.debug_macinfo  0x00000000   0x85d7d8
 .debug_macinfo
                0x00000000    0x65326 ../main.o
 .debug_macinfo
                0x00065326    0x6bf52 Startup/startup_mk60d10.o
 .debug_macinfo
                0x000d1278    0x63f77 Libraries/FEHMotor.o
 .debug_macinfo
                0x001351ef    0x64058 Drivers/i2c.o
 .debug_macinfo
                0x00199247    0x63ef1 Drivers/spi.o
 .debug_macinfo
                0x001fd138    0x63ee2 Drivers/uart.o
 .debug_macinfo
                0x0026101a     0x450c Drivers/ff.o
 .debug_macinfo
                0x00265526    0x65446 Drivers/SDHC.o
 .debug_macinfo
                0x002ca96c    0x63f51 Drivers/lptmr.o
 .debug_macinfo
                0x0032e8bd    0x63ef7 FEHProteus.o
 .debug_macinfo
                0x003927b4    0x63fa0 Drivers/FEHPropeller.o
 .debug_macinfo
                0x003f6754    0x63f0c Libraries/FEHUtility.o
 .debug_macinfo
                0x0045a660    0x645b0 Libraries/FEHIO.o
 .debug_macinfo
                0x004bec10    0x64593 Drivers/adc16.o
 .debug_macinfo
                0x005231a3    0x63f39 Libraries/FEHBuzzer.o
 .debug_macinfo
                0x005870dc    0x69483 Libraries/FEHLCD.o
 .debug_macinfo
                0x005f055f    0x64087 Libraries/FEHAccel.o
 .debug_macinfo
                0x006545e6    0x645ba Libraries/FEHBattery.o
 .debug_macinfo
                0x006b8ba0    0x64c78 Drivers/FEHXBee.o
 .debug_macinfo
                0x0071d818    0x6a087 Libraries/FEHRPS.o
 .debug_macinfo
                0x0078789f    0x6c7b0 Libraries/FEHSD.o
 .debug_macinfo
                0x007f404f    0x69789 Libraries/FEHRandom.o

.debug_line     0x00000000     0x9d94
 .debug_line    0x00000000      0x355 ../main.o
 .debug_line    0x00000355      0xf49 Startup/startup_mk60d10.o
 .debug_line    0x0000129e      0x2c1 Libraries/FEHMotor.o
 .debug_line    0x0000155f      0x2ec Drivers/i2c.o
 .debug_line    0x0000184b      0x339 Drivers/spi.o
 .debug_line    0x00001b84      0x298 Drivers/uart.o
 .debug_line    0x00001e1c     0x1d5b Drivers/ff.o
 .debug_line    0x00003b77      0xd9b Drivers/SDHC.o
 .debug_line    0x00004912      0x1fd Drivers/lptmr.o
 .debug_line    0x00004b0f      0x20c FEHProteus.o
 .debug_line    0x00004d1b      0x2b3 Drivers/FEHPropeller.o
 .debug_line    0x00004fce      0x322 Libraries/FEHUtility.o
 .debug_line    0x000052f0      0xc96 Libraries/FEHIO.o
 .debug_line    0x00005f86      0x326 Drivers/adc16.o
 .debug_line    0x000062ac      0x360 Libraries/FEHBuzzer.o
 .debug_line    0x0000660c     0x1796 Libraries/FEHLCD.o
 .debug_line    0x00007da2      0x2fd Libraries/FEHAccel.o
 .debug_line    0x0000809f      0x255 Libraries/FEHBattery.o
 .debug_line    0x000082f4      0x42a Drivers/FEHXBee.o
 .debug_line    0x0000871e      0x9e9 Libraries/FEHRPS.o
 .debug_line    0x00009107      0x808 Libraries/FEHSD.o
 .debug_line    0x0000990f      0x485 Libraries/FEHRandom.o

.debug_str      0x00000000     0x5006
 .debug_str     0x00000000      0x675 ../main.o
                                0x735 (size before relaxing)
 .debug_str     0x00000675     0x1bab Startup/startup_mk60d10.o
                               0x2024 (size before relaxing)
 .debug_str     0x00002220       0x52 Libraries/FEHMotor.o
                                0x3d3 (size before relaxing)
 .debug_str     0x00002272      0x14e Drivers/i2c.o
                                0x2e8 (size before relaxing)
 .debug_str     0x000023c0      0x18b Drivers/spi.o
                                0x476 (size before relaxing)
 .debug_str     0x0000254b      0x188 Drivers/uart.o
                                0x403 (size before relaxing)
 .debug_str     0x000026d3      0x618 Drivers/ff.o
                                0x8c6 (size before relaxing)
 .debug_str     0x00002ceb      0x54b Drivers/SDHC.o
                                0x8e4 (size before relaxing)
 .debug_str     0x00003236       0x5a Drivers/lptmr.o
                                0x2c4 (size before relaxing)
 .debug_str     0x00003290       0x28 FEHProteus.o
                                0x309 (size before relaxing)
 .debug_str     0x000032b8       0x35 Drivers/FEHPropeller.o
                                0x475 (size before relaxing)
 .debug_str     0x000032ed       0xc0 Libraries/FEHUtility.o
                                0x295 (size before relaxing)
 .debug_str     0x000033ad      0xd82 Libraries/FEHIO.o
                               0x169c (size before relaxing)
 .debug_str     0x0000412f       0xd7 Drivers/adc16.o
                                0x358 (size before relaxing)
 .debug_str     0x00004206      0x1de Libraries/FEHBuzzer.o
                                0x478 (size before relaxing)
 .debug_str     0x000043e4      0x38a Libraries/FEHLCD.o
                               0x1101 (size before relaxing)
 .debug_str     0x0000476e       0xad Libraries/FEHAccel.o
                                0x286 (size before relaxing)
 .debug_str     0x0000481b       0xa5 Libraries/FEHBattery.o
                                0x48d (size before relaxing)
 .debug_str     0x000048c0      0x231 Drivers/FEHXBee.o
                                0x633 (size before relaxing)
 .debug_str     0x00004af1      0x424 Libraries/FEHRPS.o
                               0x1904 (size before relaxing)
 .debug_str     0x00004f15       0xbb Libraries/FEHSD.o
                               0x12ae (size before relaxing)
 .debug_str     0x00004fd0       0x36 Libraries/FEHRandom.o
                                0x492 (size before relaxing)

.debug_frame    0x00000000     0x405c
 .debug_frame   0x00000000       0xec ../main.o
 .debug_frame   0x000000ec      0xb88 Startup/startup_mk60d10.o
 .debug_frame   0x00000c74       0xa4 Libraries/FEHMotor.o
 .debug_frame   0x00000d18       0xf0 Drivers/i2c.o
 .debug_frame   0x00000e08      0x124 Drivers/spi.o
 .debug_frame   0x00000f2c       0xb4 Drivers/uart.o
 .debug_frame   0x00000fe0      0x724 Drivers/ff.o
 .debug_frame   0x00001704      0x268 Drivers/SDHC.o
 .debug_frame   0x0000196c       0x38 Drivers/lptmr.o
 .debug_frame   0x000019a4       0x50 FEHProteus.o
 .debug_frame   0x000019f4       0xcc Drivers/FEHPropeller.o
 .debug_frame   0x00001ac0      0x130 Libraries/FEHUtility.o
 .debug_frame   0x00001bf0      0x620 Libraries/FEHIO.o
 .debug_frame   0x00002210       0x88 Drivers/adc16.o
 .debug_frame   0x00002298      0x208 Libraries/FEHBuzzer.o
 .debug_frame   0x000024a0      0xbcc Libraries/FEHLCD.o
 .debug_frame   0x0000306c      0x110 Libraries/FEHAccel.o
 .debug_frame   0x0000317c       0x98 Libraries/FEHBattery.o
 .debug_frame   0x00003214      0x144 Drivers/FEHXBee.o
 .debug_frame   0x00003358      0x2bc Libraries/FEHRPS.o
 .debug_frame   0x00003614      0x1d4 Libraries/FEHSD.o
 .debug_frame   0x000037e8       0x80 Libraries/FEHRandom.o
 .debug_frame   0x00003868       0xd4 c:/gcc-arm-none-eabi-10.3-2021.10/bin/../lib/gcc/arm-none-eabi/10.3.1/../../../../arm-none-eabi/lib/thumb/v7e-m/nofp\libstdc++.a(eh_alloc.o)
 .debug_frame   0x0000393c       0xac c:/gcc-arm-none-eabi-10.3-2021.10/bin/../lib/gcc/arm-none-eabi/10.3.1/thumb/v7e-m/nofp\libgcc.a(_arm_addsubdf3.o)
 .debug_frame   0x000039e8       0x50 c:/gcc-arm-none-eabi-10.3-2021.10/bin/../lib/gcc/arm-none-eabi/10.3.1/thumb/v7e-m/nofp\libgcc.a(_arm_muldivdf3.o)
 .debug_frame   0x00003a38       0xc4 c:/gcc-arm-none-eabi-10.3-2021.10/bin/../lib/gcc/arm-none-eabi/10.3.1/thumb/v7e-m/nofp\libgcc.a(_arm_cmpdf2.o)
 .debug_frame   0x00003afc       0x24 c:/gcc-arm-none-eabi-10.3-2021.10/bin/../lib/gcc/arm-none-eabi/10.3.1/thumb/v7e-m/nofp\libgcc.a(_arm_fixdfsi.o)
 .debug_frame   0x00003b20       0x24 c:/gcc-arm-none-eabi-10.3-2021.10/bin/../lib/gcc/arm-none-eabi/10.3.1/thumb/v7e-m/nofp\libgcc.a(_arm_fixunsdfsi.o)
 .debug_frame   0x00003b44       0x24 c:/gcc-arm-none-eabi-10.3-2021.10/bin/../lib/gcc/arm-none-eabi/10.3.1/thumb/v7e-m/nofp\libgcc.a(_arm_truncdfsf2.o)
 .debug_frame   0x00003b68       0x4c c:/gcc-arm-none-eabi-10.3-2021.10/bin/../lib/gcc/arm-none-eabi/10.3.1/thumb/v7e-m/nofp\libgcc.a(_arm_addsubsf3.o)
 .debug_frame   0x00003bb4       0x38 c:/gcc-arm-none-eabi-10.3-2021.10/bin/../lib/gcc/arm-none-eabi/10.3.1/thumb/v7e-m/nofp\libgcc.a(_arm_muldivsf3.o)
 .debug_frame   0x00003bec       0xc8 c:/gcc-arm-none-eabi-10.3-2021.10/bin/../lib/gcc/arm-none-eabi/10.3.1/thumb/v7e-m/nofp\libgcc.a(_arm_cmpsf2.o)
 .debug_frame   0x00003cb4       0x2c c:/gcc-arm-none-eabi-10.3-2021.10/bin/../lib/gcc/arm-none-eabi/10.3.1/../../../../arm-none-eabi/lib/thumb/v7e-m/nofp\libg.a(lib_a-init.o)
 .debug_frame   0x00003ce0       0xb0 c:/gcc-arm-none-eabi-10.3-2021.10/bin/../lib/gcc/arm-none-eabi/10.3.1/../../../../arm-none-eabi/lib/thumb/v7e-m/nofp\libg.a(lib_a-lock.o)
 .debug_frame   0x00003d90       0x30 c:/gcc-arm-none-eabi-10.3-2021.10/bin/../lib/gcc/arm-none-eabi/10.3.1/../../../../arm-none-eabi/lib/thumb/v7e-m/nofp\libg.a(lib_a-malloc.o)
 .debug_frame   0x00003dc0       0x4c c:/gcc-arm-none-eabi-10.3-2021.10/bin/../lib/gcc/arm-none-eabi/10.3.1/../../../../arm-none-eabi/lib/thumb/v7e-m/nofp\libg.a(lib_a-mallocr.o)
 .debug_frame   0x00003e0c       0x30 c:/gcc-arm-none-eabi-10.3-2021.10/bin/../lib/gcc/arm-none-eabi/10.3.1/../../../../arm-none-eabi/lib/thumb/v7e-m/nofp\libg.a(lib_a-mlock.o)